109.246.54.180 - - [02/Oct/2011:17:41:11 +0100] "GET /wp-content/themes/suffusion/images/calred.png HTTP/1.1" 200 2155 "http://www.napierarchery.org.uk/wp-content/themes/suffusion/skins/light-theme-red/skin.css?ver=3.8.3" "Mozilla/5.0 (Windows; U; Windows NT 5.1; bg; rv:1.9.2.23) Gecko/20110920 Firefox/3.6.23 ( .NET CLR 3.5.30729)"
109.246.54.180 - - [02/Oct/2011:17:41:11 +0100] "GET /wp-content/themes/suffusion/images/icons/bulletred.png HTTP/1.1" 200 370 "http://www.napierarchery.org.uk/wp-content/themes/suffusion/skins/light-theme-red/skin.css?ver=3.8.3" "Mozilla/5.0 (Windows; U; Windows NT 5.1; bg; rv:1.9.2.23) Gecko/20110920 Firefox/3.6.23 ( .NET CLR 3.5.30729)"
109.246.54.180 - - [02/Oct/2011:17:41:11 +0100] "GET /wp-content/themes/suffusion/images/arrows.gif HTTP/1.1" 200 1244 "http://www.napierarchery.org.uk/wp-content/themes/suffusion/style.css?ver=3.8.3" "Mozilla/5.0 (Windows; U; Windows NT 5.1; bg; rv:1.9.2.23) Gecko/20110920 Firefox/3.6.23 ( .NET CLR 3.5.30729)"
109.246.54.180 - - [02/Oct/2011:17:41:11 +0100] "GET /wp-content/themes/suffusion/images/bg-red.png HTTP/1.1" 200 338 "http://www.napierarchery.org.uk/wp-content/themes/suffusion/skins/light-theme-red/skin.css?ver=3.8.3" "Mozilla/5.0 (Windows; U; Windows NT 5.1; bg; rv:1.9.2.23) Gecko/20110920 Firefox/3.6.23 ( .NET CLR 3.5.30729)"
109.246.54.180 - - [02/Oct/2011:17:41:11 +0100] "GET /resources/NUACfav.png HTTP/1.1" 200 10132 "-" "Mozilla/5.0 (Windows; U; Windows NT 5.1; bg; rv:1.9.2.23) Gecko/20110920 Firefox/3.6.23 ( .NET CLR 3.5.30729)"
109.246.54.180 - - [02/Oct/2011:17:42:14 +0100] "GET /join-us HTTP/1.1" 200 18855 "http://www.napierarchery.org.uk/" "Mozilla/5.0 (Windows; U; Windows NT 5.1; bg; rv:1.9.2.23) Gecko/20110920 Firefox/3.6.23 ( .NET CLR 3.5.30729)"
109.246.54.180 - - [02/Oct/2011:17:42:15 +0100] "GET /wp-content/themes/suffusion/style.css?ver=3.8.3 HTTP/1.1" 304 - "http://www.napierarchery.org.uk/join-us" "Mozilla/5.0 (Windows; U; Windows NT 5.1; bg; rv:1.9.2.23) Gecko/20110920 Firefox/3.6.23 ( .NET CLR 3.5.30729)"
109.246.54.180 - - [02/Oct/2011:17:42:15 +0100] "GET /wp-content/themes/suffusion/skins/light-theme-red/skin.css?ver=3.8.3 HTTP/1.1" 304 - "http://www.napierarchery.org.uk/join-us" "Mozilla/5.0 (Windows; U; Windows NT 5.1; bg; rv:1.9.2.23) Gecko/20110920 Firefox/3.6.23 ( .NET CLR 3.5.30729)"
109.246.54.180 - - [02/Oct/2011:17:42:15 +0100] "GET /wp-content/themes/suffusion/rounded-corners.css?ver=3.8.3 HTTP/1.1" 304 - "http://www.napierarchery.org.uk/join-us" "Mozilla/5.0 (Windows; U; Windows NT 5.1; bg; rv:1.9.2.23) Gecko/20110920 Firefox/3.6.23 ( .NET CLR 3.5.30729)"
109.246.54.180 - - [02/Oct/2011:17:42:15 +0100] "GET /wp-includes/js/l10n.js?ver=20101110 HTTP/1.1" 304 - "http://www.napierarchery.org.uk/join-us" "Mozilla/5.0 (Windows; U; Windows NT 5.1; bg; rv:1.9.2.23) Gecko/20110920 Firefox/3.6.23 ( .NET CLR 3.5.30729)"
109.246.54.180 - - [02/Oct/2011:17:42:15 +0100] "GET /?ver=3.8.3&suffusion-css=css HTTP/1.1" 200 26308 "http://www.napierarchery.org.uk/join-us" "Mozilla/5.0 (Windows; U; Windows NT 5.1; bg; rv:1.9.2.23) Gecko/20110920 Firefox/3.6.23 ( .NET CLR 3.5.30729)"
109.246.54.180 - - [02/Oct/2011:17:42:15 +0100] "GET /wp-includes/js/comment-reply.js?ver=20090102 HTTP/1.1" 200 786 "http://www.napierarchery.org.uk/join-us" "Mozilla/5.0 (Windows; U; Windows NT 5.1; bg; rv:1.9.2.23) Gecko/20110920 Firefox/3.6.23 ( .NET CLR 3.5.30729)"
109.246.54.180 - - [02/Oct/2011:17:42:16 +0100] "GET /wp-includes/js/jquery/jquery.js?ver=1.6.1 HTTP/1.1" 304 - "http://www.napierarchery.org.uk/join-us" "Mozilla/5.0 (Windows; U; Windows NT 5.1; bg; rv:1.9.2.23) Gecko/20110920 Firefox/3.6.23 ( .NET CLR 3.5.30729)"
109.246.54.180 - - [02/Oct/2011:17:42:18 +0100] "GET /wp-content/themes/suffusion/scripts/suffusion.js?ver=3.8.3 HTTP/1.1" 304 - "http://www.napierarchery.org.uk/join-us" "Mozilla/5.0 (Windows; U; Windows NT 5.1; bg; rv:1.9.2.23) Gecko/20110920 Firefox/3.6.23 ( .NET CLR 3.5.30729)"
109.246.54.180 - - [02/Oct/2011:17:42:27 +0100] "GET /club-records HTTP/1.1" 200 20263 "http://www.napierarchery.org.uk/join-us" "Mozilla/5.0 (Windows; U; Windows NT 5.1; bg; rv:1.9.2.23) Gecko/20110920 Firefox/3.6.23 ( .NET CLR 3.5.30729)"
66.249.72.49 - - [02/Oct/2011:18:06:57 +0100] "GET /documents/novice_competition_guide.pdf HTTP/1.1" 404 14816 "-" "Mozilla/5.0 (compatible; Googlebot/2.1; +http://www.google.com/bot.html)"
87.114.238.228 - - [02/Oct/2011:18:18:29 +0100] "GET /results/2005_02_26_BUSA_IC.xls HTTP/1.1" 404 14816 "http://pipl.com/directory/people/Nathan/Barrick" "Mozilla/5.0 (Windows NT 6.1; WOW64; rv:7.0.1) Gecko/20100101 Firefox/7.0.1"
87.114.238.228 - - [02/Oct/2011:18:18:29 +0100] "GET /wp-content/themes/suffusion/skins/light-theme-red/skin.css?ver=3.8.3 HTTP/1.1" 200 10167 "http://www.napierarchery.org.uk/results/2005_02_26_BUSA_IC.xls" "Mozilla/5.0 (Windows NT 6.1; WOW64; rv:7.0.1) Gecko/20100101 Firefox/7.0.1"
87.114.238.228 - - [02/Oct/2011:18:18:29 +0100] "GET /wp-content/themes/suffusion/rounded-corners.css?ver=3.8.3 HTTP/1.1" 200 6025 "http://www.napierarchery.org.uk/results/2005_02_26_BUSA_IC.xls" "Mozilla/5.0 (Windows NT 6.1; WOW64; rv:7.0.1) Gecko/20100101 Firefox/7.0.1"
87.114.238.228 - - [02/Oct/2011:18:18:29 +0100] "GET /resources/NUACfav.png HTTP/1.1" 200 10132 "-" "Mozilla/5.0 (Windows NT 6.1; WOW64; rv:7.0.1) Gecko/20100101 Firefox/7.0.1"
87.114.238.228 - - [02/Oct/2011:18:18:29 +0100] "GET /wp-content/themes/suffusion/style.css?ver=3.8.3 HTTP/1.1" 200 63146 "http://www.napierarchery.org.uk/results/2005_02_26_BUSA_IC.xls" "Mozilla/5.0 (Windows NT 6.1; WOW64; rv:7.0.1) Gecko/20100101 Firefox/7.0.1"
87.114.238.228 - - [02/Oct/2011:18:18:29 +0100] "GET /?ver=3.8.3&suffusion-css=css HTTP/1.1" 200 26308 "http://www.napierarchery.org.uk/results/2005_02_26_BUSA_IC.xls" "Mozilla/5.0 (Windows NT 6.1; WOW64; rv:7.0.1) Gecko/20100101 Firefox/7.0.1"
87.114.238.228 - - [02/Oct/2011:18:18:29 +0100] "GET /wp-content/themes/suffusion/images/search-button-red.png HTTP/1.1" 200 762 "http://www.napierarchery.org.uk/wp-content/themes/suffusion/skins/light-theme-red/skin.css?ver=3.8.3" "Mozilla/5.0 (Windows NT 6.1; WOW64; rv:7.0.1) Gecko/20100101 Firefox/7.0.1"
87.114.238.228 - - [02/Oct/2011:18:18:29 +0100] "GET /wp-content/themes/suffusion/images/icons/bulletred.png HTTP/1.1" 200 370 "http://www.napierarchery.org.uk/wp-content/themes/suffusion/skins/light-theme-red/skin.css?ver=3.8.3" "Mozilla/5.0 (Windows NT 6.1; WOW64; rv:7.0.1) Gecko/20100101 Firefox/7.0.1"
95.108.158.236 - - [02/Oct/2011:18:49:08 +0100] "GET /robots.txt HTTP/1.1" 200 24 "-" "Mozilla/5.0 (compatible; YandexImages/3.0; +http://yandex.com/bots)"
72.14.199.107 - - [02/Oct/2011:18:52:19 +0100] "GET /feed HTTP/1.1" 200 18088 "-" "Feedfetcher-Google; (+http://www.google.com/feedfetcher.html; 1 subscribers; feed-id=16713175292228938239)"
206.253.224.23 - - [02/Oct/2011:18:54:03 +0100] "GET / HTTP/1.1" 301 - "-" "Mozilla/5.0 (compatible; oBot/2.3.1; +http://filterdb.iss.net/crawler/)"
206.253.224.23 - - [02/Oct/2011:18:54:03 +0100] "GET / HTTP/1.1" 200 33422 "-" "Mozilla/5.0 (compatible; oBot/2.3.1; +http://filterdb.iss.net/crawler/)"
206.253.224.23 - - [02/Oct/2011:18:54:04 +0100] "GET / HTTP/1.1" 200 33422 "-" "Mozilla/5.0 (compatible; oBot/2.3.1; +http://filterdb.iss.net/crawler/)"
67.195.37.186 - - [02/Oct/2011:18:58:13 +0100] "GET /gallery.php HTTP/1.0" 404 14816 "-" "Mozilla/5.0 (compatible; Yahoo! Slurp; http://help.yahoo.com/help/us/ysearch/slurp)"
67.195.37.186 - - [02/Oct/2011:18:58:14 +0100] "GET /?ver=3.8.3&suffusion-css=css HTTP/1.0" 200 26308 "http://www.napierarchery.org.uk/gallery.php" "Mozilla/5.0 (compatible; Yahoo! Slurp; http://help.yahoo.com/help/us/ysearch/slurp)"
109.246.54.46 - - [02/Oct/2011:19:04:24 +0100] "GET / HTTP/1.1" 200 33557 "-" "Mozilla/4.0 (compatible; MSIE 6.0; Windows NT 5.1; SV1)"
109.246.54.46 - - [02/Oct/2011:19:04:24 +0100] "GET /wp-content/themes/suffusion/style.css?ver=3.8.3 HTTP/1.1" 304 - "http://www.napierarchery.org.uk/" "Mozilla/4.0 (compatible; MSIE 6.0; Windows NT 5.1; SV1)"
109.246.54.46 - - [02/Oct/2011:19:04:24 +0100] "GET /wp-content/themes/suffusion/skins/light-theme-red/skin.css?ver=3.8.3 HTTP/1.1" 304 - "http://www.napierarchery.org.uk/" "Mozilla/4.0 (compatible; MSIE 6.0; Windows NT 5.1; SV1)"
109.246.54.46 - - [02/Oct/2011:19:04:24 +0100] "GET /wp-content/themes/suffusion/ie-fix.css?ver=3.8.3 HTTP/1.1" 304 - "http://www.napierarchery.org.uk/" "Mozilla/4.0 (compatible; MSIE 6.0; Windows NT 5.1; SV1)"
109.246.54.46 - - [02/Oct/2011:19:04:27 +0100] "GET /wp-includes/js/l10n.js?ver=20101110 HTTP/1.1" 304 - "http://www.napierarchery.org.uk/" "Mozilla/4.0 (compatible; MSIE 6.0; Windows NT 5.1; SV1)"
109.246.54.46 - - [02/Oct/2011:19:04:27 +0100] "GET /?ver=3.8.3&suffusion-css=css HTTP/1.1" 200 26308 "http://www.napierarchery.org.uk/" "Mozilla/4.0 (compatible; MSIE 6.0; Windows NT 5.1; SV1)"
109.246.54.46 - - [02/Oct/2011:19:04:30 +0100] "GET /wp-includes/js/jquery/jquery.js?ver=1.6.1 HTTP/1.1" 304 - "http://www.napierarchery.org.uk/" "Mozilla/4.0 (compatible; MSIE 6.0; Windows NT 5.1; SV1)"
109.246.54.46 - - [02/Oct/2011:19:04:33 +0100] "GET /wp-content/themes/suffusion/scripts/suffusion.js?ver=3.8.3 HTTP/1.1" 304 - "http://www.napierarchery.org.uk/" "Mozilla/4.0 (compatible; MSIE 6.0; Windows NT 5.1; SV1)"
109.246.54.46 - - [02/Oct/2011:19:04:35 +0100] "GET /wp-content/themes/suffusion/scripts/ie-fix.js?ver=3.8.3 HTTP/1.1" 304 - "http://www.napierarchery.org.uk/" "Mozilla/4.0 (compatible; MSIE 6.0; Windows NT 5.1; SV1)"
109.246.54.46 - - [02/Oct/2011:19:04:39 +0100] "GET /wp-content/uploads/2011/08/napierarchery_logo.png HTTP/1.1" 304 - "http://www.napierarchery.org.uk/" "Mozilla/4.0 (compatible; MSIE 6.0; Windows NT 5.1; SV1)"
109.246.54.46 - - [02/Oct/2011:19:04:39 +0100] "GET /wp-content/themes/suffusion/images/iconset-0.png HTTP/1.1" 304 - "http://www.napierarchery.org.uk/" "Mozilla/4.0 (compatible; MSIE 6.0; Windows NT 5.1; SV1)"
109.246.54.46 - - [02/Oct/2011:19:04:39 +0100] "GET /wp-content/themes/suffusion/images/icons/bulletred.png HTTP/1.1" 304 - "-" "Mozilla/4.0 (compatible; MSIE 6.0; Windows NT 5.1; SV1)"
109.246.54.46 - - [02/Oct/2011:19:04:39 +0100] "GET /wp-content/themes/suffusion/images/calred.png HTTP/1.1" 304 - "http://www.napierarchery.org.uk/" "Mozilla/4.0 (compatible; MSIE 6.0; Windows NT 5.1; SV1)"
109.246.54.46 - - [02/Oct/2011:19:04:40 +0100] "GET /wp-content/themes/suffusion/images/search-button-red.gif HTTP/1.1" 304 - "http://www.napierarchery.org.uk/" "Mozilla/4.0 (compatible; MSIE 6.0; Windows NT 5.1; SV1)"
109.246.54.46 - - [02/Oct/2011:19:04:40 +0100] "GET /wp-content/themes/suffusion/images/icons/bulletred.png HTTP/1.1" 304 - "http://www.napierarchery.org.uk/" "Mozilla/4.0 (compatible; MSIE 6.0; Windows NT 5.1; SV1)"
109.246.54.46 - - [02/Oct/2011:19:04:40 +0100] "GET /wp-content/themes/suffusion/images/calred.png HTTP/1.1" 304 - "http://www.napierarchery.org.uk/" "Mozilla/4.0 (compatible; MSIE 6.0; Windows NT 5.1; SV1)"
109.246.54.46 - - [02/Oct/2011:19:04:40 +0100] "GET /wp-content/themes/suffusion/images/calred.png HTTP/1.1" 304 - "http://www.napierarchery.org.uk/" "Mozilla/4.0 (compatible; MSIE 6.0; Windows NT 5.1; SV1)"
109.246.54.46 - - [02/Oct/2011:19:04:40 +0100] "GET /wp-content/themes/suffusion/images/bg-red.png HTTP/1.1" 304 - "http://www.napierarchery.org.uk/" "Mozilla/4.0 (compatible; MSIE 6.0; Windows NT 5.1; SV1)"
109.246.54.46 - - [02/Oct/2011:19:04:41 +0100] "GET /wp-content/themes/suffusion/images/calred.png HTTP/1.1" 304 - "-" "Mozilla/4.0 (compatible; MSIE 6.0; Windows NT 5.1; SV1)"
109.246.54.46 - - [02/Oct/2011:19:04:41 +0100] "GET /wp-content/uploads/2011/08/napierarchery_logo.png HTTP/1.1" 304 - "-" "Mozilla/4.0 (compatible; MSIE 6.0; Windows NT 5.1; SV1)"
109.246.54.46 - - [02/Oct/2011:19:05:39 +0100] "GET / HTTP/1.1" 200 33557 "-" "Mozilla/4.0 (compatible; MSIE 6.0; Windows NT 5.1; SV1)"
109.246.54.46 - - [02/Oct/2011:19:05:43 +0100] "GET /wp-content/themes/suffusion/style.css?ver=3.8.3 HTTP/1.1" 304 - "http://www.napierarchery.org.uk/" "Mozilla/4.0 (compatible; MSIE 6.0; Windows NT 5.1; SV1)"
66.249.72.49 - - [02/Oct/2011:19:19:52 +0100] "GET /226/sessions-in-week-2?utm_source=rss&utm_medium=rss&utm_campaign=sessions-in-week-2 HTTP/1.1" 200 16698 "-" "Mozilla/5.0 (compatible; Googlebot/2.1; +http://www.google.com/bot.html)"
95.108.158.236 - - [02/Oct/2011:19:24:33 +0100] "GET /gallery/33.jpg HTTP/1.1" 404 14816 "-" "Mozilla/5.0 (compatible; YandexImages/3.0; +http://yandex.com/bots)"
65.52.109.194 - - [02/Oct/2011:19:26:49 +0100] "GET /robots.txt HTTP/1.1" 200 24 "-" "Mozilla/5.0 (compatible; bingbot/2.0; +http://www.bing.com/bingbot.htm)"
65.52.109.194 - - [02/Oct/2011:19:27:21 +0100] "GET /calendars HTTP/1.1" 200 16878 "-" "Mozilla/5.0 (compatible; bingbot/2.0; +http://www.bing.com/bingbot.htm)"
65.52.109.194 - - [02/Oct/2011:19:27:21 +0100] "GET / HTTP/1.1" 200 33422 "-" "Mozilla/5.0 (compatible; bingbot/2.0; +http://www.bing.com/bingbot.htm)"
180.76.5.144 - - [02/Oct/2011:19:31:46 +0100] "GET /joinus.php HTTP/1.1" 404 14325 "-" "Mozilla/5.0 (compatible; Baiduspider/2.0; +http://www.baidu.com/search/spider.html)"
95.108.158.236 - - [02/Oct/2011:20:01:38 +0100] "GET /images/goldbars.jpg HTTP/1.1" 404 14816 "-" "Mozilla/5.0 (compatible; YandexImages/3.0; +http://yandex.com/bots)"
92.238.136.196 - - [02/Oct/2011:20:22:31 +0100] "GET / HTTP/1.1" 200 33422 "-" "Mozilla/5.0 (Windows NT 6.1; WOW64; rv:7.0.1) Gecko/20100101 Firefox/7.0.1"
92.238.136.196 - - [02/Oct/2011:20:22:32 +0100] "GET /wp-includes/js/jquery/jquery.js?ver=1.6.1 HTTP/1.1" 304 - "http://www.napierarchery.org.uk/" "Mozilla/5.0 (Windows NT 6.1; WOW64; rv:7.0.1) Gecko/20100101 Firefox/7.0.1"
92.238.136.196 - - [02/Oct/2011:20:22:32 +0100] "GET /wp-content/themes/suffusion/style.css?ver=3.8.3 HTTP/1.1" 304 - "http://www.napierarchery.org.uk/" "Mozilla/5.0 (Windows NT 6.1; WOW64; rv:7.0.1) Gecko/20100101 Firefox/7.0.1"
92.238.136.196 - - [02/Oct/2011:20:22:32 +0100] "GET /wp-content/themes/suffusion/skins/light-theme-red/skin.css?ver=3.8.3 HTTP/1.1" 304 - "http://www.napierarchery.org.uk/" "Mozilla/5.0 (Windows NT 6.1; WOW64; rv:7.0.1) Gecko/20100101 Firefox/7.0.1"
92.238.136.196 - - [02/Oct/2011:20:22:32 +0100] "GET /wp-content/themes/suffusion/rounded-corners.css?ver=3.8.3 HTTP/1.1" 304 - "http://www.napierarchery.org.uk/" "Mozilla/5.0 (Windows NT 6.1; WOW64; rv:7.0.1) Gecko/20100101 Firefox/7.0.1"
92.238.136.196 - - [02/Oct/2011:20:22:32 +0100] "GET /wp-includes/js/l10n.js?ver=20101110 HTTP/1.1" 304 - "http://www.napierarchery.org.uk/" "Mozilla/5.0 (Windows NT 6.1; WOW64; rv:7.0.1) Gecko/20100101 Firefox/7.0.1"
92.238.136.196 - - [02/Oct/2011:20:22:32 +0100] "GET /wp-content/themes/suffusion/scripts/suffusion.js?ver=3.8.3 HTTP/1.1" 304 - "http://www.napierarchery.org.uk/" "Mozilla/5.0 (Windows NT 6.1; WOW64; rv:7.0.1) Gecko/20100101 Firefox/7.0.1"
92.238.136.196 - - [02/Oct/2011:20:22:32 +0100] "GET /?ver=3.8.3&suffusion-css=css HTTP/1.1" 200 26308 "http://www.napierarchery.org.uk/" "Mozilla/5.0 (Windows NT 6.1; WOW64; rv:7.0.1) Gecko/20100101 Firefox/7.0.1"
92.238.136.196 - - [02/Oct/2011:20:22:38 +0100] "GET / HTTP/1.1" 200 33422 "-" "Mozilla/5.0 (Windows NT 6.1; WOW64; rv:7.0.1) Gecko/20100101 Firefox/7.0.1"
92.238.136.196 - - [02/Oct/2011:20:22:38 +0100] "GET /wp-content/themes/suffusion/style.css?ver=3.8.3 HTTP/1.1" 304 - "http://www.napierarchery.org.uk/" "Mozilla/5.0 (Windows NT 6.1; WOW64; rv:7.0.1) Gecko/20100101 Firefox/7.0.1"
92.238.136.196 - - [02/Oct/2011:20:22:38 +0100] "GET /wp-content/themes/suffusion/skins/light-theme-red/skin.css?ver=3.8.3 HTTP/1.1" 304 - "http://www.napierarchery.org.uk/" "Mozilla/5.0 (Windows NT 6.1; WOW64; rv:7.0.1) Gecko/20100101 Firefox/7.0.1"
92.238.136.196 - - [02/Oct/2011:20:22:38 +0100] "GET /wp-content/themes/suffusion/rounded-corners.css?ver=3.8.3 HTTP/1.1" 304 - "http://www.napierarchery.org.uk/" "Mozilla/5.0 (Windows NT 6.1; WOW64; rv:7.0.1) Gecko/20100101 Firefox/7.0.1"
92.238.136.196 - - [02/Oct/2011:20:22:38 +0100] "GET /wp-includes/js/jquery/jquery.js?ver=1.6.1 HTTP/1.1" 304 - "http://www.napierarchery.org.uk/" "Mozilla/5.0 (Windows NT 6.1; WOW64; rv:7.0.1) Gecko/20100101 Firefox/7.0.1"
92.238.136.196 - - [02/Oct/2011:20:22:38 +0100] "GET /wp-content/themes/suffusion/scripts/suffusion.js?ver=3.8.3 HTTP/1.1" 304 - "http://www.napierarchery.org.uk/" "Mozilla/5.0 (Windows NT 6.1; WOW64; rv:7.0.1) Gecko/20100101 Firefox/7.0.1"
92.238.136.196 - - [02/Oct/2011:20:22:38 +0100] "GET /wp-includes/js/l10n.js?ver=20101110 HTTP/1.1" 304 - "http://www.napierarchery.org.uk/" "Mozilla/5.0 (Windows NT 6.1; WOW64; rv:7.0.1) Gecko/20100101 Firefox/7.0.1"
92.238.136.196 - - [02/Oct/2011:20:22:38 +0100] "GET /?ver=3.8.3&suffusion-css=css HTTP/1.1" 200 26308 "http://www.napierarchery.org.uk/" "Mozilla/5.0 (Windows NT 6.1; WOW64; rv:7.0.1) Gecko/20100101 Firefox/7.0.1"
202.160.179.49 - - [02/Oct/2011:20:25:12 +0100] "GET /robots.txt HTTP/1.0" 200 24 "-" "Mozilla/5.0 (compatible; Yahoo! Slurp China; http://misc.yahoo.com.cn/help.html)"
202.160.178.204 - - [02/Oct/2011:20:26:12 +0100] "GET / HTTP/1.0" 200 33422 "-" "Mozilla/5.0 (compatible; Yahoo! Slurp China; http://misc.yahoo.com.cn/help.html)"
95.108.158.236 - - [02/Oct/2011:20:41:51 +0100] "GET /gallery/thumbs/64.jpg HTTP/1.1" 404 14816 "-" "Mozilla/5.0 (compatible; YandexImages/3.0; +http://yandex.com/bots)"
67.195.37.186 - - [02/Oct/2011:20:41:53 +0100] "GET /author/admin HTTP/1.0" 200 24515 "-" "Mozilla/5.0 (compatible; Yahoo! Slurp; http://help.yahoo.com/help/us/ysearch/slurp)"
67.195.37.186 - - [02/Oct/2011:20:41:54 +0100] "GET /wp-content/themes/suffusion/style.css?ver=3.8.3 HTTP/1.0" 304 - "http://www.napierarchery.org.uk/author/admin" "Mozilla/5.0 (compatible; Yahoo! Slurp; http://help.yahoo.com/help/us/ysearch/slurp)"
67.195.37.186 - - [02/Oct/2011:20:41:55 +0100] "GET /wp-content/themes/suffusion/skins/light-theme-red/skin.css?ver=3.8.3 HTTP/1.0" 304 - "http://www.napierarchery.org.uk/author/admin" "Mozilla/5.0 (compatible; Yahoo! Slurp; http://help.yahoo.com/help/us/ysearch/slurp)"
67.195.37.186 - - [02/Oct/2011:20:41:56 +0100] "GET /wp-content/themes/suffusion/rounded-corners.css?ver=3.8.3 HTTP/1.0" 304 - "http://www.napierarchery.org.uk/author/admin" "Mozilla/5.0 (compatible; Yahoo! Slurp; http://help.yahoo.com/help/us/ysearch/slurp)"
95.108.158.236 - - [02/Oct/2011:21:21:13 +0100] "GET /gallery/132.jpg HTTP/1.1" 404 14816 "-" "Mozilla/5.0 (compatible; YandexImages/3.0; +http://yandex.com/bots)"
70.166.22.210 - - [02/Oct/2011:21:22:40 +0100] "GET / HTTP/1.1" 200 33422 "http://www.ubound.info/Top/Reference/Education/Colleges_and_Universities/Europe/United_Kingdom/Scotland/Edinburgh_Napier_University" "Mozilla/5.0 (compatible; MSIE 9.0; Windows NT 6.1; Trident/5.0)"
94.175.91.75 - - [02/Oct/2011:21:36:46 +0100] "GET /feed HTTP/1.1" 304 - "-" "Mozilla/5.0 (Windows NT 6.1; WOW64; rv:7.0.1) Gecko/20110929 Thunderbird/7.0.1"
86.179.27.65 - - [02/Oct/2011:21:44:36 +0100] "GET /join-us HTTP/1.1" 200 18855 "-" "Mozilla/5.0 (Windows NT 6.0; rv:7.0.1) Gecko/20100101 Firefox/7.0.1"
86.179.27.65 - - [02/Oct/2011:21:44:37 +0100] "GET /wp-content/themes/suffusion/style.css?ver=3.8.3 HTTP/1.1" 304 - "http://www.napierarchery.org.uk/join-us" "Mozilla/5.0 (Windows NT 6.0; rv:7.0.1) Gecko/20100101 Firefox/7.0.1"
86.179.27.65 - - [02/Oct/2011:21:44:37 +0100] "GET /wp-content/themes/suffusion/skins/light-theme-red/skin.css?ver=3.8.3 HTTP/1.1" 304 - "http://www.napierarchery.org.uk/join-us" "Mozilla/5.0 (Windows NT 6.0; rv:7.0.1) Gecko/20100101 Firefox/7.0.1"
86.179.27.65 - - [02/Oct/2011:21:44:37 +0100] "GET /wp-content/themes/suffusion/rounded-corners.css?ver=3.8.3 HTTP/1.1" 304 - "http://www.napierarchery.org.uk/join-us" "Mozilla/5.0 (Windows NT 6.0; rv:7.0.1) Gecko/20100101 Firefox/7.0.1"
86.179.27.65 - - [02/Oct/2011:21:44:37 +0100] "GET /wp-includes/js/l10n.js?ver=20101110 HTTP/1.1" 304 - "http://www.napierarchery.org.uk/join-us" "Mozilla/5.0 (Windows NT 6.0; rv:7.0.1) Gecko/20100101 Firefox/7.0.1"
86.179.27.65 - - [02/Oct/2011:21:44:37 +0100] "GET /wp-includes/js/comment-reply.js?ver=20090102 HTTP/1.1" 304 - "http://www.napierarchery.org.uk/join-us" "Mozilla/5.0 (Windows NT 6.0; rv:7.0.1) Gecko/20100101 Firefox/7.0.1"
86.179.27.65 - - [02/Oct/2011:21:44:37 +0100] "GET /wp-includes/js/jquery/jquery.js?ver=1.6.1 HTTP/1.1" 304 - "http://www.napierarchery.org.uk/join-us" "Mozilla/5.0 (Windows NT 6.0; rv:7.0.1) Gecko/20100101 Firefox/7.0.1"
86.179.27.65 - - [02/Oct/2011:21:44:37 +0100] "GET /wp-content/themes/suffusion/scripts/suffusion.js?ver=3.8.3 HTTP/1.1" 304 - "http://www.napierarchery.org.uk/join-us" "Mozilla/5.0 (Windows NT 6.0; rv:7.0.1) Gecko/20100101 Firefox/7.0.1"
86.179.27.65 - - [02/Oct/2011:21:44:37 +0100] "GET /?ver=3.8.3&suffusion-css=css HTTP/1.1" 200 26308 "http://www.napierarchery.org.uk/join-us" "Mozilla/5.0 (Windows NT 6.0; rv:7.0.1) Gecko/20100101 Firefox/7.0.1"
86.179.27.65 - - [02/Oct/2011:21:44:40 +0100] "GET /club-records HTTP/1.1" 200 14308 "http://www.napierarchery.org.uk/join-us" "Mozilla/5.0 (Windows NT 6.0; rv:7.0.1) Gecko/20100101 Firefox/7.0.1"
86.179.27.65 - - [02/Oct/2011:21:44:45 +0100] "GET /calendars HTTP/1.1" 200 16878 "http://www.napierarchery.org.uk/join-us" "Mozilla/5.0 (Windows NT 6.0; rv:7.0.1) Gecko/20100101 Firefox/7.0.1"
86.179.27.65 - - [02/Oct/2011:21:44:45 +0100] "GET /wp-content/themes/suffusion/style.css?ver=3.8.3 HTTP/1.1" 304 - "http://www.napierarchery.org.uk/calendars" "Mozilla/5.0 (Windows NT 6.0; rv:7.0.1) Gecko/20100101 Firefox/7.0.1"
86.179.27.65 - - [02/Oct/2011:21:44:45 +0100] "GET /wp-content/themes/suffusion/skins/light-theme-red/skin.css?ver=3.8.3 HTTP/1.1" 304 - "http://www.napierarchery.org.uk/calendars" "Mozilla/5.0 (Windows NT 6.0; rv:7.0.1) Gecko/20100101 Firefox/7.0.1"
86.179.27.65 - - [02/Oct/2011:21:44:45 +0100] "GET /wp-includes/js/l10n.js?ver=20101110 HTTP/1.1" 304 - "http://www.napierarchery.org.uk/calendars" "Mozilla/5.0 (Windows NT 6.0; rv:7.0.1) Gecko/20100101 Firefox/7.0.1"
86.179.27.65 - - [02/Oct/2011:21:44:45 +0100] "GET /wp-includes/js/comment-reply.js?ver=20090102 HTTP/1.1" 304 - "http://www.napierarchery.org.uk/calendars" "Mozilla/5.0 (Windows NT 6.0; rv:7.0.1) Gecko/20100101 Firefox/7.0.1"
86.179.27.65 - - [02/Oct/2011:21:44:45 +0100] "GET /wp-content/themes/suffusion/rounded-corners.css?ver=3.8.3 HTTP/1.1" 304 - "http://www.napierarchery.org.uk/calendars" "Mozilla/5.0 (Windows NT 6.0; rv:7.0.1) Gecko/20100101 Firefox/7.0.1"
86.179.27.65 - - [02/Oct/2011:21:44:45 +0100] "GET /wp-includes/js/jquery/jquery.js?ver=1.6.1 HTTP/1.1" 304 - "http://www.napierarchery.org.uk/calendars" "Mozilla/5.0 (Windows NT 6.0; rv:7.0.1) Gecko/20100101 Firefox/7.0.1"
86.179.27.65 - - [02/Oct/2011:21:44:45 +0100] "GET /wp-content/themes/suffusion/scripts/suffusion.js?ver=3.8.3 HTTP/1.1" 304 - "http://www.napierarchery.org.uk/calendars" "Mozilla/5.0 (Windows NT 6.0; rv:7.0.1) Gecko/20100101 Firefox/7.0.1"
86.179.27.65 - - [02/Oct/2011:21:44:45 +0100] "GET /?ver=3.8.3&suffusion-css=css HTTP/1.1" 200 26308 "http://www.napierarchery.org.uk/calendars" "Mozilla/5.0 (Windows NT 6.0; rv:7.0.1) Gecko/20100101 Firefox/7.0.1"
86.179.27.65 - - [02/Oct/2011:21:44:47 +0100] "GET /results HTTP/1.1" 200 27217 "http://www.napierarchery.org.uk/calendars" "Mozilla/5.0 (Windows NT 6.0; rv:7.0.1) Gecko/20100101 Firefox/7.0.1"
72.14.199.107 - - [02/Oct/2011:21:54:07 +0100] "GET /feed HTTP/1.1" 304 - "-" "Feedfetcher-Google; (+http://www.google.com/feedfetcher.html; 1 subscribers; feed-id=16713175292228938239)"
95.108.158.236 - - [02/Oct/2011:22:01:28 +0100] "GET /gallery/130.jpg HTTP/1.1" 404 14816 "-" "Mozilla/5.0 (compatible; YandexImages/3.0; +http://yandex.com/bots)"
94.23.42.135 - - [02/Oct/2011:22:15:03 +0100] "GET /robots.txt HTTP/1.0" 200 24 "-" "Mozilla/5.0 (compatible; MJ12bot/v1.4.0; http://www.majestic12.co.uk/bot.php?+)"
94.23.42.135 - - [02/Oct/2011:22:15:05 +0100] "GET / HTTP/1.0" 200 33422 "-" "Mozilla/5.0 (compatible; MJ12bot/v1.4.0; http://www.majestic12.co.uk/bot.php?+)"
95.172.236.57 - - [02/Oct/2011:22:40:34 +0100] "GET /_documents/NUAC_Constitution_2011-04-19.pdf HTTP/1.1" 200 76343 "http://www.google.co.uk/search?hl=en&client=opera&hs=WRp&rls=en&channel=suggest&q=student+club+archery+constitution&oq=student+club+archery+constitution&aq=f&aqi=&aql=&gs_sm=e&gs_upl=4733l7612l0l7758l21l19l0l16l0l0l245l500l0.2.1l3l0" "Opera/9.80 (Windows NT 6.1; U; Edition United States Local; en) Presto/2.9.168 Version/11.51"
95.108.158.236 - - [02/Oct/2011:22:40:44 +0100] "GET /gallery/thumbs/72.jpg HTTP/1.1" 404 14816 "-" "Mozilla/5.0 (compatible; YandexImages/3.0; +http://yandex.com/bots)"
217.171.129.69 - - [02/Oct/2011:22:41:11 +0100] "GET /feed HTTP/1.1" 301 - "-" "Ilium Software NewsBreak http://www.iliumsoft.com"
199.19.249.196 - - [02/Oct/2011:22:41:11 +0100] "GET /feed HTTP/1.1" 301 - "-" "Mozilla/4.0 (compatible; MSIE 7.0; Windows NT 5.1; InfoPath.1; .NET CLR 2.0.50727; .NET CLR 1.1.4322; MS-RTC LM 8; .NET CLR 3.0.4506.2152; .NET CLR 3.5.30729)"
199.19.249.196 - - [02/Oct/2011:22:41:11 +0100] "GET /feed HTTP/1.1" 200 18088 "-" "Mozilla/4.0 (compatible; MSIE 7.0; Windows NT 5.1; InfoPath.1; .NET CLR 2.0.50727; .NET CLR 1.1.4322; MS-RTC LM 8; .NET CLR 3.0.4506.2152; .NET CLR 3.5.30729)"
95.108.158.236 - - [02/Oct/2011:23:17:21 +0100] "GET /wp-content/uploads/2011/08/Burstfire_w150.gif HTTP/1.1" 304 - "-" "Mozilla/5.0 (compatible; YandexImages/3.0; +http://yandex.com/bots)"
67.195.37.186 - - [02/Oct/2011:23:22:12 +0100] "GET /contact HTTP/1.0" 200 15897 "-" "Mozilla/5.0 (compatible; Yahoo! Slurp; http://help.yahoo.com/help/us/ysearch/slurp)"
67.195.37.186 - - [02/Oct/2011:23:22:13 +0100] "GET /wp-content/themes/suffusion/style.css?ver=3.8.3 HTTP/1.0" 304 - "http://www.napierarchery.org.uk/contact" "Mozilla/5.0 (compatible; Yahoo! Slurp; http://help.yahoo.com/help/us/ysearch/slurp)"
67.195.37.186 - - [02/Oct/2011:23:22:13 +0100] "GET /wp-content/themes/suffusion/skins/light-theme-red/skin.css?ver=3.8.3 HTTP/1.0" 304 - "http://www.napierarchery.org.uk/contact" "Mozilla/5.0 (compatible; Yahoo! Slurp; http://help.yahoo.com/help/us/ysearch/slurp)"
67.195.37.186 - - [02/Oct/2011:23:22:14 +0100] "GET /wp-content/themes/suffusion/rounded-corners.css?ver=3.8.3 HTTP/1.0" 304 - "http://www.napierarchery.org.uk/contact" "Mozilla/5.0 (compatible; Yahoo! Slurp; http://help.yahoo.com/help/us/ysearch/slurp)"
67.195.37.186 - - [02/Oct/2011:23:22:15 +0100] "GET /?ver=3.8.3&suffusion-css=css HTTP/1.0" 200 26308 "http://www.napierarchery.org.uk/contact" "Mozilla/5.0 (compatible; Yahoo! Slurp; http://help.yahoo.com/help/us/ysearch/slurp)"
124.115.1.8 - - [02/Oct/2011:23:30:43 +0100] "GET / HTTP/1.1" 200 33557 "-" "Mozilla/4.0 (compatible; MSIE 6.0; Windows NT 5.1)"
124.115.1.8 - - [02/Oct/2011:23:30:54 +0100] "GET /wp-content/themes/suffusion/rounded-corners.css?ver=3.8.3 HTTP/1.1" 200 6025 "http://www.napierarchery.org.uk/" "Mozilla/4.0 (compatible; MSIE 6.0; Windows NT 5.1)"
124.115.1.8 - - [02/Oct/2011:23:30:54 +0100] "GET /wp-content/themes/suffusion/skins/light-theme-red/skin.css?ver=3.8.3 HTTP/1.1" 200 10167 "http://www.napierarchery.org.uk/" "Mozilla/4.0 (compatible; MSIE 6.0; Windows NT 5.1)"
124.115.1.8 - - [02/Oct/2011:23:30:54 +0100] "GET /wp-includes/js/l10n.js?ver=20101110 HTTP/1.1" 200 308 "http://www.napierarchery.org.uk/" "Mozilla/4.0 (compatible; MSIE 6.0; Windows NT 5.1)"
124.115.1.8 - - [02/Oct/2011:23:30:54 +0100] "GET /wp-content/themes/suffusion/scripts/ie-fix.js?ver=3.8.3 HTTP/1.1" 200 9499 "http://www.napierarchery.org.uk/" "Mozilla/4.0 (compatible; MSIE 6.0; Windows NT 5.1)"
124.115.1.8 - - [02/Oct/2011:23:30:54 +0100] "GET /wp-content/themes/suffusion/scripts/suffusion.js?ver=3.8.3 HTTP/1.1" 200 16294 "http://www.napierarchery.org.uk/" "Mozilla/4.0 (compatible; MSIE 6.0; Windows NT 5.1)"
124.115.1.8 - - [02/Oct/2011:23:30:54 +0100] "GET /wp-includes/js/jquery/jquery.js?ver=1.6.1 HTTP/1.1" 200 91363 "http://www.napierarchery.org.uk/" "Mozilla/4.0 (compatible; MSIE 6.0; Windows NT 5.1)"
124.115.1.8 - - [02/Oct/2011:23:30:54 +0100] "GET /wp-content/themes/suffusion/style.css?ver=3.8.3 HTTP/1.1" 200 63146 "http://www.napierarchery.org.uk/" "Mozilla/4.0 (compatible; MSIE 6.0; Windows NT 5.1)"
124.115.1.8 - - [02/Oct/2011:23:30:54 +0100] "GET /?ver=3.8.3 HTTP/1.1" 200 33549 "http://www.napierarchery.org.uk/" "Mozilla/4.0 (compatible; MSIE 6.0; Windows NT 5.1)"
67.195.37.186 - - [02/Oct/2011:23:45:45 +0100] "GET /author/pete HTTP/1.0" 200 27253 "-" "Mozilla/5.0 (compatible; Yahoo! Slurp; http://help.yahoo.com/help/us/ysearch/slurp)"
95.108.158.236 - - [02/Oct/2011:23:56:22 +0100] "GET /gallery/thumbs/29.jpg HTTP/1.1" 404 14816 "-" "Mozilla/5.0 (compatible; YandexImages/3.0; +http://yandex.com/bots)"
98.158.20.235 - - [03/Oct/2011:00:07:28 +0100] "GET /268/week-4-and-on/feed HTTP/1.1" 304 - "-" "Opera/7.50 (Windows ME; U) [en]"
67.195.37.186 - - [03/Oct/2011:00:08:07 +0100] "GET /results/2009_02_21_SUS_H2H.xls HTTP/1.0" 404 14816 "-" "Mozilla/5.0 (compatible; Yahoo! Slurp; http://help.yahoo.com/help/us/ysearch/slurp)"
82.45.61.198 - - [03/Oct/2011:00:27:03 +0100] "GET /favicon.ico HTTP/1.1" 200 - "-" "Mozilla/4.0 (compatible; MSIE 7.0; Windows NT 5.1; Trident/4.0; .NET CLR 2.0.50727; 360space)"
67.195.37.186 - - [03/Oct/2011:00:30:12 +0100] "GET /sponsors.php HTTP/1.0" 404 14816 "-" "Mozilla/5.0 (compatible; Yahoo! Slurp; http://help.yahoo.com/help/us/ysearch/slurp)"
95.108.158.236 - - [03/Oct/2011:00:36:18 +0100] "GET /gallery/105.jpg HTTP/1.1" 404 14816 "-" "Mozilla/5.0 (compatible; YandexImages/3.0; +http://yandex.com/bots)"
72.14.199.107 - - [03/Oct/2011:00:50:53 +0100] "GET /feed HTTP/1.1" 304 - "-" "Feedfetcher-Google; (+http://www.google.com/feedfetcher.html; 1 subscribers; feed-id=16713175292228938239)"
109.154.206.80 - - [03/Oct/2011:01:09:57 +0100] "GET /wp-content/themes/suffusion/style.css?ver=3.8.3 HTTP/1.1" 304 - "http://www.napierarchery.org.uk/" "Mozilla/5.0 (Windows NT 6.1; rv:2.0.1) Gecko/20100101 Firefox/4.0.1"
109.154.206.80 - - [03/Oct/2011:01:09:57 +0100] "GET /wp-content/themes/suffusion/skins/light-theme-red/skin.css?ver=3.8.3 HTTP/1.1" 304 - "http://www.napierarchery.org.uk/" "Mozilla/5.0 (Windows NT 6.1; rv:2.0.1) Gecko/20100101 Firefox/4.0.1"
109.154.206.80 - - [03/Oct/2011:01:09:57 +0100] "GET /wp-content/themes/suffusion/rounded-corners.css?ver=3.8.3 HTTP/1.1" 304 - "http://www.napierarchery.org.uk/" "Mozilla/5.0 (Windows NT 6.1; rv:2.0.1) Gecko/20100101 Firefox/4.0.1"
109.154.206.80 - - [03/Oct/2011:01:09:57 +0100] "GET /wp-includes/js/l10n.js?ver=20101110 HTTP/1.1" 304 - "http://www.napierarchery.org.uk/" "Mozilla/5.0 (Windows NT 6.1; rv:2.0.1) Gecko/20100101 Firefox/4.0.1"
109.154.206.80 - - [03/Oct/2011:01:09:57 +0100] "GET /wp-includes/js/jquery/jquery.js?ver=1.6.1 HTTP/1.1" 304 - "http://www.napierarchery.org.uk/" "Mozilla/5.0 (Windows NT 6.1; rv:2.0.1) Gecko/20100101 Firefox/4.0.1"
109.154.206.80 - - [03/Oct/2011:01:09:56 +0100] "GET / HTTP/1.1" 200 33422 "-" "Mozilla/5.0 (Windows NT 6.1; rv:2.0.1) Gecko/20100101 Firefox/4.0.1"
109.154.206.80 - - [03/Oct/2011:01:09:57 +0100] "GET /wp-content/themes/suffusion/scripts/suffusion.js?ver=3.8.3 HTTP/1.1" 304 - "http://www.napierarchery.org.uk/" "Mozilla/5.0 (Windows NT 6.1; rv:2.0.1) Gecko/20100101 Firefox/4.0.1"
109.154.206.80 - - [03/Oct/2011:01:09:57 +0100] "GET /?ver=3.8.3&suffusion-css=css HTTP/1.1" 200 26308 "http://www.napierarchery.org.uk/" "Mozilla/5.0 (Windows NT 6.1; rv:2.0.1) Gecko/20100101 Firefox/4.0.1"
109.154.206.80 - - [03/Oct/2011:01:09:59 +0100] "GET /calendars HTTP/1.1" 200 16878 "http://www.napierarchery.org.uk/" "Mozilla/5.0 (Windows NT 6.1; rv:2.0.1) Gecko/20100101 Firefox/4.0.1"
109.154.206.80 - - [03/Oct/2011:01:10:00 +0100] "GET /wp-content/themes/suffusion/style.css?ver=3.8.3 HTTP/1.1" 304 - "http://www.napierarchery.org.uk/calendars" "Mozilla/5.0 (Windows NT 6.1; rv:2.0.1) Gecko/20100101 Firefox/4.0.1"
109.154.206.80 - - [03/Oct/2011:01:10:00 +0100] "GET /wp-content/themes/suffusion/skins/light-theme-red/skin.css?ver=3.8.3 HTTP/1.1" 304 - "http://www.napierarchery.org.uk/calendars" "Mozilla/5.0 (Windows NT 6.1; rv:2.0.1) Gecko/20100101 Firefox/4.0.1"
109.154.206.80 - - [03/Oct/2011:01:10:00 +0100] "GET /wp-content/themes/suffusion/rounded-corners.css?ver=3.8.3 HTTP/1.1" 304 - "http://www.napierarchery.org.uk/calendars" "Mozilla/5.0 (Windows NT 6.1; rv:2.0.1) Gecko/20100101 Firefox/4.0.1"
109.154.206.80 - - [03/Oct/2011:01:10:00 +0100] "GET /wp-includes/js/l10n.js?ver=20101110 HTTP/1.1" 304 - "http://www.napierarchery.org.uk/calendars" "Mozilla/5.0 (Windows NT 6.1; rv:2.0.1) Gecko/20100101 Firefox/4.0.1"
109.154.206.80 - - [03/Oct/2011:01:10:00 +0100] "GET /wp-includes/js/comment-reply.js?ver=20090102 HTTP/1.1" 304 - "http://www.napierarchery.org.uk/calendars" "Mozilla/5.0 (Windows NT 6.1; rv:2.0.1) Gecko/20100101 Firefox/4.0.1"
109.154.206.80 - - [03/Oct/2011:01:10:00 +0100] "GET /wp-includes/js/jquery/jquery.js?ver=1.6.1 HTTP/1.1" 304 - "http://www.napierarchery.org.uk/calendars" "Mozilla/5.0 (Windows NT 6.1; rv:2.0.1) Gecko/20100101 Firefox/4.0.1"
109.154.206.80 - - [03/Oct/2011:01:10:00 +0100] "GET /wp-content/themes/suffusion/scripts/suffusion.js?ver=3.8.3 HTTP/1.1" 304 - "http://www.napierarchery.org.uk/calendars" "Mozilla/5.0 (Windows NT 6.1; rv:2.0.1) Gecko/20100101 Firefox/4.0.1"
109.154.206.80 - - [03/Oct/2011:01:10:00 +0100] "GET /?ver=3.8.3&suffusion-css=css HTTP/1.1" 200 26308 "http://www.napierarchery.org.uk/calendars" "Mozilla/5.0 (Windows NT 6.1; rv:2.0.1) Gecko/20100101 Firefox/4.0.1"
109.154.206.80 - - [03/Oct/2011:01:10:02 +0100] "GET /results HTTP/1.1" 200 32192 "http://www.napierarchery.org.uk/calendars" "Mozilla/5.0 (Windows NT 6.1; rv:2.0.1) Gecko/20100101 Firefox/4.0.1"
95.108.158.236 - - [03/Oct/2011:01:16:25 +0100] "GET /gallery/thumbs/156.jpg HTTP/1.1" 404 14816 "-" "Mozilla/5.0 (compatible; YandexImages/3.0; +http://yandex.com/bots)"
67.195.37.186 - - [03/Oct/2011:01:51:36 +0100] "GET /?page_id=19 HTTP/1.0" 301 - "-" "Mozilla/5.0 (compatible; Yahoo! Slurp; http://help.yahoo.com/help/us/ysearch/slurp)"
67.195.37.186 - - [03/Oct/2011:01:51:38 +0100] "GET /results HTTP/1.0" 200 33172 "-" "Mozilla/5.0 (compatible; Yahoo! Slurp; http://help.yahoo.com/help/us/ysearch/slurp)"
67.195.37.186 - - [03/Oct/2011:01:51:41 +0100] "GET /wp-content/themes/suffusion/style.css?ver=3.8.3 HTTP/1.0" 304 - "http://www.napierarchery.org.uk/results" "Mozilla/5.0 (compatible; Yahoo! Slurp; http://help.yahoo.com/help/us/ysearch/slurp)"
67.195.37.186 - - [03/Oct/2011:01:51:43 +0100] "GET /wp-content/themes/suffusion/skins/light-theme-red/skin.css?ver=3.8.3 HTTP/1.0" 304 - "http://www.napierarchery.org.uk/results" "Mozilla/5.0 (compatible; Yahoo! Slurp; http://help.yahoo.com/help/us/ysearch/slurp)"
67.195.37.186 - - [03/Oct/2011:01:51:45 +0100] "GET /wp-content/themes/suffusion/rounded-corners.css?ver=3.8.3 HTTP/1.0" 304 - "http://www.napierarchery.org.uk/results" "Mozilla/5.0 (compatible; Yahoo! Slurp; http://help.yahoo.com/help/us/ysearch/slurp)"
67.195.37.186 - - [03/Oct/2011:01:51:47 +0100] "GET /?ver=3.8.3&suffusion-css=css HTTP/1.0" 200 26308 "http://www.napierarchery.org.uk/results" "Mozilla/5.0 (compatible; Yahoo! Slurp; http://help.yahoo.com/help/us/ysearch/slurp)"
98.158.20.236 - - [03/Oct/2011:01:54:39 +0100] "GET /feed HTTP/1.1" 304 - "-" "Mozilla/5.0 (Macintosh; U; PPC Mac OS X; en-us) AppleWebKit/73 (KHTML, like Gecko) Safari/73"
95.108.158.236 - - [03/Oct/2011:01:55:18 +0100] "GET /gallery/thumbs/173.jpg HTTP/1.1" 404 14816 "-" "Mozilla/5.0 (compatible; YandexImages/3.0; +http://yandex.com/bots)"
213.239.206.149 - - [03/Oct/2011:02:04:03 +0100] "GET /results/2006_05_06_SUS_OC.xls HTTP/1.1" 404 14816 "-" "Mozilla/5.0 (X11; Linux i686; rv:6.0) Gecko/20100101 Firefox/6.0"
124.115.6.13 - - [03/Oct/2011:02:06:13 +0100] "GET /robots.txt HTTP/1.1" 200 24 "-" "Sosospider+(+http://help.soso.com/webspider.htm)"
82.165.37.69 - - [03/Oct/2011:02:13:32 +0100] "POST / HTTP/1.0" 200 33422 "http://valerie-bistro.de/robot.html/" "Mozilla/5.0 (compatible; robot.html;"
77.88.27.27 - - [03/Oct/2011:02:16:34 +0100] "GET /robots.txt HTTP/1.1" 200 24 "-" "Mozilla/5.0 (compatible; YandexBot/3.0; +http://yandex.com/bots)"
77.88.27.27 - - [03/Oct/2011:02:16:34 +0100] "GET /membersselect.php HTTP/1.1" 404 14816 "-" "Mozilla/5.0 (compatible; YandexBot/3.0; +http://yandex.com/bots)"
67.195.37.186 - - [03/Oct/2011:02:25:42 +0100] "GET /members06.php HTTP/1.0" 404 14816 "-" "Mozilla/5.0 (compatible; Yahoo! Slurp; http://help.yahoo.com/help/us/ysearch/slurp)"
180.76.5.95 - - [03/Oct/2011:02:25:49 +0100] "GET /viewgallery.php?gallery=3 HTTP/1.1" 404 14816 "-" "Mozilla/5.0 (compatible; Baiduspider/2.0; +http://www.baidu.com/search/spider.html)"
95.108.158.236 - - [03/Oct/2011:02:34:49 +0100] "GET /images/menulogo_20.jpg HTTP/1.1" 404 14816 "-" "Mozilla/5.0 (compatible; YandexImages/3.0; +http://yandex.com/bots)"
95.108.158.236 - - [03/Oct/2011:02:39:32 +0100] "GET /gallery/thumbs/142.jpg HTTP/1.1" 404 14816 "-" "Mozilla/5.0 (compatible; YandexImages/3.0; +http://yandex.com/bots)"
212.113.37.106 - - [03/Oct/2011:02:53:44 +0100] "GET /robots.txt HTTP/1.1" 200 24 "-" "Mozilla/5.0 (compatible; AhrefsBot/1.0; +http://ahrefs.com/robot/)"
212.113.37.106 - - [03/Oct/2011:02:53:45 +0100] "GET / HTTP/1.1" 200 33422 "-" "Mozilla/5.0 (compatible; AhrefsBot/1.0; +http://ahrefs.com/robot/)"
212.113.37.106 - - [03/Oct/2011:02:53:46 +0100] "GET /258/important-sports-union?utm_source=rss&utm_medium=rss&utm_campaign=important-sports-union HTTP/1.1" 200 18569 "-" "Mozilla/5.0 (compatible; AhrefsBot/1.0; +http://ahrefs.com/robot/)"
212.113.37.106 - - [03/Oct/2011:02:53:48 +0100] "GET /archives.php HTTP/1.1" 404 14816 "-" "Mozilla/5.0 (compatible; AhrefsBot/1.0; +http://ahrefs.com/robot/)"
212.113.37.106 - - [03/Oct/2011:02:53:49 +0100] "GET /gallery.php HTTP/1.1" 404 14816 "-" "Mozilla/5.0 (compatible; AhrefsBot/1.0; +http://ahrefs.com/robot/)"
212.113.37.106 - - [03/Oct/2011:02:53:50 +0100] "GET /index.php HTTP/1.1" 301 - "-" "Mozilla/5.0 (compatible; AhrefsBot/1.0; +http://ahrefs.com/robot/)"
212.113.37.106 - - [03/Oct/2011:02:53:51 +0100] "GET /links.php HTTP/1.1" 404 14816 "-" "Mozilla/5.0 (compatible; AhrefsBot/1.0; +http://ahrefs.com/robot/)"
212.113.37.106 - - [03/Oct/2011:02:53:53 +0100] "GET /movies.php HTTP/1.1" 404 14816 "-" "Mozilla/5.0 (compatible; AhrefsBot/1.0; +http://ahrefs.com/robot/)"
212.113.37.106 - - [03/Oct/2011:02:53:55 +0100] "GET /records.php HTTP/1.1" 404 14816 "-" "Mozilla/5.0 (compatible; AhrefsBot/1.0; +http://ahrefs.com/robot/)"
66.249.72.49 - - [03/Oct/2011:02:54:08 +0100] "GET /robots.txt HTTP/1.1" 200 24 "-" "Mozilla/5.0 (compatible; Googlebot/2.1; +http://www.google.com/bot.html)"
66.249.72.49 - - [03/Oct/2011:02:54:08 +0100] "GET /feed HTTP/1.1" 304 - "-" "Mozilla/5.0 (compatible; Googlebot/2.1; +http://www.google.com/bot.html)"
88.131.106.8 - - [03/Oct/2011:03:14:50 +0100] "GET /robots.txt HTTP/1.0" 200 24 "-" "Mozilla/5.0 (Windows; U; Windows NT 5.1; en-US) Speedy Spider (http://www.entireweb.com/about/search_tech/speedy_spider/)"
88.131.106.3 - - [03/Oct/2011:03:14:50 +0100] "GET /results/2006_11_18_SUS_LM.xls HTTP/1.0" 404 14816 "-" "Mozilla/5.0 (Windows; U; Windows NT 5.1; en-US) Speedy Spider (http://www.entireweb.com/about/search_tech/speedy_spider/)"
67.195.37.186 - - [03/Oct/2011:03:17:22 +0100] "GET /robots.txt HTTP/1.0" 200 24 "-" "Mozilla/5.0 (compatible; Yahoo! Slurp; http://help.yahoo.com/help/us/ysearch/slurp)"
67.195.37.186 - - [03/Oct/2011:03:17:22 +0100] "GET /page/2 HTTP/1.0" 200 19873 "-" "Mozilla/5.0 (compatible; Yahoo! Slurp; http://help.yahoo.com/help/us/ysearch/slurp)"
67.195.37.186 - - [03/Oct/2011:03:17:27 +0100] "GET /wp-content/themes/suffusion/skins/light-theme-red/skin.css?ver=3.8.3 HTTP/1.0" 200 10167 "http://www.napierarchery.org.uk/page/2" "Mozilla/5.0 (compatible; Yahoo! Slurp; http://help.yahoo.com/help/us/ysearch/slurp)"
124.115.0.160 - - [03/Oct/2011:03:23:59 +0100] "GET / HTTP/1.1" 301 - "-" "Sosospider+(+http://help.soso.com/webspider.htm)"
82.136.27.2 - - [03/Oct/2011:03:23:59 +0100] "POST /wp-cron.php?doing_wp_cron HTTP/1.0" 200 - "-" "WordPress/3.2.1; http://www.napierarchery.org.uk"
209.126.222.75 - - [03/Oct/2011:03:36:28 +0100] "GET /muieblackcat HTTP/1.1" 404 14816 "-" "-"
209.126.222.75 - - [03/Oct/2011:03:36:29 +0100] "GET //pma2/scripts/setup.php HTTP/1.1" 301 - "-" "-"
209.126.222.75 - - [03/Oct/2011:03:36:29 +0100] "GET //pma2/libraries/dbg/setup.php HTTP/1.1" 301 - "-" "-"
209.126.222.75 - - [03/Oct/2011:03:36:30 +0100] "GET //phpMyAdmin-2.6.4-pl3/libraries/dbg/setup.php HTTP/1.1" 301 - "-" "-"
209.126.222.75 - - [03/Oct/2011:03:36:30 +0100] "GET //old/padmin/libraries/dbg/setup.php HTTP/1.1" 301 - "-" "-"
209.126.222.75 - - [03/Oct/2011:03:36:31 +0100] "GET //_phpmyadmin/libraries/dbg/setup.php HTTP/1.1" 301 - "-" "-"
209.126.222.75 - - [03/Oct/2011:03:36:32 +0100] "GET //_phpmyadmin/scripts/setup.php HTTP/1.1" 301 - "-" "-"
209.126.222.75 - - [03/Oct/2011:03:36:32 +0100] "GET //__pma/scripts/setup.php HTTP/1.1" 301 - "-" "-"
209.126.222.75 - - [03/Oct/2011:03:36:33 +0100] "GET //__pma/libraries/dbg/setup.php HTTP/1.1" 301 - "-" "-"
209.126.222.75 - - [03/Oct/2011:03:36:33 +0100] "GET //scripts/setup.php HTTP/1.1" 301 - "-" "-"
209.126.222.75 - - [03/Oct/2011:03:36:34 +0100] "GET //db/scripts/setup.php HTTP/1.1" 301 - "-" "-"
209.126.222.75 - - [03/Oct/2011:03:36:34 +0100] "GET //dbadmin/scripts/setup.php HTTP/1.1" 301 - "-" "-"
209.126.222.75 - - [03/Oct/2011:03:36:35 +0100] "GET //myadmin/scripts/setup.php HTTP/1.1" 301 - "-" "-"
209.126.222.75 - - [03/Oct/2011:03:36:35 +0100] "GET //mysql/scripts/setup.php HTTP/1.1" 301 - "-" "-"
209.126.222.75 - - [03/Oct/2011:03:36:36 +0100] "GET //mysqladmin/scripts/setup.php HTTP/1.1" 301 - "-" "-"
209.126.222.75 - - [03/Oct/2011:03:36:36 +0100] "GET //phpadmin/scripts/setup.php HTTP/1.1" 301 - "-" "-"
209.126.222.75 - - [03/Oct/2011:03:36:37 +0100] "GET //phpMyAdmin/scripts/setup.php HTTP/1.1" 301 - "-" "-"
209.126.222.75 - - [03/Oct/2011:03:36:37 +0100] "GET //phpmyadmin/scripts/setup.php HTTP/1.1" 301 - "-" "-"
209.126.222.75 - - [03/Oct/2011:03:36:38 +0100] "GET //phpmyadmin1/scripts/setup.php HTTP/1.1" 301 - "-" "-"
209.126.222.75 - - [03/Oct/2011:03:36:38 +0100] "GET //phpmyadmin2/scripts/setup.php HTTP/1.1" 301 - "-" "-"
209.126.222.75 - - [03/Oct/2011:03:36:39 +0100] "GET //pma/scripts/setup.php HTTP/1.1" 301 - "-" "-"
209.126.222.75 - - [03/Oct/2011:03:36:39 +0100] "GET //databaseadmin/scripts/setup.php HTTP/1.1" 301 - "-" "-"
209.126.222.75 - - [03/Oct/2011:03:36:40 +0100] "GET //admm/scripts/setup.php HTTP/1.1" 301 - "-" "-"
209.126.222.75 - - [03/Oct/2011:03:36:40 +0100] "GET //admn/scripts/setup.php HTTP/1.1" 301 - "-" "-"
209.126.222.75 - - [03/Oct/2011:03:36:40 +0100] "GET //_myadmin/scripts/setup.php HTTP/1.1" 301 - "-" "-"
209.126.222.75 - - [03/Oct/2011:03:36:41 +0100] "GET //phpMyA/scripts/setup.php HTTP/1.1" 301 - "-" "-"
209.126.222.75 - - [03/Oct/2011:03:36:41 +0100] "GET //phpmya/scripts/setup.php HTTP/1.1" 301 - "-" "-"
209.126.222.75 - - [03/Oct/2011:03:36:42 +0100] "GET //#phpmyadmin_2.9.11/ HTTP/1.1" 301 - "-" "-"
209.126.222.75 - - [03/Oct/2011:03:36:42 +0100] "GET //admin/my/scripts/setup.php HTTP/1.1" 301 - "-" "-"
209.126.222.75 - - [03/Oct/2011:03:36:43 +0100] "GET //mysql2/scripts/setup.php HTTP/1.1" 301 - "-" "-"
209.126.222.75 - - [03/Oct/2011:03:36:43 +0100] "GET //phpmyadm/scripts/setup.php HTTP/1.1" 301 - "-" "-"
209.126.222.75 - - [03/Oct/2011:03:36:44 +0100] "GET //php1/scripts/setup.php HTTP/1.1" 301 - "-" "-"
209.126.222.75 - - [03/Oct/2011:03:36:44 +0100] "GET //php2/scripts/setup.php HTTP/1.1" 301 - "-" "-"
209.126.222.75 - - [03/Oct/2011:03:36:45 +0100] "GET //sqladm.old/scripts/setup.php HTTP/1.1" 301 - "-" "-"
209.126.222.75 - - [03/Oct/2011:03:36:45 +0100] "GET //sqladm/scripts/setup.php HTTP/1.1" 301 - "-" "-"
209.126.222.75 - - [03/Oct/2011:03:36:46 +0100] "GET //myAdmin/scripts/setup.php HTTP/1.1" 301 - "-" "-"
209.126.222.75 - - [03/Oct/2011:03:36:46 +0100] "GET //pmabd/scripts/setup.php HTTP/1.1" 301 - "-" "-"
209.126.222.75 - - [03/Oct/2011:03:36:47 +0100] "GET //mydb/scripts/setup.php HTTP/1.1" 301 - "-" "-"
209.126.222.75 - - [03/Oct/2011:03:36:47 +0100] "GET //mysql_administrator/scripts/setup.php HTTP/1.1" 301 - "-" "-"
209.126.222.75 - - [03/Oct/2011:03:36:48 +0100] "GET //pma_mydb/scripts/setup.php HTTP/1.1" 301 - "-" "-"
209.126.222.75 - - [03/Oct/2011:03:36:48 +0100] "GET //webmail2/scripts/setup.php HTTP/1.1" 301 - "-" "-"
209.126.222.75 - - [03/Oct/2011:03:36:49 +0100] "GET //myphp/scripts/setup.php HTTP/1.1" 301 - "-" "-"
209.126.222.75 - - [03/Oct/2011:03:36:49 +0100] "GET //Myphp/scripts/setup.php HTTP/1.1" 301 - "-" "-"
209.126.222.75 - - [03/Oct/2011:03:36:50 +0100] "GET //phpas/scripts/setup.php HTTP/1.1" 301 - "-" "-"
209.126.222.75 - - [03/Oct/2011:03:36:50 +0100] "GET //_pma/scripts/setup.php HTTP/1.1" 301 - "-" "-"
209.126.222.75 - - [03/Oct/2011:03:36:51 +0100] "GET //./scripts/setup.php HTTP/1.1" 301 - "-" "-"
209.126.222.75 - - [03/Oct/2011:03:36:51 +0100] "GET //_db/scripts/setup.php HTTP/1.1" 301 - "-" "-"
209.126.222.75 - - [03/Oct/2011:03:36:52 +0100] "GET //_dbadmin/scripts/setup.php HTTP/1.1" 301 - "-" "-"
209.126.222.75 - - [03/Oct/2011:03:36:52 +0100] "GET //_phpadmin/scripts/setup.php HTTP/1.1" 301 - "-" "-"
209.126.222.75 - - [03/Oct/2011:03:36:52 +0100] "GET //_admin/scripts/setup.php HTTP/1.1" 301 - "-" "-"
209.126.222.75 - - [03/Oct/2011:03:36:53 +0100] "GET //_phpmyadmin/scripts/setup.php HTTP/1.1" 301 - "-" "-"
209.126.222.75 - - [03/Oct/2011:03:36:53 +0100] "GET //_phpMyAdmin/scripts/setup.php HTTP/1.1" 301 - "-" "-"
209.126.222.75 - - [03/Oct/2011:03:36:54 +0100] "GET //_myphp/scripts/setup.php HTTP/1.1" 301 - "-" "-"
209.126.222.75 - - [03/Oct/2011:03:36:54 +0100] "GET //_php/scripts/setup.php HTTP/1.1" 301 - "-" "-"
209.126.222.75 - - [03/Oct/2011:03:36:55 +0100] "GET //sql/scripts/setup.php HTTP/1.1" 301 - "-" "-"
209.126.222.75 - - [03/Oct/2011:03:36:55 +0100] "GET //_sql/scripts/setup.php HTTP/1.1" 301 - "-" "-"
209.126.222.75 - - [03/Oct/2011:03:36:56 +0100] "GET //my-php/scripts/setup.php HTTP/1.1" 301 - "-" "-"
209.126.222.75 - - [03/Oct/2011:03:36:56 +0100] "GET //My-php/scripts/setup.php HTTP/1.1" 301 - "-" "-"
72.14.199.107 - - [03/Oct/2011:03:52:00 +0100] "GET /feed HTTP/1.1" 304 - "-" "Feedfetcher-Google; (+http://www.google.com/feedfetcher.html; 1 subscribers; feed-id=16713175292228938239)"
66.249.72.49 - - [03/Oct/2011:04:54:33 +0100] "GET /author/admin HTTP/1.1" 200 24515 "-" "Mozilla/5.0 (compatible; Googlebot/2.1; +http://www.google.com/bot.html)"
95.108.158.236 - - [03/Oct/2011:05:14:51 +0100] "GET /gallery/thumbs/129.jpg HTTP/1.1" 404 14816 "-" "Mozilla/5.0 (compatible; YandexImages/3.0; +http://yandex.com/bots)"
95.108.158.236 - - [03/Oct/2011:05:32:29 +0100] "GET /gallery/thumbs/160.jpg HTTP/1.1" 404 14816 "-" "Mozilla/5.0 (compatible; YandexImages/3.0; +http://yandex.com/bots)"
95.108.158.236 - - [03/Oct/2011:05:55:23 +0100] "GET /gallery/thumbs/68.jpg HTTP/1.1" 404 14816 "-" "Mozilla/5.0 (compatible; YandexImages/3.0; +http://yandex.com/bots)"
88.214.193.166 - - [03/Oct/2011:06:09:39 +0100] "GET / HTTP/1.1" 301 - "http://www.semrush.com/uk/info/napierarchery.org.uk" "Mozilla/5.0 (Macintosh; U; Intel Mac OS X 10_5_8; en-ca) AppleWebKit/533.19.4 (KHTML, like Gecko) Version/5.0.3 Safari/533.19.4"
88.214.193.166 - - [03/Oct/2011:06:09:40 +0100] "GET / HTTP/1.1" 200 33422 "http://napierarchery.org.uk" "Mozilla/5.0 (Macintosh; U; Intel Mac OS X 10_5_8; en-ca) AppleWebKit/533.19.4 (KHTML, like Gecko) Version/5.0.3 Safari/533.19.4"
95.108.158.236 - - [03/Oct/2011:06:13:43 +0100] "GET /gallery/155.jpg HTTP/1.1" 404 14816 "-" "Mozilla/5.0 (compatible; YandexImages/3.0; +http://yandex.com/bots)"
66.249.72.49 - - [03/Oct/2011:06:21:15 +0100] "GET /231/sports-union-cards?utm_source=rss&utm_medium=rss&utm_campaign=sports-union-cards HTTP/1.1" 200 17358 "-" "Mozilla/5.0 (compatible; Googlebot/2.1; +http://www.google.com/bot.html)"
66.249.72.49 - - [03/Oct/2011:06:30:20 +0100] "GET /result HTTP/1.1" 301 - "-" "Mozilla/5.0 (compatible; Googlebot/2.1; +http://www.google.com/bot.html)"
66.249.72.49 - - [03/Oct/2011:06:30:21 +0100] "GET /results HTTP/1.1" 200 33172 "-" "Mozilla/5.0 (compatible; Googlebot/2.1; +http://www.google.com/bot.html)"
95.108.158.236 - - [03/Oct/2011:06:32:03 +0100] "GET /gallery/3.jpg HTTP/1.1" 404 14816 "-" "Mozilla/5.0 (compatible; YandexImages/3.0; +http://yandex.com/bots)"
67.195.37.186 - - [03/Oct/2011:06:36:03 +0100] "GET /69/welcome-to-the-nuac-website/feed HTTP/1.0" 200 837 "-" "Mozilla/5.0 (compatible; Yahoo! Slurp; http://help.yahoo.com/help/us/ysearch/slurp)"
188.138.83.141 - - [03/Oct/2011:06:36:33 +0100] "GET / HTTP/1.1" 200 33557 "-" "Mozilla/4.0 (compatible; MSIE 6.0; Windows 98; Win 9x4.90)"
66.249.72.49 - - [03/Oct/2011:06:40:19 +0100] "GET /sitemap.xml HTTP/1.1" 404 14816 "-" "Mozilla/5.0 (compatible; Googlebot/2.1; +http://www.google.com/bot.html)"
66.249.72.49 - - [03/Oct/2011:06:41:52 +0100] "GET /results/2008_02_09_SUS_LM.xls HTTP/1.1" 404 14816 "-" "Mozilla/5.0 (compatible; Googlebot/2.1; +http://www.google.com/bot.html)"
66.249.72.41 - - [03/Oct/2011:06:44:18 +0100] "GET /results/2006_12_02_SUS_NC.xls HTTP/1.1" 301 - "-" "Mozilla/5.0 (compatible; Googlebot/2.1; +http://www.google.com/bot.html)"
66.249.72.49 - - [03/Oct/2011:06:44:19 +0100] "GET /results/2006_12_02_SUS_NC.xls HTTP/1.1" 404 14816 "-" "Mozilla/5.0 (compatible; Googlebot/2.1; +http://www.google.com/bot.html)"
66.249.72.49 - - [03/Oct/2011:06:49:45 +0100] "GET /264/week-3-training-times/feed HTTP/1.1" 200 823 "-" "Mozilla/5.0 (compatible; Googlebot/2.1; +http://www.google.com/bot.html)"
95.108.158.236 - - [03/Oct/2011:06:49:47 +0100] "GET /gallery/thumbs/113.jpg HTTP/1.1" 404 14816 "-" "Mozilla/5.0 (compatible; YandexImages/3.0; +http://yandex.com/bots)"
