94.168.185.129 - - [01/Oct/2011:19:26:10 +0100] "GET /wp-content/uploads/2011/08/napierarchery_logo.png HTTP/1.1" 200 21713 "http://www.napierarchery.org.uk/" "Mozilla/4.0 (compatible; MSIE 8.0; Windows NT 6.1; Trident/4.0; SLCC2; .NET CLR 2.0.50727; .NET CLR 3.5.30729; .NET CLR 3.0.30729; Media Center PC 6.0)"
94.168.185.129 - - [01/Oct/2011:19:26:10 +0100] "GET /wp-content/themes/suffusion/images/search-button-red.png HTTP/1.1" 200 762 "http://www.napierarchery.org.uk/" "Mozilla/4.0 (compatible; MSIE 8.0; Windows NT 6.1; Trident/4.0; SLCC2; .NET CLR 2.0.50727; .NET CLR 3.5.30729; .NET CLR 3.0.30729; Media Center PC 6.0)"
94.168.185.129 - - [01/Oct/2011:19:26:10 +0100] "GET /wp-content/themes/suffusion/images/calred.png HTTP/1.1" 200 2155 "http://www.napierarchery.org.uk/" "Mozilla/4.0 (compatible; MSIE 8.0; Windows NT 6.1; Trident/4.0; SLCC2; .NET CLR 2.0.50727; .NET CLR 3.5.30729; .NET CLR 3.0.30729; Media Center PC 6.0)"
94.168.185.129 - - [01/Oct/2011:19:26:10 +0100] "GET /wp-content/themes/suffusion/images/iconset-0.png HTTP/1.1" 200 12891 "http://www.napierarchery.org.uk/" "Mozilla/4.0 (compatible; MSIE 8.0; Windows NT 6.1; Trident/4.0; SLCC2; .NET CLR 2.0.50727; .NET CLR 3.5.30729; .NET CLR 3.0.30729; Media Center PC 6.0)"
94.168.185.129 - - [01/Oct/2011:19:26:10 +0100] "GET /wp-content/themes/suffusion/images/icons/bulletred.png HTTP/1.1" 200 370 "http://www.napierarchery.org.uk/" "Mozilla/4.0 (compatible; MSIE 8.0; Windows NT 6.1; Trident/4.0; SLCC2; .NET CLR 2.0.50727; .NET CLR 3.5.30729; .NET CLR 3.0.30729; Media Center PC 6.0)"
94.168.185.129 - - [01/Oct/2011:19:26:11 +0100] "GET /wp-content/themes/suffusion/images/bg-red.png HTTP/1.1" 200 338 "http://www.napierarchery.org.uk/" "Mozilla/4.0 (compatible; MSIE 8.0; Windows NT 6.1; Trident/4.0; SLCC2; .NET CLR 2.0.50727; .NET CLR 3.5.30729; .NET CLR 3.0.30729; Media Center PC 6.0)"
94.168.185.129 - - [01/Oct/2011:19:26:11 +0100] "GET /wp-content/themes/suffusion/images/arrows.gif HTTP/1.1" 200 1244 "http://www.napierarchery.org.uk/" "Mozilla/4.0 (compatible; MSIE 8.0; Windows NT 6.1; Trident/4.0; SLCC2; .NET CLR 2.0.50727; .NET CLR 3.5.30729; .NET CLR 3.0.30729; Media Center PC 6.0)"
66.249.71.250 - - [01/Oct/2011:19:30:44 +0100] "GET / HTTP/1.1" 200 33422 "-" "Mozilla/5.0 (compatible; Googlebot/2.1; +http://www.google.com/bot.html)"
77.88.27.27 - - [01/Oct/2011:19:37:11 +0100] "GET /results/2007_03_03_BUTC.pdf HTTP/1.1" 404 14816 "-" "Mozilla/5.0 (compatible; YandexBot/3.0; +http://yandex.com/bots)"
66.249.71.250 - - [01/Oct/2011:19:55:41 +0100] "GET /results/2008_02_16_SUS_LM.xls HTTP/1.1" 404 14816 "-" "Mozilla/5.0 (compatible; Googlebot/2.1; +http://www.google.com/bot.html)"
66.249.71.250 - - [01/Oct/2011:19:56:18 +0100] "GET /viewgallery.php?gallery=1 HTTP/1.1" 404 14816 "-" "Mozilla/5.0 (compatible; Googlebot/2.1; +http://www.google.com/bot.html)"
95.108.158.236 - - [01/Oct/2011:20:06:51 +0100] "GET /gallery/thumbs/93.jpg HTTP/1.1" 404 14816 "-" "Mozilla/5.0 (compatible; YandexImages/3.0; +http://yandex.com/bots)"
77.88.27.27 - - [01/Oct/2011:20:19:05 +0100] "GET /results/2006_06_17_BUSA_OC_trad.pdf HTTP/1.1" 404 14816 "-" "Mozilla/5.0 (compatible; YandexBot/3.0; +http://yandex.com/bots)"
95.108.158.236 - - [01/Oct/2011:20:20:26 +0100] "GET /gallery/thumbs/66.jpg HTTP/1.1" 404 14816 "-" "Mozilla/5.0 (compatible; YandexImages/3.0; +http://yandex.com/bots)"
67.195.37.186 - - [01/Oct/2011:20:31:30 +0100] "GET /results/2007_05_05_SUS_OC.xls HTTP/1.0" 404 14816 "-" "Mozilla/5.0 (compatible; Yahoo! Slurp; http://help.yahoo.com/help/us/ysearch/slurp)"
67.195.37.186 - - [01/Oct/2011:20:31:30 +0100] "GET /wp-content/themes/suffusion/style.css?ver=3.8.3 HTTP/1.0" 200 63146 "http://www.napierarchery.org.uk/results/2007_05_05_SUS_OC.xls" "Mozilla/5.0 (compatible; Yahoo! Slurp; http://help.yahoo.com/help/us/ysearch/slurp)"
67.195.37.186 - - [01/Oct/2011:20:31:32 +0100] "GET /wp-content/themes/suffusion/skins/light-theme-red/skin.css?ver=3.8.3 HTTP/1.0" 200 10167 "http://www.napierarchery.org.uk/results/2007_05_05_SUS_OC.xls" "Mozilla/5.0 (compatible; Yahoo! Slurp; http://help.yahoo.com/help/us/ysearch/slurp)"
67.195.37.186 - - [01/Oct/2011:20:31:32 +0100] "GET /wp-content/themes/suffusion/rounded-corners.css?ver=3.8.3 HTTP/1.0" 200 6025 "http://www.napierarchery.org.uk/results/2007_05_05_SUS_OC.xls" "Mozilla/5.0 (compatible; Yahoo! Slurp; http://help.yahoo.com/help/us/ysearch/slurp)"
31.192.105.2 - - [01/Oct/2011:20:31:33 +0100] "GET /author/admin/ HTTP/1.0" 301 - "http://www.napierarchery.org.uk/author/admin/" "Mozilla/4.0 (compatible; MSIE 5.5; Windows NT 4.0; .NET CLR 1.0.2914)"
67.195.37.186 - - [01/Oct/2011:20:31:33 +0100] "GET /?ver=3.8.3&suffusion-css=css HTTP/1.0" 200 26308 "http://www.napierarchery.org.uk/results/2007_05_05_SUS_OC.xls" "Mozilla/5.0 (compatible; Yahoo! Slurp; http://help.yahoo.com/help/us/ysearch/slurp)"
31.192.105.2 - - [01/Oct/2011:20:31:33 +0100] "GET /author/admin HTTP/1.0" 200 24650 "http://www.napierarchery.org.uk/author/admin" "Mozilla/4.0 (compatible; MSIE 5.5; Windows NT 4.0; .NET CLR 1.0.2914)"
95.108.158.236 - - [01/Oct/2011:20:34:16 +0100] "GET /gallery/thumbs/99.jpg HTTP/1.1" 404 14816 "-" "Mozilla/5.0 (compatible; YandexImages/3.0; +http://yandex.com/bots)"
95.108.158.236 - - [01/Oct/2011:20:48:09 +0100] "GET /gallery/thumbs/60.jpg HTTP/1.1" 404 14816 "-" "Mozilla/5.0 (compatible; YandexImages/3.0; +http://yandex.com/bots)"
95.108.158.236 - - [01/Oct/2011:21:01:13 +0100] "GET /gallery/152.jpg HTTP/1.1" 404 14816 "-" "Mozilla/5.0 (compatible; YandexImages/3.0; +http://yandex.com/bots)"
67.195.37.186 - - [01/Oct/2011:21:10:13 +0100] "GET /262/sunday-session-indoors HTTP/1.0" 200 17013 "-" "Mozilla/5.0 (compatible; Yahoo! Slurp; http://help.yahoo.com/help/us/ysearch/slurp)"
95.108.158.236 - - [01/Oct/2011:21:15:04 +0100] "GET /gallery/11.jpg HTTP/1.1" 404 14816 "-" "Mozilla/5.0 (compatible; YandexImages/3.0; +http://yandex.com/bots)"
77.88.27.27 - - [01/Oct/2011:21:18:05 +0100] "GET /results/2008_03_01_BUSA_IC.pdf HTTP/1.1" 404 14816 "-" "Mozilla/5.0 (compatible; YandexBot/3.0; +http://yandex.com/bots)"
94.175.91.75 - - [01/Oct/2011:21:24:49 +0100] "GET /feed HTTP/1.1" 304 - "-" "Mozilla/5.0 (Windows NT 6.1; WOW64; rv:7.0) Gecko/20110922 Thunderbird/7.0"
95.108.158.236 - - [01/Oct/2011:21:28:07 +0100] "GET /gallery/87.jpg HTTP/1.1" 404 14816 "-" "Mozilla/5.0 (compatible; YandexImages/3.0; +http://yandex.com/bots)"
72.14.199.218 - - [01/Oct/2011:21:29:48 +0100] "GET /feed HTTP/1.1" 304 - "-" "Feedfetcher-Google; (+http://www.google.com/feedfetcher.html; 1 subscribers; feed-id=16713175292228938239)"
88.113.1.233 - - [01/Oct/2011:21:34:29 +0100] "GET /robots.txt HTTP/1.0" 200 24 "-" "Mozilla/5.0 (compatible; MJ12bot/v1.4.0; http://www.majestic12.co.uk/bot.php?+)"
88.113.1.233 - - [01/Oct/2011:21:34:31 +0100] "GET / HTTP/1.1" 200 33422 "-" "Mozilla/5.0 (compatible; MJ12bot/v1.4.0; http://www.majestic12.co.uk/bot.php?+)"
67.195.37.186 - - [01/Oct/2011:21:35:42 +0100] "GET /results/2006_06_17_BUSA_OC_trad.pdf HTTP/1.0" 404 14816 "-" "Mozilla/5.0 (compatible; Yahoo! Slurp; http://help.yahoo.com/help/us/ysearch/slurp)"
66.249.71.250 - - [01/Oct/2011:21:36:17 +0100] "GET /_results/2008_02_16_SUS_LM.xls HTTP/1.1" 200 28160 "-" "Mozilla/5.0 (compatible; Googlebot/2.1; +http://www.google.com/bot.html)"
95.108.158.236 - - [01/Oct/2011:21:40:34 +0100] "GET /images/Burstfire_w150.gif HTTP/1.1" 404 14816 "-" "Mozilla/5.0 (compatible; YandexImages/3.0; +http://yandex.com/bots)"
95.108.158.236 - - [01/Oct/2011:21:53:04 +0100] "GET /gallery/73.jpg HTTP/1.1" 404 14816 "-" "Mozilla/5.0 (compatible; YandexImages/3.0; +http://yandex.com/bots)"
86.148.63.126 - - [01/Oct/2011:22:05:22 +0100] "GET / HTTP/1.1" 200 33422 "http://www.google.co.uk/search?sourceid=ie7&q=NAPIER+UNIVERSITY+ARCHERY+CLUB&rls=com.microsoft:en-gb:IE-Address&ie=UTF-8&oe=UTF-8&rlz=1I7ACEW_enGB386&redir_esc=&ei=nICHTpCvPNK10QXNo7UD" "Mozilla/4.0 (compatible; MSIE 8.0; Windows NT 5.1; Trident/4.0; GTB7.1; .NET CLR 1.1.4322; .NET CLR 2.0.50727; .NET CLR 3.0.4506.2152; .NET CLR 3.5.30729)"
86.148.63.126 - - [01/Oct/2011:22:05:22 +0100] "GET /wp-includes/js/l10n.js?ver=20101110 HTTP/1.1" 200 308 "http://www.napierarchery.org.uk/" "Mozilla/4.0 (compatible; MSIE 8.0; Windows NT 5.1; Trident/4.0; GTB7.1; .NET CLR 1.1.4322; .NET CLR 2.0.50727; .NET CLR 3.0.4506.2152; .NET CLR 3.5.30729)"
86.148.63.126 - - [01/Oct/2011:22:05:22 +0100] "GET /wp-content/themes/suffusion/scripts/suffusion.js?ver=3.8.3 HTTP/1.1" 200 16294 "http://www.napierarchery.org.uk/" "Mozilla/4.0 (compatible; MSIE 8.0; Windows NT 5.1; Trident/4.0; GTB7.1; .NET CLR 1.1.4322; .NET CLR 2.0.50727; .NET CLR 3.0.4506.2152; .NET CLR 3.5.30729)"
86.148.63.126 - - [01/Oct/2011:22:05:22 +0100] "GET /wp-content/themes/suffusion/skins/light-theme-red/skin.css?ver=3.8.3 HTTP/1.1" 200 10167 "http://www.napierarchery.org.uk/" "Mozilla/4.0 (compatible; MSIE 8.0; Windows NT 5.1; Trident/4.0; GTB7.1; .NET CLR 1.1.4322; .NET CLR 2.0.50727; .NET CLR 3.0.4506.2152; .NET CLR 3.5.30729)"
86.148.63.126 - - [01/Oct/2011:22:05:22 +0100] "GET /wp-content/themes/suffusion/style.css?ver=3.8.3 HTTP/1.1" 200 63146 "http://www.napierarchery.org.uk/" "Mozilla/4.0 (compatible; MSIE 8.0; Windows NT 5.1; Trident/4.0; GTB7.1; .NET CLR 1.1.4322; .NET CLR 2.0.50727; .NET CLR 3.0.4506.2152; .NET CLR 3.5.30729)"
86.148.63.126 - - [01/Oct/2011:22:05:22 +0100] "GET /?ver=3.8.3&suffusion-css=css HTTP/1.1" 200 26308 "http://www.napierarchery.org.uk/" "Mozilla/4.0 (compatible; MSIE 8.0; Windows NT 5.1; Trident/4.0; GTB7.1; .NET CLR 1.1.4322; .NET CLR 2.0.50727; .NET CLR 3.0.4506.2152; .NET CLR 3.5.30729)"
86.148.63.126 - - [01/Oct/2011:22:05:23 +0100] "GET /wp-includes/js/jquery/jquery.js?ver=1.6.1 HTTP/1.1" 200 91363 "http://www.napierarchery.org.uk/" "Mozilla/4.0 (compatible; MSIE 8.0; Windows NT 5.1; Trident/4.0; GTB7.1; .NET CLR 1.1.4322; .NET CLR 2.0.50727; .NET CLR 3.0.4506.2152; .NET CLR 3.5.30729)"
86.148.63.126 - - [01/Oct/2011:22:05:24 +0100] "GET /wp-content/themes/suffusion/images/search-button-red.png HTTP/1.1" 200 762 "http://www.napierarchery.org.uk/" "Mozilla/4.0 (compatible; MSIE 8.0; Windows NT 5.1; Trident/4.0; GTB7.1; .NET CLR 1.1.4322; .NET CLR 2.0.50727; .NET CLR 3.0.4506.2152; .NET CLR 3.5.30729)"
86.148.63.126 - - [01/Oct/2011:22:05:24 +0100] "GET /wp-content/themes/suffusion/images/iconset-0.png HTTP/1.1" 200 12891 "http://www.napierarchery.org.uk/" "Mozilla/4.0 (compatible; MSIE 8.0; Windows NT 5.1; Trident/4.0; GTB7.1; .NET CLR 1.1.4322; .NET CLR 2.0.50727; .NET CLR 3.0.4506.2152; .NET CLR 3.5.30729)"
86.148.63.126 - - [01/Oct/2011:22:05:24 +0100] "GET /wp-content/uploads/2011/08/napierarchery_logo.png HTTP/1.1" 200 21713 "http://www.napierarchery.org.uk/" "Mozilla/4.0 (compatible; MSIE 8.0; Windows NT 5.1; Trident/4.0; GTB7.1; .NET CLR 1.1.4322; .NET CLR 2.0.50727; .NET CLR 3.0.4506.2152; .NET CLR 3.5.30729)"
86.148.63.126 - - [01/Oct/2011:22:05:24 +0100] "GET /wp-content/themes/suffusion/images/calred.png HTTP/1.1" 200 2155 "http://www.napierarchery.org.uk/" "Mozilla/4.0 (compatible; MSIE 8.0; Windows NT 5.1; Trident/4.0; GTB7.1; .NET CLR 1.1.4322; .NET CLR 2.0.50727; .NET CLR 3.0.4506.2152; .NET CLR 3.5.30729)"
86.148.63.126 - - [01/Oct/2011:22:05:24 +0100] "GET /wp-content/themes/suffusion/images/icons/bulletred.png HTTP/1.1" 200 370 "http://www.napierarchery.org.uk/" "Mozilla/4.0 (compatible; MSIE 8.0; Windows NT 5.1; Trident/4.0; GTB7.1; .NET CLR 1.1.4322; .NET CLR 2.0.50727; .NET CLR 3.0.4506.2152; .NET CLR 3.5.30729)"
86.148.63.126 - - [01/Oct/2011:22:05:24 +0100] "GET /resources/NUACfav.png HTTP/1.1" 200 10132 "-" "Mozilla/4.0 (compatible; MSIE 8.0; Windows NT 5.1; Trident/4.0; GTB7.1; .NET CLR 1.1.4322; .NET CLR 2.0.50727; .NET CLR 3.0.4506.2152; .NET CLR 3.5.30729)"
86.148.63.126 - - [01/Oct/2011:22:05:24 +0100] "GET /wp-content/themes/suffusion/images/bg-red.png HTTP/1.1" 200 338 "http://www.napierarchery.org.uk/" "Mozilla/4.0 (compatible; MSIE 8.0; Windows NT 5.1; Trident/4.0; GTB7.1; .NET CLR 1.1.4322; .NET CLR 2.0.50727; .NET CLR 3.0.4506.2152; .NET CLR 3.5.30729)"
86.148.63.126 - - [01/Oct/2011:22:05:24 +0100] "GET /wp-content/themes/suffusion/images/arrows.gif HTTP/1.1" 200 1244 "http://www.napierarchery.org.uk/" "Mozilla/4.0 (compatible; MSIE 8.0; Windows NT 5.1; Trident/4.0; GTB7.1; .NET CLR 1.1.4322; .NET CLR 2.0.50727; .NET CLR 3.0.4506.2152; .NET CLR 3.5.30729)"
95.108.158.236 - - [01/Oct/2011:22:06:24 +0100] "GET /gallery/thumbs/143.jpg HTTP/1.1" 404 14816 "-" "Mozilla/5.0 (compatible; YandexImages/3.0; +http://yandex.com/bots)"
86.148.63.126 - - [01/Oct/2011:22:07:10 +0100] "GET /office-holders HTTP/1.1" 200 17575 "http://www.napierarchery.org.uk/" "Mozilla/4.0 (compatible; MSIE 8.0; Windows NT 5.1; Trident/4.0; GTB7.1; .NET CLR 1.1.4322; .NET CLR 2.0.50727; .NET CLR 3.0.4506.2152; .NET CLR 3.5.30729)"
86.148.63.126 - - [01/Oct/2011:22:07:12 +0100] "GET /wp-includes/js/comment-reply.js?ver=20090102 HTTP/1.1" 200 786 "http://www.napierarchery.org.uk/office-holders" "Mozilla/4.0 (compatible; MSIE 8.0; Windows NT 5.1; Trident/4.0; GTB7.1; .NET CLR 1.1.4322; .NET CLR 2.0.50727; .NET CLR 3.0.4506.2152; .NET CLR 3.5.30729)"
86.148.63.126 - - [01/Oct/2011:22:07:12 +0100] "GET /?ver=3.8.3&suffusion-css=css HTTP/1.1" 200 26308 "http://www.napierarchery.org.uk/office-holders" "Mozilla/4.0 (compatible; MSIE 8.0; Windows NT 5.1; Trident/4.0; GTB7.1; .NET CLR 1.1.4322; .NET CLR 2.0.50727; .NET CLR 3.0.4506.2152; .NET CLR 3.5.30729)"
86.148.63.126 - - [01/Oct/2011:22:07:13 +0100] "GET /resources/NUACfav.png HTTP/1.1" 200 10132 "-" "Mozilla/4.0 (compatible; MSIE 8.0; Windows NT 5.1; Trident/4.0; GTB7.1; .NET CLR 1.1.4322; .NET CLR 2.0.50727; .NET CLR 3.0.4506.2152; .NET CLR 3.5.30729)"
86.148.63.126 - - [01/Oct/2011:22:09:48 +0100] "GET /contact HTTP/1.1" 200 15897 "http://www.napierarchery.org.uk/office-holders" "Mozilla/4.0 (compatible; MSIE 8.0; Windows NT 5.1; Trident/4.0; GTB7.1; .NET CLR 1.1.4322; .NET CLR 2.0.50727; .NET CLR 3.0.4506.2152; .NET CLR 3.5.30729)"
86.148.63.126 - - [01/Oct/2011:22:09:48 +0100] "GET /?ver=3.8.3&suffusion-css=css HTTP/1.1" 200 26308 "http://www.napierarchery.org.uk/contact" "Mozilla/4.0 (compatible; MSIE 8.0; Windows NT 5.1; Trident/4.0; GTB7.1; .NET CLR 1.1.4322; .NET CLR 2.0.50727; .NET CLR 3.0.4506.2152; .NET CLR 3.5.30729)"
86.148.63.126 - - [01/Oct/2011:22:10:15 +0100] "GET /calendars HTTP/1.1" 200 16878 "http://www.napierarchery.org.uk/contact" "Mozilla/4.0 (compatible; MSIE 8.0; Windows NT 5.1; Trident/4.0; GTB7.1; .NET CLR 1.1.4322; .NET CLR 2.0.50727; .NET CLR 3.0.4506.2152; .NET CLR 3.5.30729)"
86.148.63.126 - - [01/Oct/2011:22:10:16 +0100] "GET /?ver=3.8.3&suffusion-css=css HTTP/1.1" 200 26308 "http://www.napierarchery.org.uk/calendars" "Mozilla/4.0 (compatible; MSIE 8.0; Windows NT 5.1; Trident/4.0; GTB7.1; .NET CLR 1.1.4322; .NET CLR 2.0.50727; .NET CLR 3.0.4506.2152; .NET CLR 3.5.30729)"
95.108.158.236 - - [01/Oct/2011:22:19:58 +0100] "GET /gallery/168.jpg HTTP/1.1" 404 14816 "-" "Mozilla/5.0 (compatible; YandexImages/3.0; +http://yandex.com/bots)"
95.108.158.236 - - [01/Oct/2011:22:33:39 +0100] "GET /gallery/thumbs/123.jpg HTTP/1.1" 404 14816 "-" "Mozilla/5.0 (compatible; YandexImages/3.0; +http://yandex.com/bots)"
217.171.129.78 - - [01/Oct/2011:22:35:54 +0100] "GET /feed HTTP/1.1" 301 - "-" "Ilium Software NewsBreak http://www.iliumsoft.com"
77.88.27.27 - - [01/Oct/2011:22:36:17 +0100] "GET /_results/2006_05_06_SUS_OC.xls HTTP/1.1" 200 32256 "-" "Mozilla/5.0 (compatible; YandexBot/3.0; +http://yandex.com/bots)"
174.129.237.157 - - [01/Oct/2011:22:41:07 +0100] "GET /robots.txt HTTP/1.0" 200 24 "-" "ia_archiver (+http://www.alexa.com/site/help/webmasters; crawler@alexa.com)"
174.129.237.157 - - [01/Oct/2011:22:41:08 +0100] "GET /office-holders HTTP/1.0" 200 17575 "-" "ia_archiver (+http://www.alexa.com/site/help/webmasters; crawler@alexa.com)"
95.108.158.236 - - [01/Oct/2011:22:47:05 +0100] "GET /gallery/115.jpg HTTP/1.1" 404 14816 "-" "Mozilla/5.0 (compatible; YandexImages/3.0; +http://yandex.com/bots)"
67.195.37.186 - - [01/Oct/2011:22:51:36 +0100] "GET /robots.txt HTTP/1.0" 200 24 "-" "Mozilla/5.0 (compatible; Yahoo! Slurp; http://help.yahoo.com/help/us/ysearch/slurp)"
67.195.37.186 - - [01/Oct/2011:22:51:37 +0100] "GET /xmlrpc.php HTTP/1.0" 200 42 "-" "Mozilla/5.0 (compatible; Yahoo! Slurp; http://help.yahoo.com/help/us/ysearch/slurp)"
88.214.193.166 - - [01/Oct/2011:22:57:26 +0100] "GET / HTTP/1.1" 301 - "http://www.whorush.com/search/?q=napierarchery.org.uk" "Mozilla/4.0 (compatible; MSIE 7.0; Windows NT 6.0; MRA 5.6 (build 3399); MRSPUTNIK 2, 3, 0, 104; SLCC1; .NET CLR 2.0.50727; Media Center PC 5.0; .NET CLR 3.5.30729; .NET CLR 3.0.30618)"
88.214.193.166 - - [01/Oct/2011:22:57:27 +0100] "GET / HTTP/1.1" 200 33422 "http://napierarchery.org.uk" "Mozilla/4.0 (compatible; MSIE 7.0; Windows NT 6.0; MRA 5.6 (build 3399); MRSPUTNIK 2, 3, 0, 104; SLCC1; .NET CLR 2.0.50727; Media Center PC 5.0; .NET CLR 3.5.30729; .NET CLR 3.0.30618)"
95.108.158.236 - - [01/Oct/2011:23:00:24 +0100] "GET /gallery/160.jpg HTTP/1.1" 404 14816 "-" "Mozilla/5.0 (compatible; YandexImages/3.0; +http://yandex.com/bots)"
88.214.193.166 - - [01/Oct/2011:23:13:45 +0100] "GET / HTTP/1.1" 301 - "http://www.semrush.com/ru/info/napierarchery.org.uk" "Mozilla/4.0 (compatible; MSIE 7.0; Windows NT 5.1; CWADS32; .NET CLR 1.0.3705; .NET CLR 1.1.4322; .NET CLR 2.0.50727; InfoPath.2)"
88.214.193.166 - - [01/Oct/2011:23:13:46 +0100] "GET / HTTP/1.1" 200 33422 "http://napierarchery.org.uk" "Mozilla/4.0 (compatible; MSIE 7.0; Windows NT 5.1; CWADS32; .NET CLR 1.0.3705; .NET CLR 1.1.4322; .NET CLR 2.0.50727; InfoPath.2)"
95.108.158.236 - - [01/Oct/2011:23:14:45 +0100] "GET /gallery/thumbs/171.jpg HTTP/1.1" 404 14816 "-" "Mozilla/5.0 (compatible; YandexImages/3.0; +http://yandex.com/bots)"
77.88.27.27 - - [01/Oct/2011:23:22:46 +0100] "GET /_results/2010_03_13_BUCS_IC.xls HTTP/1.1" 200 138752 "-" "Mozilla/5.0 (compatible; YandexBot/3.0; +http://yandex.com/bots)"
124.115.6.13 - - [01/Oct/2011:23:26:41 +0100] "GET /robots.txt HTTP/1.1" 200 24 "-" "Sosospider+(+http://help.soso.com/webspider.htm)"
95.108.158.236 - - [01/Oct/2011:23:29:11 +0100] "GET /gallery/thumbs/118.jpg HTTP/1.1" 404 14816 "-" "Mozilla/5.0 (compatible; YandexImages/3.0; +http://yandex.com/bots)"
95.108.158.236 - - [01/Oct/2011:23:41:56 +0100] "GET /gallery/thumbs/98.jpg HTTP/1.1" 404 14816 "-" "Mozilla/5.0 (compatible; YandexImages/3.0; +http://yandex.com/bots)"
82.45.61.198 - - [01/Oct/2011:23:50:51 +0100] "GET / HTTP/1.1" 200 33422 "-" "Mozilla/5.0 (compatible; MSIE 9.0; Windows NT 6.1; Trident/5.0; 360SE)"
82.45.61.198 - - [01/Oct/2011:23:50:51 +0100] "GET /wp-content/themes/suffusion/style.css?ver=3.8.3 HTTP/1.1" 200 63146 "http://www.napierarchery.org.uk/" "Mozilla/5.0 (compatible; MSIE 9.0; Windows NT 6.1; Trident/5.0; 360SE)"
82.45.61.198 - - [01/Oct/2011:23:50:52 +0100] "GET /wp-content/themes/suffusion/scripts/suffusion.js?ver=3.8.3 HTTP/1.1" 200 16294 "http://www.napierarchery.org.uk/" "Mozilla/5.0 (compatible; MSIE 9.0; Windows NT 6.1; Trident/5.0; 360SE)"
82.45.61.198 - - [01/Oct/2011:23:50:52 +0100] "GET /wp-content/uploads/2011/08/napierarchery_logo.png HTTP/1.1" 200 21713 "http://www.napierarchery.org.uk/" "Mozilla/5.0 (compatible; MSIE 9.0; Windows NT 6.1; Trident/5.0; 360SE)"
82.45.61.198 - - [01/Oct/2011:23:50:52 +0100] "GET /?ver=3.8.3&suffusion-css=css HTTP/1.1" 200 26308 "http://www.napierarchery.org.uk/" "Mozilla/5.0 (compatible; MSIE 9.0; Windows NT 6.1; Trident/5.0; 360SE)"
82.45.61.198 - - [01/Oct/2011:23:50:52 +0100] "GET /wp-content/themes/suffusion/skins/light-theme-red/skin.css?ver=3.8.3 HTTP/1.1" 200 10167 "http://www.napierarchery.org.uk/" "Mozilla/5.0 (compatible; MSIE 9.0; Windows NT 6.1; Trident/5.0; 360SE)"
82.45.61.198 - - [01/Oct/2011:23:50:52 +0100] "GET /wp-content/themes/suffusion/rounded-corners.css?ver=3.8.3 HTTP/1.1" 200 6025 "http://www.napierarchery.org.uk/" "Mozilla/5.0 (compatible; MSIE 9.0; Windows NT 6.1; Trident/5.0; 360SE)"
82.45.61.198 - - [01/Oct/2011:23:50:52 +0100] "GET /wp-includes/js/l10n.js?ver=20101110 HTTP/1.1" 304 - "http://www.napierarchery.org.uk/" "Mozilla/5.0 (compatible; MSIE 9.0; Windows NT 6.1; Trident/5.0; 360SE)"
82.45.61.198 - - [01/Oct/2011:23:50:52 +0100] "GET /wp-includes/js/jquery/jquery.js?ver=1.6.1 HTTP/1.1" 200 91363 "http://www.napierarchery.org.uk/" "Mozilla/5.0 (compatible; MSIE 9.0; Windows NT 6.1; Trident/5.0; 360SE)"
82.45.61.198 - - [01/Oct/2011:23:50:53 +0100] "GET /favicon.ico HTTP/1.1" 200 - "-" "Mozilla/5.0 (compatible; MSIE 9.0; Windows NT 6.1; Trident/5.0; 360SE)"
113.108.92.91 - - [01/Oct/2011:23:50:53 +0100] "GET / HTTP/1.1" 200 33422 "-" "-"
82.45.61.198 - - [01/Oct/2011:23:50:55 +0100] "GET /wp-content/themes/suffusion/images/search-button-red.png HTTP/1.1" 200 762 "http://www.napierarchery.org.uk/" "Mozilla/5.0 (compatible; MSIE 9.0; Windows NT 6.1; Trident/5.0; 360SE)"
82.45.61.198 - - [01/Oct/2011:23:50:55 +0100] "GET /wp-content/themes/suffusion/images/calred.png HTTP/1.1" 200 2155 "http://www.napierarchery.org.uk/" "Mozilla/5.0 (compatible; MSIE 9.0; Windows NT 6.1; Trident/5.0; 360SE)"
82.45.61.198 - - [01/Oct/2011:23:50:55 +0100] "GET /wp-content/themes/suffusion/images/iconset-0.png HTTP/1.1" 200 12891 "http://www.napierarchery.org.uk/" "Mozilla/5.0 (compatible; MSIE 9.0; Windows NT 6.1; Trident/5.0; 360SE)"
82.45.61.198 - - [01/Oct/2011:23:50:55 +0100] "GET /wp-content/themes/suffusion/images/icons/bulletred.png HTTP/1.1" 200 370 "http://www.napierarchery.org.uk/" "Mozilla/5.0 (compatible; MSIE 9.0; Windows NT 6.1; Trident/5.0; 360SE)"
82.45.61.198 - - [01/Oct/2011:23:50:56 +0100] "GET /favicon.ico HTTP/1.1" 200 - "-" "360se"
82.45.61.198 - - [01/Oct/2011:23:50:58 +0100] "GET /wp-content/themes/suffusion/images/bg-red.png HTTP/1.1" 200 338 "http://www.napierarchery.org.uk/" "Mozilla/5.0 (compatible; MSIE 9.0; Windows NT 6.1; Trident/5.0; 360SE)"
82.45.61.198 - - [01/Oct/2011:23:50:58 +0100] "GET /wp-content/themes/suffusion/images/arrows.gif HTTP/1.1" 200 1244 "http://www.napierarchery.org.uk/" "Mozilla/5.0 (compatible; MSIE 9.0; Windows NT 6.1; Trident/5.0; 360SE)"
113.108.92.91 - - [01/Oct/2011:23:51:00 +0100] "GET /wp-includes/js/l10n.js?ver=20101110 HTTP/1.1" 200 308 "-" "-"
113.108.92.91 - - [01/Oct/2011:23:51:00 +0100] "GET /wp-content/themes/suffusion/scripts/suffusion.js?ver=3.8.3 HTTP/1.1" 200 16294 "-" "-"
113.108.92.91 - - [01/Oct/2011:23:51:00 +0100] "GET /wp-includes/js/jquery/jquery.js?ver=1.6.1 HTTP/1.1" 200 91363 "-" "-"
113.108.92.91 - - [01/Oct/2011:23:51:02 +0100] "GET /wp-includes/js/jquery/jquery.js?ver=1.6.1 HTTP/1.1" 200 91363 "-" "-"
82.45.61.198 - - [01/Oct/2011:23:51:04 +0100] "GET /calendars HTTP/1.1" 200 16878 "http://www.napierarchery.org.uk/" "Mozilla/5.0 (compatible; MSIE 9.0; Windows NT 6.1; Trident/5.0; 360SE)"
195.212.29.78 - - [01/Oct/2011:23:52:01 +0100] "GET /wp-content/themes/suffusion/skins/light-theme-red/skin.css?ver=3.8.3 HTTP/1.1" 304 - "-" "Mozilla/4.0 (compatible;)"
82.45.61.198 - - [01/Oct/2011:23:52:48 +0100] "GET /favicon.ico HTTP/1.1" 200 - "-" "360se"
195.212.29.78 - - [01/Oct/2011:23:54:00 +0100] "GET /wp-content/themes/suffusion/style.css?ver=3.8.3 HTTP/1.1" 304 - "-" "Mozilla/4.0 (compatible;)"
195.212.29.78 - - [01/Oct/2011:23:54:36 +0100] "GET /wp-content/themes/suffusion/rounded-corners.css?ver=3.8.3 HTTP/1.1" 304 - "-" "Mozilla/4.0 (compatible;)"
195.212.29.78 - - [01/Oct/2011:23:55:19 +0100] "GET /wp-content/themes/suffusion/scripts/suffusion.js?ver=3.8.3 HTTP/1.1" 304 - "-" "Mozilla/4.0 (compatible;)"
95.108.158.236 - - [01/Oct/2011:23:57:06 +0100] "GET /gallery/104.jpg HTTP/1.1" 404 14816 "-" "Mozilla/5.0 (compatible; YandexImages/3.0; +http://yandex.com/bots)"
46.251.237.178 - - [02/Oct/2011:00:04:40 +0100] "GET / HTTP/1.0" 200 33422 "http://www.napierarchery.org.uk/" "Mozilla/4.79 [en] (Windows NT 5.0; U)"
95.108.158.236 - - [02/Oct/2011:00:09:13 +0100] "GET /gallery/thumbs/59.jpg HTTP/1.1" 404 14816 "-" "Mozilla/5.0 (compatible; YandexImages/3.0; +http://yandex.com/bots)"
86.179.77.245 - - [02/Oct/2011:00:10:17 +0100] "GET / HTTP/1.1" 200 33422 "-" "Mozilla/5.0 (Windows NT 6.1; rv:2.0.1) Gecko/20100101 Firefox/4.0.1"
86.179.77.245 - - [02/Oct/2011:00:10:18 +0100] "GET /wp-content/themes/suffusion/style.css?ver=3.8.3 HTTP/1.1" 304 - "http://www.napierarchery.org.uk/" "Mozilla/5.0 (Windows NT 6.1; rv:2.0.1) Gecko/20100101 Firefox/4.0.1"
86.179.77.245 - - [02/Oct/2011:00:10:18 +0100] "GET /wp-content/themes/suffusion/skins/light-theme-red/skin.css?ver=3.8.3 HTTP/1.1" 304 - "http://www.napierarchery.org.uk/" "Mozilla/5.0 (Windows NT 6.1; rv:2.0.1) Gecko/20100101 Firefox/4.0.1"
86.179.77.245 - - [02/Oct/2011:00:10:18 +0100] "GET /wp-content/themes/suffusion/rounded-corners.css?ver=3.8.3 HTTP/1.1" 304 - "http://www.napierarchery.org.uk/" "Mozilla/5.0 (Windows NT 6.1; rv:2.0.1) Gecko/20100101 Firefox/4.0.1"
86.179.77.245 - - [02/Oct/2011:00:10:18 +0100] "GET /wp-includes/js/l10n.js?ver=20101110 HTTP/1.1" 304 - "http://www.napierarchery.org.uk/" "Mozilla/5.0 (Windows NT 6.1; rv:2.0.1) Gecko/20100101 Firefox/4.0.1"
86.179.77.245 - - [02/Oct/2011:00:10:18 +0100] "GET /wp-includes/js/jquery/jquery.js?ver=1.6.1 HTTP/1.1" 304 - "http://www.napierarchery.org.uk/" "Mozilla/5.0 (Windows NT 6.1; rv:2.0.1) Gecko/20100101 Firefox/4.0.1"
86.179.77.245 - - [02/Oct/2011:00:10:18 +0100] "GET /wp-content/themes/suffusion/scripts/suffusion.js?ver=3.8.3 HTTP/1.1" 304 - "http://www.napierarchery.org.uk/" "Mozilla/5.0 (Windows NT 6.1; rv:2.0.1) Gecko/20100101 Firefox/4.0.1"
86.179.77.245 - - [02/Oct/2011:00:10:18 +0100] "GET /wp-content/uploads/2011/08/napierarchery_logo.png HTTP/1.1" 304 - "http://www.napierarchery.org.uk/" "Mozilla/5.0 (Windows NT 6.1; rv:2.0.1) Gecko/20100101 Firefox/4.0.1"
86.179.77.245 - - [02/Oct/2011:00:10:18 +0100] "GET /?ver=3.8.3&suffusion-css=css HTTP/1.1" 200 26308 "http://www.napierarchery.org.uk/" "Mozilla/5.0 (Windows NT 6.1; rv:2.0.1) Gecko/20100101 Firefox/4.0.1"
86.179.77.245 - - [02/Oct/2011:00:10:18 +0100] "GET /wp-content/themes/suffusion/images/search-button-red.png HTTP/1.1" 304 - "http://www.napierarchery.org.uk/wp-content/themes/suffusion/skins/light-theme-red/skin.css?ver=3.8.3" "Mozilla/5.0 (Windows NT 6.1; rv:2.0.1) Gecko/20100101 Firefox/4.0.1"
86.179.77.245 - - [02/Oct/2011:00:10:18 +0100] "GET /wp-content/themes/suffusion/images/iconset-0.png HTTP/1.1" 304 - "http://www.napierarchery.org.uk/wp-content/themes/suffusion/style.css?ver=3.8.3" "Mozilla/5.0 (Windows NT 6.1; rv:2.0.1) Gecko/20100101 Firefox/4.0.1"
86.179.77.245 - - [02/Oct/2011:00:10:18 +0100] "GET /wp-content/themes/suffusion/images/calred.png HTTP/1.1" 304 - "http://www.napierarchery.org.uk/wp-content/themes/suffusion/skins/light-theme-red/skin.css?ver=3.8.3" "Mozilla/5.0 (Windows NT 6.1; rv:2.0.1) Gecko/20100101 Firefox/4.0.1"
86.179.77.245 - - [02/Oct/2011:00:10:18 +0100] "GET /wp-content/themes/suffusion/images/icons/bulletred.png HTTP/1.1" 304 - "http://www.napierarchery.org.uk/wp-content/themes/suffusion/skins/light-theme-red/skin.css?ver=3.8.3" "Mozilla/5.0 (Windows NT 6.1; rv:2.0.1) Gecko/20100101 Firefox/4.0.1"
86.179.77.245 - - [02/Oct/2011:00:10:18 +0100] "GET /wp-content/themes/suffusion/images/arrows.gif HTTP/1.1" 304 - "http://www.napierarchery.org.uk/wp-content/themes/suffusion/style.css?ver=3.8.3" "Mozilla/5.0 (Windows NT 6.1; rv:2.0.1) Gecko/20100101 Firefox/4.0.1"
86.179.77.245 - - [02/Oct/2011:00:10:18 +0100] "GET /wp-content/themes/suffusion/images/bg-red.png HTTP/1.1" 304 - "http://www.napierarchery.org.uk/wp-content/themes/suffusion/skins/light-theme-red/skin.css?ver=3.8.3" "Mozilla/5.0 (Windows NT 6.1; rv:2.0.1) Gecko/20100101 Firefox/4.0.1"
86.179.77.245 - - [02/Oct/2011:00:10:23 +0100] "GET /calendars HTTP/1.1" 200 16878 "http://www.napierarchery.org.uk/" "Mozilla/5.0 (Windows NT 6.1; rv:2.0.1) Gecko/20100101 Firefox/4.0.1"
86.179.77.245 - - [02/Oct/2011:00:10:24 +0100] "GET /wp-content/themes/suffusion/style.css?ver=3.8.3 HTTP/1.1" 304 - "http://www.napierarchery.org.uk/calendars" "Mozilla/5.0 (Windows NT 6.1; rv:2.0.1) Gecko/20100101 Firefox/4.0.1"
86.179.77.245 - - [02/Oct/2011:00:10:24 +0100] "GET /wp-content/themes/suffusion/skins/light-theme-red/skin.css?ver=3.8.3 HTTP/1.1" 304 - "http://www.napierarchery.org.uk/calendars" "Mozilla/5.0 (Windows NT 6.1; rv:2.0.1) Gecko/20100101 Firefox/4.0.1"
86.179.77.245 - - [02/Oct/2011:00:10:24 +0100] "GET /wp-content/themes/suffusion/rounded-corners.css?ver=3.8.3 HTTP/1.1" 304 - "http://www.napierarchery.org.uk/calendars" "Mozilla/5.0 (Windows NT 6.1; rv:2.0.1) Gecko/20100101 Firefox/4.0.1"
86.179.77.245 - - [02/Oct/2011:00:10:24 +0100] "GET /wp-includes/js/l10n.js?ver=20101110 HTTP/1.1" 304 - "http://www.napierarchery.org.uk/calendars" "Mozilla/5.0 (Windows NT 6.1; rv:2.0.1) Gecko/20100101 Firefox/4.0.1"
86.179.77.245 - - [02/Oct/2011:00:10:24 +0100] "GET /wp-includes/js/comment-reply.js?ver=20090102 HTTP/1.1" 304 - "http://www.napierarchery.org.uk/calendars" "Mozilla/5.0 (Windows NT 6.1; rv:2.0.1) Gecko/20100101 Firefox/4.0.1"
86.179.77.245 - - [02/Oct/2011:00:10:24 +0100] "GET /wp-includes/js/jquery/jquery.js?ver=1.6.1 HTTP/1.1" 304 - "http://www.napierarchery.org.uk/calendars" "Mozilla/5.0 (Windows NT 6.1; rv:2.0.1) Gecko/20100101 Firefox/4.0.1"
86.179.77.245 - - [02/Oct/2011:00:10:24 +0100] "GET /wp-content/themes/suffusion/scripts/suffusion.js?ver=3.8.3 HTTP/1.1" 304 - "http://www.napierarchery.org.uk/calendars" "Mozilla/5.0 (Windows NT 6.1; rv:2.0.1) Gecko/20100101 Firefox/4.0.1"
86.179.77.245 - - [02/Oct/2011:00:10:24 +0100] "GET /?ver=3.8.3&suffusion-css=css HTTP/1.1" 200 26308 "http://www.napierarchery.org.uk/calendars" "Mozilla/5.0 (Windows NT 6.1; rv:2.0.1) Gecko/20100101 Firefox/4.0.1"
86.179.77.245 - - [02/Oct/2011:00:10:26 +0100] "GET /results HTTP/1.1" 200 27217 "http://www.napierarchery.org.uk/calendars" "Mozilla/5.0 (Windows NT 6.1; rv:2.0.1) Gecko/20100101 Firefox/4.0.1"
95.108.158.236 - - [02/Oct/2011:00:23:44 +0100] "GET /gallery/170.jpg HTTP/1.1" 404 14816 "-" "Mozilla/5.0 (compatible; YandexImages/3.0; +http://yandex.com/bots)"
67.195.37.186 - - [02/Oct/2011:00:25:04 +0100] "GET /xmlrpc.php?rsd HTTP/1.0" 200 882 "-" "Mozilla/5.0 (compatible; Yahoo! Slurp; http://help.yahoo.com/help/us/ysearch/slurp)"
95.108.158.236 - - [02/Oct/2011:00:36:13 +0100] "GET /gallery/thumbs/89.jpg HTTP/1.1" 404 14816 "-" "Mozilla/5.0 (compatible; YandexImages/3.0; +http://yandex.com/bots)"
72.14.199.218 - - [02/Oct/2011:00:36:32 +0100] "GET /feed HTTP/1.1" 200 18088 "-" "Feedfetcher-Google; (+http://www.google.com/feedfetcher.html; 1 subscribers; feed-id=16713175292228938239)"
95.108.158.236 - - [02/Oct/2011:00:48:12 +0100] "GET /gallery/thumbs/151.jpg HTTP/1.1" 404 14816 "-" "Mozilla/5.0 (compatible; YandexImages/3.0; +http://yandex.com/bots)"
77.88.27.27 - - [02/Oct/2011:00:49:23 +0100] "GET /results/2006_06_17_BUSA_OC_busa.pdf HTTP/1.1" 404 14816 "-" "Mozilla/5.0 (compatible; YandexBot/3.0; +http://yandex.com/bots)"
65.52.109.194 - - [02/Oct/2011:00:52:05 +0100] "GET /robots.txt HTTP/1.1" 200 24 "-" "Mozilla/5.0 (compatible; bingbot/2.0; +http://www.bing.com/bingbot.htm)"
65.52.109.194 - - [02/Oct/2011:00:53:00 +0100] "GET /258/important-sports-union HTTP/1.1" 200 18569 "-" "Mozilla/5.0 (compatible; bingbot/2.0; +http://www.bing.com/bingbot.htm)"
199.15.234.132 - - [02/Oct/2011:00:58:36 +0100] "GET / HTTP/1.0" 200 33422 "http://www.napierarchery.org.uk/" "Mozilla/4.0 (compatible; MSIE 7.0; Windows NT 5.1; SV1; .NET CLR 2.0.50727)"
95.108.158.236 - - [02/Oct/2011:01:00:23 +0100] "GET /gallery/180.jpg HTTP/1.1" 404 14816 "-" "Mozilla/5.0 (compatible; YandexImages/3.0; +http://yandex.com/bots)"
95.108.158.236 - - [02/Oct/2011:01:12:43 +0100] "GET /gallery/thumbs/106.jpg HTTP/1.1" 404 14816 "-" "Mozilla/5.0 (compatible; YandexImages/3.0; +http://yandex.com/bots)"
95.108.158.236 - - [02/Oct/2011:01:25:36 +0100] "GET /gallery/thumbs/166.jpg HTTP/1.1" 404 14816 "-" "Mozilla/5.0 (compatible; YandexImages/3.0; +http://yandex.com/bots)"
77.88.27.27 - - [02/Oct/2011:01:26:33 +0100] "GET /results/2007_06_16_BUSA_OC.pdf HTTP/1.1" 404 14816 "-" "Mozilla/5.0 (compatible; YandexBot/3.0; +http://yandex.com/bots)"
95.108.158.236 - - [02/Oct/2011:01:38:44 +0100] "GET /gallery/95.jpg HTTP/1.1" 404 14816 "-" "Mozilla/5.0 (compatible; YandexImages/3.0; +http://yandex.com/bots)"
77.88.27.27 - - [02/Oct/2011:01:46:58 +0100] "GET /results/2006_03_04_BUSA_IC.pdf HTTP/1.1" 404 14816 "-" "Mozilla/5.0 (compatible; YandexBot/3.0; +http://yandex.com/bots)"
98.158.20.228 - - [02/Oct/2011:01:51:11 +0100] "GET /feed HTTP/1.1" 304 - "-" "Mozilla/5.0 (Windows; U; Windows NT 5.1; en-US; rv:1.7.10) Gecko/20050716 Firefox/1.0.6"
95.108.158.236 - - [02/Oct/2011:01:51:17 +0100] "GET /gallery/118.jpg HTTP/1.1" 404 14816 "-" "Mozilla/5.0 (compatible; YandexImages/3.0; +http://yandex.com/bots)"
67.195.37.186 - - [02/Oct/2011:01:52:07 +0100] "GET /viewgallery.php?gallery=9 HTTP/1.0" 404 14816 "-" "Mozilla/5.0 (compatible; Yahoo! Slurp; http://help.yahoo.com/help/us/ysearch/slurp)"
67.195.37.186 - - [02/Oct/2011:01:52:09 +0100] "GET /wp-content/themes/suffusion/style.css?ver=3.8.3 HTTP/1.0" 304 - "http://www.napierarchery.org.uk/viewgallery.php?gallery=9" "Mozilla/5.0 (compatible; Yahoo! Slurp; http://help.yahoo.com/help/us/ysearch/slurp)"
67.195.37.186 - - [02/Oct/2011:01:52:11 +0100] "GET /wp-content/themes/suffusion/skins/light-theme-red/skin.css?ver=3.8.3 HTTP/1.0" 304 - "http://www.napierarchery.org.uk/viewgallery.php?gallery=9" "Mozilla/5.0 (compatible; Yahoo! Slurp; http://help.yahoo.com/help/us/ysearch/slurp)"
67.195.37.186 - - [02/Oct/2011:01:52:13 +0100] "GET /wp-content/themes/suffusion/rounded-corners.css?ver=3.8.3 HTTP/1.0" 304 - "http://www.napierarchery.org.uk/viewgallery.php?gallery=9" "Mozilla/5.0 (compatible; Yahoo! Slurp; http://help.yahoo.com/help/us/ysearch/slurp)"
67.195.37.186 - - [02/Oct/2011:01:52:15 +0100] "GET /?ver=3.8.3&suffusion-css=css HTTP/1.0" 200 26308 "http://www.napierarchery.org.uk/viewgallery.php?gallery=9" "Mozilla/5.0 (compatible; Yahoo! Slurp; http://help.yahoo.com/help/us/ysearch/slurp)"
77.88.27.27 - - [02/Oct/2011:02:02:01 +0100] "GET /results/2010_02_13_BUTC.pdf HTTP/1.1" 404 14816 "-" "Mozilla/5.0 (compatible; YandexBot/3.0; +http://yandex.com/bots)"
95.108.158.236 - - [02/Oct/2011:02:03:42 +0100] "GET /wp-content/uploads/2011/08/napierarchery_logo.png HTTP/1.1" 304 - "-" "Mozilla/5.0 (compatible; YandexImages/3.0; +http://yandex.com/bots)"
75.126.46.234 - - [02/Oct/2011:02:04:15 +0100] "GET /268/week-4-and-on HTTP/1.1" 200 17974 "-" "Mozilla/5.0 (Windows; U; Windows NT 6.1; en-US; rv:1.9.2.3) Gecko/20100401 Firefox/3.6.3"
75.126.46.234 - - [02/Oct/2011:02:04:19 +0100] "GET /268/week-4-and-on HTTP/1.1" 200 17974 "-" "Mozilla/5.0 (Windows; U; Windows NT 6.1; en-US; rv:1.9.2.3) Gecko/20100401 Firefox/3.6.3"
67.195.37.186 - - [02/Oct/2011:02:11:01 +0100] "GET /documents/2009_SUS_OC_entry_form.doc HTTP/1.0" 404 14816 "-" "Mozilla/5.0 (compatible; Yahoo! Slurp; http://help.yahoo.com/help/us/ysearch/slurp)"
77.88.27.27 - - [02/Oct/2011:02:12:03 +0100] "GET /_results/2008_02_09_SUS_LM.xls HTTP/1.1" 200 24576 "-" "Mozilla/5.0 (compatible; YandexBot/3.0; +http://yandex.com/bots)"
95.108.158.236 - - [02/Oct/2011:02:16:16 +0100] "GET /gallery/thumbs/139.jpg HTTP/1.1" 404 14816 "-" "Mozilla/5.0 (compatible; YandexImages/3.0; +http://yandex.com/bots)"
92.235.216.73 - - [02/Oct/2011:02:19:22 +0100] "GET /results HTTP/1.1" 200 27217 "http://www.napierarchery.org.uk/calendars" "Mozilla/5.0 (Windows NT 6.0; rv:6.0.2) Gecko/20100101 Firefox/6.0.2"
109.246.54.46 - - [02/Oct/2011:02:34:22 +0100] "GET / HTTP/1.1" 200 33557 "-" "Mozilla/4.0 (compatible; MSIE 6.0; Windows NT 5.1; SV1)"
109.246.54.46 - - [02/Oct/2011:02:34:22 +0100] "GET /wp-content/themes/suffusion/style.css?ver=3.8.3 HTTP/1.1" 304 - "http://www.napierarchery.org.uk/" "Mozilla/4.0 (compatible; MSIE 6.0; Windows NT 5.1; SV1)"
109.246.54.46 - - [02/Oct/2011:02:34:22 +0100] "GET /wp-content/themes/suffusion/skins/light-theme-red/skin.css?ver=3.8.3 HTTP/1.1" 304 - "http://www.napierarchery.org.uk/" "Mozilla/4.0 (compatible; MSIE 6.0; Windows NT 5.1; SV1)"
109.246.54.46 - - [02/Oct/2011:02:34:22 +0100] "GET /wp-content/themes/suffusion/ie-fix.css?ver=3.8.3 HTTP/1.1" 304 - "http://www.napierarchery.org.uk/" "Mozilla/4.0 (compatible; MSIE 6.0; Windows NT 5.1; SV1)"
109.246.54.46 - - [02/Oct/2011:02:34:22 +0100] "GET /wp-includes/js/l10n.js?ver=20101110 HTTP/1.1" 304 - "http://www.napierarchery.org.uk/" "Mozilla/4.0 (compatible; MSIE 6.0; Windows NT 5.1; SV1)"
109.246.54.46 - - [02/Oct/2011:02:34:22 +0100] "GET /?ver=3.8.3&suffusion-css=css HTTP/1.1" 200 26308 "http://www.napierarchery.org.uk/" "Mozilla/4.0 (compatible; MSIE 6.0; Windows NT 5.1; SV1)"
109.246.54.46 - - [02/Oct/2011:02:34:25 +0100] "GET /wp-includes/js/jquery/jquery.js?ver=1.6.1 HTTP/1.1" 304 - "http://www.napierarchery.org.uk/" "Mozilla/4.0 (compatible; MSIE 6.0; Windows NT 5.1; SV1)"
109.246.54.46 - - [02/Oct/2011:02:34:28 +0100] "GET /wp-content/themes/suffusion/scripts/suffusion.js?ver=3.8.3 HTTP/1.1" 304 - "http://www.napierarchery.org.uk/" "Mozilla/4.0 (compatible; MSIE 6.0; Windows NT 5.1; SV1)"
109.246.54.46 - - [02/Oct/2011:02:34:30 +0100] "GET /wp-content/themes/suffusion/scripts/ie-fix.js?ver=3.8.3 HTTP/1.1" 304 - "http://www.napierarchery.org.uk/" "Mozilla/4.0 (compatible; MSIE 6.0; Windows NT 5.1; SV1)"
109.246.54.46 - - [02/Oct/2011:02:34:35 +0100] "GET /wp-content/uploads/2011/08/napierarchery_logo.png HTTP/1.1" 304 - "http://www.napierarchery.org.uk/" "Mozilla/4.0 (compatible; MSIE 6.0; Windows NT 5.1; SV1)"
109.246.54.46 - - [02/Oct/2011:02:34:35 +0100] "GET /wp-content/themes/suffusion/images/search-button-red.gif HTTP/1.1" 304 - "http://www.napierarchery.org.uk/" "Mozilla/4.0 (compatible; MSIE 6.0; Windows NT 5.1; SV1)"
109.246.54.46 - - [02/Oct/2011:02:34:35 +0100] "GET /wp-content/themes/suffusion/images/icons/bulletred.png HTTP/1.1" 304 - "http://www.napierarchery.org.uk/" "Mozilla/4.0 (compatible; MSIE 6.0; Windows NT 5.1; SV1)"
109.246.54.46 - - [02/Oct/2011:02:34:35 +0100] "GET /wp-content/themes/suffusion/images/iconset-0.png HTTP/1.1" 304 - "http://www.napierarchery.org.uk/" "Mozilla/4.0 (compatible; MSIE 6.0; Windows NT 5.1; SV1)"
109.246.54.46 - - [02/Oct/2011:02:34:35 +0100] "GET /wp-content/themes/suffusion/images/calred.png HTTP/1.1" 304 - "http://www.napierarchery.org.uk/" "Mozilla/4.0 (compatible; MSIE 6.0; Windows NT 5.1; SV1)"
109.246.54.46 - - [02/Oct/2011:02:34:36 +0100] "GET /wp-content/themes/suffusion/images/icons/bulletred.png HTTP/1.1" 304 - "-" "Mozilla/4.0 (compatible; MSIE 6.0; Windows NT 5.1; SV1)"
109.246.54.46 - - [02/Oct/2011:02:34:36 +0100] "GET /wp-content/themes/suffusion/images/calred.png HTTP/1.1" 304 - "-" "Mozilla/4.0 (compatible; MSIE 6.0; Windows NT 5.1; SV1)"
109.246.54.46 - - [02/Oct/2011:02:34:36 +0100] "GET /wp-content/uploads/2011/08/napierarchery_logo.png HTTP/1.1" 304 - "-" "Mozilla/4.0 (compatible; MSIE 6.0; Windows NT 5.1; SV1)"
109.246.54.46 - - [02/Oct/2011:02:34:37 +0100] "GET /wp-content/themes/suffusion/images/bg-red.png HTTP/1.1" 304 - "http://www.napierarchery.org.uk/" "Mozilla/4.0 (compatible; MSIE 6.0; Windows NT 5.1; SV1)"
109.246.54.46 - - [02/Oct/2011:02:35:31 +0100] "GET / HTTP/1.1" 200 33557 "-" "Mozilla/4.0 (compatible; MSIE 6.0; Windows NT 5.1; SV1)"
109.246.54.46 - - [02/Oct/2011:02:35:32 +0100] "GET /wp-content/themes/suffusion/style.css?ver=3.8.3 HTTP/1.1" 304 - "http://www.napierarchery.org.uk/" "Mozilla/4.0 (compatible; MSIE 6.0; Windows NT 5.1; SV1)"
109.246.54.46 - - [02/Oct/2011:02:35:32 +0100] "GET /wp-content/themes/suffusion/skins/light-theme-red/skin.css?ver=3.8.3 HTTP/1.1" 304 - "http://www.napierarchery.org.uk/" "Mozilla/4.0 (compatible; MSIE 6.0; Windows NT 5.1; SV1)"
109.246.54.46 - - [02/Oct/2011:02:35:32 +0100] "GET /wp-content/themes/suffusion/ie-fix.css?ver=3.8.3 HTTP/1.1" 304 - "http://www.napierarchery.org.uk/" "Mozilla/4.0 (compatible; MSIE 6.0; Windows NT 5.1; SV1)"
109.246.54.46 - - [02/Oct/2011:02:35:32 +0100] "GET /wp-includes/js/l10n.js?ver=20101110 HTTP/1.1" 304 - "http://www.napierarchery.org.uk/" "Mozilla/4.0 (compatible; MSIE 6.0; Windows NT 5.1; SV1)"
109.246.54.46 - - [02/Oct/2011:02:35:32 +0100] "GET /?ver=3.8.3&suffusion-css=css HTTP/1.1" 200 26308 "http://www.napierarchery.org.uk/" "Mozilla/4.0 (compatible; MSIE 6.0; Windows NT 5.1; SV1)"
109.246.54.46 - - [02/Oct/2011:02:35:34 +0100] "GET /wp-includes/js/jquery/jquery.js?ver=1.6.1 HTTP/1.1" 304 - "http://www.napierarchery.org.uk/" "Mozilla/4.0 (compatible; MSIE 6.0; Windows NT 5.1; SV1)"
109.246.54.46 - - [02/Oct/2011:02:35:37 +0100] "GET /wp-content/themes/suffusion/scripts/suffusion.js?ver=3.8.3 HTTP/1.1" 304 - "http://www.napierarchery.org.uk/" "Mozilla/4.0 (compatible; MSIE 6.0; Windows NT 5.1; SV1)"
109.246.54.46 - - [02/Oct/2011:02:35:38 +0100] "GET /wp-content/themes/suffusion/scripts/ie-fix.js?ver=3.8.3 HTTP/1.1" 304 - "http://www.napierarchery.org.uk/" "Mozilla/4.0 (compatible; MSIE 6.0; Windows NT 5.1; SV1)"
95.108.158.236 - - [02/Oct/2011:02:35:56 +0100] "GET /gallery/80.jpg HTTP/1.1" 404 14816 "-" "Mozilla/5.0 (compatible; YandexImages/3.0; +http://yandex.com/bots)"
77.88.27.27 - - [02/Oct/2011:02:39:22 +0100] "GET /_results/2009_03_07_BUCS_IC.pdf HTTP/1.1" 304 - "-" "Mozilla/5.0 (compatible; YandexBot/3.0; +http://yandex.com/bots)"
77.88.27.27 - - [02/Oct/2011:03:09:07 +0100] "GET /results/2008_03_08_BUTC.pdf HTTP/1.1" 404 14816 "-" "Mozilla/5.0 (compatible; YandexBot/3.0; +http://yandex.com/bots)"
67.195.37.186 - - [02/Oct/2011:03:38:11 +0100] "GET /?p=127 HTTP/1.0" 301 - "-" "Mozilla/5.0 (compatible; Yahoo! Slurp; http://help.yahoo.com/help/us/ysearch/slurp)"
67.195.37.186 - - [02/Oct/2011:03:38:13 +0100] "GET /127/join-us-now HTTP/1.0" 200 16905 "-" "Mozilla/5.0 (compatible; Yahoo! Slurp; http://help.yahoo.com/help/us/ysearch/slurp)"
82.136.27.2 - - [02/Oct/2011:03:38:11 +0100] "POST /wp-cron.php?doing_wp_cron HTTP/1.0" 200 - "-" "WordPress/3.2.1; http://www.napierarchery.org.uk"
77.88.27.27 - - [02/Oct/2011:03:41:52 +0100] "GET /_results/2008_03_08_BUTC.pdf HTTP/1.1" 304 - "-" "Mozilla/5.0 (compatible; YandexBot/3.0; +http://yandex.com/bots)"
72.14.199.218 - - [02/Oct/2011:03:43:50 +0100] "GET /feed HTTP/1.1" 200 18088 "-" "Feedfetcher-Google; (+http://www.google.com/feedfetcher.html; 1 subscribers; feed-id=16713175292228938239)"
180.76.5.63 - - [02/Oct/2011:03:45:46 +0100] "GET / HTTP/1.1" 200 33422 "-" "Mozilla/5.0 (compatible; Baiduspider/2.0; +http://www.baidu.com/search/spider.html)"
77.88.27.27 - - [02/Oct/2011:03:47:51 +0100] "GET /results/2008_02_09_SUS_LM.xls HTTP/1.1" 404 14816 "-" "Mozilla/5.0 (compatible; YandexBot/3.0; +http://yandex.com/bots)"
77.88.27.27 - - [02/Oct/2011:03:49:37 +0100] "GET /_results/2007_03_03_BUTC.pdf HTTP/1.1" 304 - "-" "Mozilla/5.0 (compatible; YandexBot/3.0; +http://yandex.com/bots)"
77.88.27.27 - - [02/Oct/2011:03:55:18 +0100] "GET /_results/2008_03_01_BUSA_IC.pdf HTTP/1.1" 304 - "-" "Mozilla/5.0 (compatible; YandexBot/3.0; +http://yandex.com/bots)"
77.88.27.27 - - [02/Oct/2011:04:00:00 +0100] "GET /_results/2010_02_13_BUTC.pdf HTTP/1.1" 304 - "-" "Mozilla/5.0 (compatible; YandexBot/3.0; +http://yandex.com/bots)"
77.88.27.27 - - [02/Oct/2011:04:02:35 +0100] "GET /results/2007_03_17_BUSA_IC_busa.pdf HTTP/1.1" 404 14816 "-" "Mozilla/5.0 (compatible; YandexBot/3.0; +http://yandex.com/bots)"
124.115.0.23 - - [02/Oct/2011:04:03:15 +0100] "GET / HTTP/1.1" 301 - "-" "Sosospider+(+http://help.soso.com/webspider.htm)"
77.88.27.27 - - [02/Oct/2011:04:03:31 +0100] "GET /results/2006_12_02_SUS_NC.xls HTTP/1.1" 404 14816 "-" "Mozilla/5.0 (compatible; YandexBot/3.0; +http://yandex.com/bots)"
77.88.27.27 - - [02/Oct/2011:04:03:36 +0100] "GET /documents/Membership%20Form.doc HTTP/1.1" 404 14816 "-" "Mozilla/5.0 (compatible; YandexBot/3.0; +http://yandex.com/bots)"
67.195.37.186 - - [02/Oct/2011:04:20:21 +0100] "GET /?p=135 HTTP/1.0" 301 - "-" "Mozilla/5.0 (compatible; Yahoo! Slurp; http://help.yahoo.com/help/us/ysearch/slurp)"
67.195.37.186 - - [02/Oct/2011:04:20:21 +0100] "GET /135/first-session HTTP/1.0" 200 17316 "-" "Mozilla/5.0 (compatible; Yahoo! Slurp; http://help.yahoo.com/help/us/ysearch/slurp)"
67.195.37.186 - - [02/Oct/2011:04:20:22 +0100] "GET /wp-content/themes/suffusion/style.css?ver=3.8.3 HTTP/1.0" 304 - "http://www.napierarchery.org.uk/135/first-session" "Mozilla/5.0 (compatible; Yahoo! Slurp; http://help.yahoo.com/help/us/ysearch/slurp)"
67.195.37.186 - - [02/Oct/2011:04:20:23 +0100] "GET /wp-content/themes/suffusion/skins/light-theme-red/skin.css?ver=3.8.3 HTTP/1.0" 304 - "http://www.napierarchery.org.uk/135/first-session" "Mozilla/5.0 (compatible; Yahoo! Slurp; http://help.yahoo.com/help/us/ysearch/slurp)"
67.195.37.186 - - [02/Oct/2011:04:20:23 +0100] "GET /wp-content/themes/suffusion/rounded-corners.css?ver=3.8.3 HTTP/1.0" 304 - "http://www.napierarchery.org.uk/135/first-session" "Mozilla/5.0 (compatible; Yahoo! Slurp; http://help.yahoo.com/help/us/ysearch/slurp)"
67.195.37.186 - - [02/Oct/2011:04:20:23 +0100] "GET /?ver=3.8.3&suffusion-css=css HTTP/1.0" 200 26308 "http://www.napierarchery.org.uk/135/first-session" "Mozilla/5.0 (compatible; Yahoo! Slurp; http://help.yahoo.com/help/us/ysearch/slurp)"
180.76.5.94 - - [02/Oct/2011:04:43:34 +0100] "GET /viewgallery.php?gallery=3 HTTP/1.1" 404 14386 "-" "Mozilla/5.0 (compatible; Baiduspider/2.0; +http://www.baidu.com/search/spider.html)"
94.14.164.232 - - [02/Oct/2011:05:08:27 +0100] "GET / HTTP/1.1" 200 33422 "http://www.google.co.uk/url?sa=t&source=web&cd=1&ved=0CDQQFjAA&url=http%3A%2F%2Fwww.napierarchery.org.uk%2F&rct=j&q=napierarchery&ei=veOHTq6vI8bO0QWV6mg&usg=AFQjCNEsjfUTcMmRXu4dyYaDZmtKr9NyaQ&sig2=9rBQSJdz2iq01P6woUAD1w" "Mozilla/5.0 (Windows NT 6.1; WOW64) AppleWebKit/535.1 (KHTML, like Gecko) Chrome/14.0.835.187 Safari/535.1"
94.14.164.232 - - [02/Oct/2011:05:08:28 +0100] "GET /wp-content/themes/suffusion/skins/light-theme-red/skin.css?ver=3.8.3 HTTP/1.1" 200 10167 "http://www.napierarchery.org.uk/" "Mozilla/5.0 (Windows NT 6.1; WOW64) AppleWebKit/535.1 (KHTML, like Gecko) Chrome/14.0.835.187 Safari/535.1"
94.14.164.232 - - [02/Oct/2011:05:08:28 +0100] "GET /wp-content/themes/suffusion/rounded-corners.css?ver=3.8.3 HTTP/1.1" 200 6025 "http://www.napierarchery.org.uk/" "Mozilla/5.0 (Windows NT 6.1; WOW64) AppleWebKit/535.1 (KHTML, like Gecko) Chrome/14.0.835.187 Safari/535.1"
94.14.164.232 - - [02/Oct/2011:05:08:28 +0100] "GET /wp-content/themes/suffusion/style.css?ver=3.8.3 HTTP/1.1" 200 63146 "http://www.napierarchery.org.uk/" "Mozilla/5.0 (Windows NT 6.1; WOW64) AppleWebKit/535.1 (KHTML, like Gecko) Chrome/14.0.835.187 Safari/535.1"
94.14.164.232 - - [02/Oct/2011:05:08:28 +0100] "GET /wp-includes/js/l10n.js?ver=20101110 HTTP/1.1" 200 308 "http://www.napierarchery.org.uk/" "Mozilla/5.0 (Windows NT 6.1; WOW64) AppleWebKit/535.1 (KHTML, like Gecko) Chrome/14.0.835.187 Safari/535.1"
94.14.164.232 - - [02/Oct/2011:05:08:29 +0100] "GET /wp-content/themes/suffusion/scripts/suffusion.js?ver=3.8.3 HTTP/1.1" 200 16294 "http://www.napierarchery.org.uk/" "Mozilla/5.0 (Windows NT 6.1; WOW64) AppleWebKit/535.1 (KHTML, like Gecko) Chrome/14.0.835.187 Safari/535.1"
94.14.164.232 - - [02/Oct/2011:05:08:28 +0100] "GET /?ver=3.8.3&suffusion-css=css HTTP/1.1" 200 26308 "http://www.napierarchery.org.uk/" "Mozilla/5.0 (Windows NT 6.1; WOW64) AppleWebKit/535.1 (KHTML, like Gecko) Chrome/14.0.835.187 Safari/535.1"
94.14.164.232 - - [02/Oct/2011:05:08:28 +0100] "GET /wp-includes/js/jquery/jquery.js?ver=1.6.1 HTTP/1.1" 200 91363 "http://www.napierarchery.org.uk/" "Mozilla/5.0 (Windows NT 6.1; WOW64) AppleWebKit/535.1 (KHTML, like Gecko) Chrome/14.0.835.187 Safari/535.1"
94.14.164.232 - - [02/Oct/2011:05:08:30 +0100] "GET /wp-content/themes/suffusion/images/iconset-0.png HTTP/1.1" 200 12891 "http://www.napierarchery.org.uk/" "Mozilla/5.0 (Windows NT 6.1; WOW64) AppleWebKit/535.1 (KHTML, like Gecko) Chrome/14.0.835.187 Safari/535.1"
94.14.164.232 - - [02/Oct/2011:05:08:30 +0100] "GET /wp-content/themes/suffusion/images/search-button-red.png HTTP/1.1" 200 762 "http://www.napierarchery.org.uk/" "Mozilla/5.0 (Windows NT 6.1; WOW64) AppleWebKit/535.1 (KHTML, like Gecko) Chrome/14.0.835.187 Safari/535.1"
94.14.164.232 - - [02/Oct/2011:05:08:30 +0100] "GET /wp-content/themes/suffusion/images/calred.png HTTP/1.1" 200 2155 "http://www.napierarchery.org.uk/" "Mozilla/5.0 (Windows NT 6.1; WOW64) AppleWebKit/535.1 (KHTML, like Gecko) Chrome/14.0.835.187 Safari/535.1"
94.14.164.232 - - [02/Oct/2011:05:08:30 +0100] "GET /wp-content/uploads/2011/08/napierarchery_logo.png HTTP/1.1" 200 21713 "http://www.napierarchery.org.uk/" "Mozilla/5.0 (Windows NT 6.1; WOW64) AppleWebKit/535.1 (KHTML, like Gecko) Chrome/14.0.835.187 Safari/535.1"
94.14.164.232 - - [02/Oct/2011:05:08:30 +0100] "GET /wp-content/themes/suffusion/images/icons/bulletred.png HTTP/1.1" 200 370 "http://www.napierarchery.org.uk/" "Mozilla/5.0 (Windows NT 6.1; WOW64) AppleWebKit/535.1 (KHTML, like Gecko) Chrome/14.0.835.187 Safari/535.1"
94.14.164.232 - - [02/Oct/2011:05:08:30 +0100] "GET /wp-content/themes/suffusion/images/bg-red.png HTTP/1.1" 200 338 "http://www.napierarchery.org.uk/" "Mozilla/5.0 (Windows NT 6.1; WOW64) AppleWebKit/535.1 (KHTML, like Gecko) Chrome/14.0.835.187 Safari/535.1"
94.14.164.232 - - [02/Oct/2011:05:08:30 +0100] "GET /wp-content/themes/suffusion/images/arrows.gif HTTP/1.1" 200 1244 "http://www.napierarchery.org.uk/" "Mozilla/5.0 (Windows NT 6.1; WOW64) AppleWebKit/535.1 (KHTML, like Gecko) Chrome/14.0.835.187 Safari/535.1"
94.14.164.232 - - [02/Oct/2011:05:08:31 +0100] "GET /resources/NUACfav.png HTTP/1.1" 200 10132 "-" "Mozilla/5.0 (Windows NT 6.1; WOW64) AppleWebKit/535.1 (KHTML, like Gecko) Chrome/14.0.835.187 Safari/535.1"
