82.46.237.114 - - [30/Sep/2011:19:09:52 +0100] "GET /wp-content/themes/suffusion/images/icons/bulletred.png HTTP/1.1" 200 370 "http://www.napierarchery.org.uk/" "Mozilla/5.0 (compatible; MSIE 9.0; Windows NT 6.1; WOW64; Trident/5.0; MAAU)"
82.46.237.114 - - [30/Sep/2011:19:09:52 +0100] "GET /wp-content/themes/suffusion/images/iconset-0.png HTTP/1.1" 200 12891 "http://www.napierarchery.org.uk/" "Mozilla/5.0 (compatible; MSIE 9.0; Windows NT 6.1; WOW64; Trident/5.0; MAAU)"
82.46.237.114 - - [30/Sep/2011:19:09:52 +0100] "GET /wp-content/themes/suffusion/images/calred.png HTTP/1.1" 200 2155 "http://www.napierarchery.org.uk/" "Mozilla/5.0 (compatible; MSIE 9.0; Windows NT 6.1; WOW64; Trident/5.0; MAAU)"
82.46.237.114 - - [30/Sep/2011:19:09:52 +0100] "GET /wp-content/themes/suffusion/images/search-button-red.png HTTP/1.1" 200 762 "http://www.napierarchery.org.uk/" "Mozilla/5.0 (compatible; MSIE 9.0; Windows NT 6.1; WOW64; Trident/5.0; MAAU)"
82.46.237.114 - - [30/Sep/2011:19:09:52 +0100] "GET /wp-content/themes/suffusion/images/arrows.gif HTTP/1.1" 200 1244 "http://www.napierarchery.org.uk/" "Mozilla/5.0 (compatible; MSIE 9.0; Windows NT 6.1; WOW64; Trident/5.0; MAAU)"
82.46.237.114 - - [30/Sep/2011:19:09:52 +0100] "GET /wp-content/themes/suffusion/images/bg-red.png HTTP/1.1" 200 338 "http://www.napierarchery.org.uk/" "Mozilla/5.0 (compatible; MSIE 9.0; Windows NT 6.1; WOW64; Trident/5.0; MAAU)"
82.46.237.114 - - [30/Sep/2011:19:09:52 +0100] "GET /resources/NUACfav.png HTTP/1.1" 200 10132 "-" "Mozilla/5.0 (compatible; MSIE 9.0; Windows NT 6.1; WOW64; Trident/5.0; MAAU)"
109.246.54.151 - - [30/Sep/2011:19:11:22 +0100] "GET / HTTP/1.1" 200 33422 "http://www.napierstudents.com/sports/archery.php" "Mozilla/5.0 (Macintosh; U; Intel Mac OS X 10.6; zh-CN; rv:1.9.2.23) Gecko/20110920 Firefox/3.6.23"
109.246.54.151 - - [30/Sep/2011:19:11:22 +0100] "GET /wp-content/themes/suffusion/style.css?ver=3.8.3 HTTP/1.1" 200 63146 "http://www.napierarchery.org.uk/" "Mozilla/5.0 (Macintosh; U; Intel Mac OS X 10.6; zh-CN; rv:1.9.2.23) Gecko/20110920 Firefox/3.6.23"
109.246.54.151 - - [30/Sep/2011:19:11:22 +0100] "GET /resources/NUACfav.png HTTP/1.1" 200 10132 "-" "Mozilla/5.0 (Macintosh; U; Intel Mac OS X 10.6; zh-CN; rv:1.9.2.23) Gecko/20110920 Firefox/3.6.23"
109.246.54.151 - - [30/Sep/2011:19:11:22 +0100] "GET /wp-content/themes/suffusion/skins/light-theme-red/skin.css?ver=3.8.3 HTTP/1.1" 200 10167 "http://www.napierarchery.org.uk/" "Mozilla/5.0 (Macintosh; U; Intel Mac OS X 10.6; zh-CN; rv:1.9.2.23) Gecko/20110920 Firefox/3.6.23"
109.246.54.151 - - [30/Sep/2011:19:11:22 +0100] "GET /wp-content/themes/suffusion/rounded-corners.css?ver=3.8.3 HTTP/1.1" 200 6025 "http://www.napierarchery.org.uk/" "Mozilla/5.0 (Macintosh; U; Intel Mac OS X 10.6; zh-CN; rv:1.9.2.23) Gecko/20110920 Firefox/3.6.23"
109.246.54.151 - - [30/Sep/2011:19:11:22 +0100] "GET /wp-includes/js/l10n.js?ver=20101110 HTTP/1.1" 200 308 "http://www.napierarchery.org.uk/" "Mozilla/5.0 (Macintosh; U; Intel Mac OS X 10.6; zh-CN; rv:1.9.2.23) Gecko/20110920 Firefox/3.6.23"
109.246.54.151 - - [30/Sep/2011:19:11:22 +0100] "GET /wp-content/themes/suffusion/scripts/suffusion.js?ver=3.8.3 HTTP/1.1" 200 16294 "http://www.napierarchery.org.uk/" "Mozilla/5.0 (Macintosh; U; Intel Mac OS X 10.6; zh-CN; rv:1.9.2.23) Gecko/20110920 Firefox/3.6.23"
109.246.54.151 - - [30/Sep/2011:19:11:22 +0100] "GET /?ver=3.8.3&suffusion-css=css HTTP/1.1" 200 26308 "http://www.napierarchery.org.uk/" "Mozilla/5.0 (Macintosh; U; Intel Mac OS X 10.6; zh-CN; rv:1.9.2.23) Gecko/20110920 Firefox/3.6.23"
109.246.54.151 - - [30/Sep/2011:19:11:22 +0100] "GET /wp-includes/js/jquery/jquery.js?ver=1.6.1 HTTP/1.1" 200 91363 "http://www.napierarchery.org.uk/" "Mozilla/5.0 (Macintosh; U; Intel Mac OS X 10.6; zh-CN; rv:1.9.2.23) Gecko/20110920 Firefox/3.6.23"
109.246.54.151 - - [30/Sep/2011:19:11:23 +0100] "GET /wp-content/uploads/2011/08/napierarchery_logo.png HTTP/1.1" 200 21713 "http://www.napierarchery.org.uk/" "Mozilla/5.0 (Macintosh; U; Intel Mac OS X 10.6; zh-CN; rv:1.9.2.23) Gecko/20110920 Firefox/3.6.23"
109.246.54.151 - - [30/Sep/2011:19:11:23 +0100] "GET /wp-content/themes/suffusion/images/search-button-red.png HTTP/1.1" 200 762 "http://www.napierarchery.org.uk/wp-content/themes/suffusion/skins/light-theme-red/skin.css?ver=3.8.3" "Mozilla/5.0 (Macintosh; U; Intel Mac OS X 10.6; zh-CN; rv:1.9.2.23) Gecko/20110920 Firefox/3.6.23"
109.246.54.151 - - [30/Sep/2011:19:11:23 +0100] "GET /wp-content/themes/suffusion/images/iconset-0.png HTTP/1.1" 200 12891 "http://www.napierarchery.org.uk/wp-content/themes/suffusion/style.css?ver=3.8.3" "Mozilla/5.0 (Macintosh; U; Intel Mac OS X 10.6; zh-CN; rv:1.9.2.23) Gecko/20110920 Firefox/3.6.23"
109.246.54.151 - - [30/Sep/2011:19:11:23 +0100] "GET /wp-content/themes/suffusion/images/calred.png HTTP/1.1" 200 2155 "http://www.napierarchery.org.uk/wp-content/themes/suffusion/skins/light-theme-red/skin.css?ver=3.8.3" "Mozilla/5.0 (Macintosh; U; Intel Mac OS X 10.6; zh-CN; rv:1.9.2.23) Gecko/20110920 Firefox/3.6.23"
109.246.54.151 - - [30/Sep/2011:19:11:23 +0100] "GET /wp-content/themes/suffusion/images/icons/bulletred.png HTTP/1.1" 200 370 "http://www.napierarchery.org.uk/wp-content/themes/suffusion/skins/light-theme-red/skin.css?ver=3.8.3" "Mozilla/5.0 (Macintosh; U; Intel Mac OS X 10.6; zh-CN; rv:1.9.2.23) Gecko/20110920 Firefox/3.6.23"
109.246.54.151 - - [30/Sep/2011:19:11:23 +0100] "GET /wp-content/themes/suffusion/images/arrows.gif HTTP/1.1" 200 1244 "http://www.napierarchery.org.uk/wp-content/themes/suffusion/style.css?ver=3.8.3" "Mozilla/5.0 (Macintosh; U; Intel Mac OS X 10.6; zh-CN; rv:1.9.2.23) Gecko/20110920 Firefox/3.6.23"
109.246.54.151 - - [30/Sep/2011:19:11:23 +0100] "GET /wp-content/themes/suffusion/images/bg-red.png HTTP/1.1" 200 338 "http://www.napierarchery.org.uk/wp-content/themes/suffusion/skins/light-theme-red/skin.css?ver=3.8.3" "Mozilla/5.0 (Macintosh; U; Intel Mac OS X 10.6; zh-CN; rv:1.9.2.23) Gecko/20110920 Firefox/3.6.23"
176.31.244.198 - - [30/Sep/2011:20:18:51 +0100] "GET /results/2006_03_04_BUSA_IC.pdf HTTP/1.1" 404 14816 "-" "Mozilla/5.0 (X11; Linux i686; rv:6.0) Gecko/20100101 Firefox/6.0"
176.31.244.198 - - [30/Sep/2011:20:18:51 +0100] "GET /results/2006_06_17_BUSA_OC_busa.pdf HTTP/1.1" 404 14816 "-" "Mozilla/5.0 (X11; Linux i686; rv:6.0) Gecko/20100101 Firefox/6.0"
176.31.244.198 - - [30/Sep/2011:20:18:51 +0100] "GET /results/2006_06_17_BUSA_OC_trad.pdf HTTP/1.1" 404 14816 "-" "Mozilla/5.0 (X11; Linux i686; rv:6.0) Gecko/20100101 Firefox/6.0"
66.249.71.250 - - [30/Sep/2011:20:23:25 +0100] "GET /_results/2011_02_05_SUS_LM.xls HTTP/1.1" 200 37376 "-" "Mozilla/5.0 (compatible; Googlebot/2.1; +http://www.google.com/bot.html)"
66.249.71.250 - - [30/Sep/2011:20:27:00 +0100] "GET /_results/SUSLMAberdeenStAndrewsNapiercollated.xls HTTP/1.1" 404 14816 "-" "Mozilla/5.0 (compatible; Googlebot/2.1; +http://www.google.com/bot.html)"
66.249.71.250 - - [30/Sep/2011:20:27:34 +0100] "GET /feed HTTP/1.1" 200 18088 "-" "Mozilla/5.0 (compatible; Googlebot/2.1; +http://www.google.com/bot.html)"
66.249.71.250 - - [30/Sep/2011:20:27:35 +0100] "GET / HTTP/1.1" 200 33422 "-" "Mozilla/5.0 (compatible; Googlebot/2.1; +http://www.google.com/bot.html)"
67.195.37.186 - - [30/Sep/2011:20:39:00 +0100] "GET /_results/2007_03_24_SUS_IC.xls HTTP/1.0" 200 38912 "-" "Mozilla/5.0 (compatible; Yahoo! Slurp; http://help.yahoo.com/help/us/ysearch/slurp)"
66.249.71.250 - - [30/Sep/2011:20:56:42 +0100] "GET /_results/Edin%20Nap%20Dun%20-%20postal%20completed.xlsx HTTP/1.1" 200 18516 "-" "Mozilla/5.0 (compatible; Googlebot/2.1; +http://www.google.com/bot.html)"
66.249.71.250 - - [30/Sep/2011:21:02:05 +0100] "GET /_results/SUS%20LM%20Aberdeen%20StAndrews%20Napier%20collated.xls HTTP/1.1" 200 39936 "-" "Mozilla/5.0 (compatible; Googlebot/2.1; +http://www.google.com/bot.html)"
46.107.151.78 - - [30/Sep/2011:21:02:29 +0100] "GET /robots.txt HTTP/1.0" 200 24 "-" "Mozilla/5.0 (compatible; MJ12bot/v1.4.0; http://www.majestic12.co.uk/bot.php?+)"
46.107.151.78 - - [30/Sep/2011:21:02:31 +0100] "GET / HTTP/1.0" 200 33422 "-" "Mozilla/5.0 (compatible; MJ12bot/v1.4.0; http://www.majestic12.co.uk/bot.php?+)"
67.195.37.186 - - [30/Sep/2011:21:17:30 +0100] "GET /226/sessions-in-week-2 HTTP/1.0" 200 16698 "-" "Mozilla/5.0 (compatible; Yahoo! Slurp; http://help.yahoo.com/help/us/ysearch/slurp)"
67.195.37.186 - - [30/Sep/2011:21:17:31 +0100] "GET /wp-content/themes/suffusion/style.css?ver=3.8.3 HTTP/1.0" 304 - "http://www.napierarchery.org.uk/226/sessions-in-week-2" "Mozilla/5.0 (compatible; Yahoo! Slurp; http://help.yahoo.com/help/us/ysearch/slurp)"
67.195.37.186 - - [30/Sep/2011:21:17:31 +0100] "GET /wp-content/themes/suffusion/skins/light-theme-red/skin.css?ver=3.8.3 HTTP/1.0" 304 - "http://www.napierarchery.org.uk/226/sessions-in-week-2" "Mozilla/5.0 (compatible; Yahoo! Slurp; http://help.yahoo.com/help/us/ysearch/slurp)"
67.195.37.186 - - [30/Sep/2011:21:17:31 +0100] "GET /wp-content/themes/suffusion/rounded-corners.css?ver=3.8.3 HTTP/1.0" 304 - "http://www.napierarchery.org.uk/226/sessions-in-week-2" "Mozilla/5.0 (compatible; Yahoo! Slurp; http://help.yahoo.com/help/us/ysearch/slurp)"
67.195.37.186 - - [30/Sep/2011:21:17:32 +0100] "GET /?ver=3.8.3&suffusion-css=css HTTP/1.0" 200 26308 "http://www.napierarchery.org.uk/226/sessions-in-week-2" "Mozilla/5.0 (compatible; Yahoo! Slurp; http://help.yahoo.com/help/us/ysearch/slurp)"
91.121.196.98 - - [30/Sep/2011:21:23:49 +0100] "GET /results/2006_05_06_SUS_OC.xls HTTP/1.1" 404 14816 "-" "Mozilla/5.0 (X11; Linux i686; rv:6.0) Gecko/20100101 Firefox/6.0"
72.14.199.218 - - [30/Sep/2011:21:40:28 +0100] "GET /feed HTTP/1.1" 200 18088 "-" "Feedfetcher-Google; (+http://www.google.com/feedfetcher.html; 1 subscribers; feed-id=16713175292228938239)"
98.158.20.228 - - [30/Sep/2011:21:46:57 +0100] "GET /feed HTTP/1.1" 304 - "-" "Mozilla/5.0 (Windows; U; Windows NT 5.1; en-US; rv:1.7.12) Gecko/20050915 Firefox/1.0.7"
173.236.220.183 - - [30/Sep/2011:22:02:16 +0100] "GET /images/craig_movie.jpg HTTP/1.0" 404 14816 "-" "Mozilla/5.0 (Windows NT 6.1; rv:5.0) Gecko/20100101 Firefox/5.0"
183.15.180.63 - - [30/Sep/2011:22:12:47 +0100] "GET / HTTP/1.1" 200 33422 "-" "Mozilla/5.0 (Windows; U; Windows NT 6.1; zh-CN; rv:1.9.2.12) Gecko/20101026 Firefox/3.6.12"
183.15.180.63 - - [30/Sep/2011:22:24:10 +0100] "GET / HTTP/1.1" 200 33422 "-" "Mozilla/5.0 (Windows; U; Windows NT 6.1; zh-CN; rv:1.9.2.12) Gecko/20101026 Firefox/3.6.12"
67.195.37.186 - - [30/Sep/2011:22:30:01 +0100] "GET /robots.txt HTTP/1.0" 200 24 "-" "Mozilla/5.0 (compatible; Yahoo! Slurp; http://help.yahoo.com/help/us/ysearch/slurp)"
67.195.37.186 - - [30/Sep/2011:22:30:02 +0100] "GET /club-history/feed HTTP/1.0" 200 692 "-" "Mozilla/5.0 (compatible; Yahoo! Slurp; http://help.yahoo.com/help/us/ysearch/slurp)"
67.195.37.186 - - [30/Sep/2011:22:49:14 +0100] "GET /feed HTTP/1.0" 200 18088 "-" "Mozilla/5.0 (compatible; Yahoo! Slurp; http://help.yahoo.com/help/us/ysearch/slurp)"
208.80.194.28 - - [30/Sep/2011:23:04:08 +0100] "GET / HTTP/1.0" 301 - "-" "Mozilla/4.0 (compatible; MSIE 6.0; Windows NT 5.1; SV1; MSN 9.0; MSNbMSNI; MSNmen-us; MSNcOTH; MPLUS)"
208.80.194.28 - - [30/Sep/2011:23:04:09 +0100] "GET / HTTP/1.0" 200 33557 "-" "Mozilla/4.0 (compatible; MSIE 6.0; Windows NT 5.1; SV1; SIMBAR Enabled; SIMBAR={2FBC0E81-7344-44ef-AD73-20F1D4465A9B}; SIMBAR=0; .NET CLR 1.0.3705; .NET CLR 1.1.4322; Media Center PC 4.0)"
94.175.91.75 - - [30/Sep/2011:23:14:04 +0100] "GET /feed HTTP/1.1" 304 - "-" "Mozilla/5.0 (Windows NT 6.1; WOW64; rv:7.0) Gecko/20110922 Thunderbird/7.0"
66.249.71.250 - - [30/Sep/2011:23:28:51 +0100] "GET /documents/2009_SUS_OC_entry_form.doc HTTP/1.1" 404 14816 "-" "Mozilla/5.0 (compatible; Googlebot/2.1; +http://www.google.com/bot.html)"
66.249.71.250 - - [30/Sep/2011:23:47:18 +0100] "GET /?ver=3.8.3&suffusion-css=css HTTP/1.1" 200 26308 "-" "Mozilla/5.0 (compatible; Googlebot/2.1; +http://www.google.com/bot.html)"
180.76.5.155 - - [01/Oct/2011:00:03:52 +0100] "GET /joinus.php HTTP/1.1" 404 14569 "-" "Mozilla/5.0 (compatible; Baiduspider/2.0; +http://www.baidu.com/search/spider.html)"
67.195.37.186 - - [01/Oct/2011:00:13:36 +0100] "GET /results/2010_01_23_friendly.xls HTTP/1.0" 404 14816 "-" "Mozilla/5.0 (compatible; Yahoo! Slurp; http://help.yahoo.com/help/us/ysearch/slurp)"
67.195.37.186 - - [01/Oct/2011:00:13:41 +0100] "GET /wp-content/themes/suffusion/style.css?ver=3.8.3 HTTP/1.0" 200 63146 "http://www.napierarchery.org.uk/results/2010_01_23_friendly.xls" "Mozilla/5.0 (compatible; Yahoo! Slurp; http://help.yahoo.com/help/us/ysearch/slurp)"
67.195.37.186 - - [01/Oct/2011:00:13:43 +0100] "GET /wp-content/themes/suffusion/skins/light-theme-red/skin.css?ver=3.8.3 HTTP/1.0" 200 10167 "http://www.napierarchery.org.uk/results/2010_01_23_friendly.xls" "Mozilla/5.0 (compatible; Yahoo! Slurp; http://help.yahoo.com/help/us/ysearch/slurp)"
67.195.37.186 - - [01/Oct/2011:00:13:46 +0100] "GET /wp-content/themes/suffusion/rounded-corners.css?ver=3.8.3 HTTP/1.0" 200 6025 "http://www.napierarchery.org.uk/results/2010_01_23_friendly.xls" "Mozilla/5.0 (compatible; Yahoo! Slurp; http://help.yahoo.com/help/us/ysearch/slurp)"
67.195.37.186 - - [01/Oct/2011:00:13:48 +0100] "GET /?ver=3.8.3&suffusion-css=css HTTP/1.0" 200 26308 "http://www.napierarchery.org.uk/results/2010_01_23_friendly.xls" "Mozilla/5.0 (compatible; Yahoo! Slurp; http://help.yahoo.com/help/us/ysearch/slurp)"
24.92.199.185 - - [01/Oct/2011:00:21:12 +0100] "GET / HTTP/1.0" 200 33557 "http://mygazeta.ru" "Mozilla/4.0 (compatible; MSIE 6.0; Windows NT 5.1; Deepnet Explorer 1.5.0; .NET CLR 1.0.3705)"
72.14.199.218 - - [01/Oct/2011:00:37:12 +0100] "GET /feed HTTP/1.1" 200 18088 "-" "Feedfetcher-Google; (+http://www.google.com/feedfetcher.html; 1 subscribers; feed-id=16713175292228938239)"
67.195.37.186 - - [01/Oct/2011:00:46:29 +0100] "GET /69/welcome-to-the-nuac-website?utm_source=rss&utm_medium=rss&utm_campaign=welcome-to-the-nuac-website HTTP/1.0" 200 17130 "-" "Mozilla/5.0 (compatible; Yahoo! Slurp; http://help.yahoo.com/help/us/ysearch/slurp)"
67.195.37.186 - - [01/Oct/2011:00:52:04 +0100] "GET /231/sports-union-cards HTTP/1.0" 200 17358 "-" "Mozilla/5.0 (compatible; Yahoo! Slurp; http://help.yahoo.com/help/us/ysearch/slurp)"
208.80.194.26 - - [01/Oct/2011:01:10:48 +0100] "GET / HTTP/1.0" 200 33422 "-" "Mozilla/4.0 (compatible; MSIE 7.0; Windows NT 5.1; .NET CLR 1.0.3705; .NET CLR 1.1.4322; Hotbar 4.6.1; ZangoToolbar 4.8.2; .NET CLR 2.0.50727)"
65.52.109.194 - - [01/Oct/2011:01:16:05 +0100] "GET /robots.txt HTTP/1.1" 200 24 "-" "Mozilla/5.0 (compatible; bingbot/2.0; +http://www.bing.com/bingbot.htm)"
65.52.109.194 - - [01/Oct/2011:01:17:00 +0100] "GET /club-history HTTP/1.1" 200 19847 "-" "Mozilla/5.0 (compatible; bingbot/2.0; +http://www.bing.com/bingbot.htm)"
67.195.37.186 - - [01/Oct/2011:01:31:10 +0100] "GET /page/2 HTTP/1.0" 200 19873 "-" "Mozilla/5.0 (compatible; Yahoo! Slurp; http://help.yahoo.com/help/us/ysearch/slurp)"
86.179.77.245 - - [01/Oct/2011:01:41:27 +0100] "GET / HTTP/1.1" 200 33422 "-" "Mozilla/5.0 (Windows NT 6.1; rv:2.0.1) Gecko/20100101 Firefox/4.0.1"
86.179.77.245 - - [01/Oct/2011:01:41:28 +0100] "GET /wp-content/themes/suffusion/style.css?ver=3.8.3 HTTP/1.1" 304 - "http://www.napierarchery.org.uk/" "Mozilla/5.0 (Windows NT 6.1; rv:2.0.1) Gecko/20100101 Firefox/4.0.1"
86.179.77.245 - - [01/Oct/2011:01:41:28 +0100] "GET /wp-content/themes/suffusion/skins/light-theme-red/skin.css?ver=3.8.3 HTTP/1.1" 304 - "http://www.napierarchery.org.uk/" "Mozilla/5.0 (Windows NT 6.1; rv:2.0.1) Gecko/20100101 Firefox/4.0.1"
86.179.77.245 - - [01/Oct/2011:01:41:28 +0100] "GET /wp-content/themes/suffusion/rounded-corners.css?ver=3.8.3 HTTP/1.1" 304 - "http://www.napierarchery.org.uk/" "Mozilla/5.0 (Windows NT 6.1; rv:2.0.1) Gecko/20100101 Firefox/4.0.1"
86.179.77.245 - - [01/Oct/2011:01:41:28 +0100] "GET /wp-includes/js/l10n.js?ver=20101110 HTTP/1.1" 304 - "http://www.napierarchery.org.uk/" "Mozilla/5.0 (Windows NT 6.1; rv:2.0.1) Gecko/20100101 Firefox/4.0.1"
86.179.77.245 - - [01/Oct/2011:01:41:28 +0100] "GET /wp-includes/js/jquery/jquery.js?ver=1.6.1 HTTP/1.1" 304 - "http://www.napierarchery.org.uk/" "Mozilla/5.0 (Windows NT 6.1; rv:2.0.1) Gecko/20100101 Firefox/4.0.1"
86.179.77.245 - - [01/Oct/2011:01:41:28 +0100] "GET /wp-content/themes/suffusion/scripts/suffusion.js?ver=3.8.3 HTTP/1.1" 304 - "http://www.napierarchery.org.uk/" "Mozilla/5.0 (Windows NT 6.1; rv:2.0.1) Gecko/20100101 Firefox/4.0.1"
86.179.77.245 - - [01/Oct/2011:01:41:28 +0100] "GET /?ver=3.8.3&suffusion-css=css HTTP/1.1" 200 26308 "http://www.napierarchery.org.uk/" "Mozilla/5.0 (Windows NT 6.1; rv:2.0.1) Gecko/20100101 Firefox/4.0.1"
86.179.77.245 - - [01/Oct/2011:01:41:47 +0100] "GET /calendars HTTP/1.1" 200 16878 "http://www.napierarchery.org.uk/" "Mozilla/5.0 (Windows NT 6.1; rv:2.0.1) Gecko/20100101 Firefox/4.0.1"
86.179.77.245 - - [01/Oct/2011:01:41:47 +0100] "GET /wp-content/themes/suffusion/style.css?ver=3.8.3 HTTP/1.1" 304 - "http://www.napierarchery.org.uk/calendars" "Mozilla/5.0 (Windows NT 6.1; rv:2.0.1) Gecko/20100101 Firefox/4.0.1"
86.179.77.245 - - [01/Oct/2011:01:41:47 +0100] "GET /wp-includes/js/comment-reply.js?ver=20090102 HTTP/1.1" 304 - "http://www.napierarchery.org.uk/calendars" "Mozilla/5.0 (Windows NT 6.1; rv:2.0.1) Gecko/20100101 Firefox/4.0.1"
86.179.77.245 - - [01/Oct/2011:01:41:47 +0100] "GET /wp-includes/js/jquery/jquery.js?ver=1.6.1 HTTP/1.1" 304 - "http://www.napierarchery.org.uk/calendars" "Mozilla/5.0 (Windows NT 6.1; rv:2.0.1) Gecko/20100101 Firefox/4.0.1"
86.179.77.245 - - [01/Oct/2011:01:41:47 +0100] "GET /wp-content/themes/suffusion/skins/light-theme-red/skin.css?ver=3.8.3 HTTP/1.1" 304 - "http://www.napierarchery.org.uk/calendars" "Mozilla/5.0 (Windows NT 6.1; rv:2.0.1) Gecko/20100101 Firefox/4.0.1"
86.179.77.245 - - [01/Oct/2011:01:41:47 +0100] "GET /wp-content/themes/suffusion/rounded-corners.css?ver=3.8.3 HTTP/1.1" 304 - "http://www.napierarchery.org.uk/calendars" "Mozilla/5.0 (Windows NT 6.1; rv:2.0.1) Gecko/20100101 Firefox/4.0.1"
86.179.77.245 - - [01/Oct/2011:01:41:47 +0100] "GET /wp-includes/js/l10n.js?ver=20101110 HTTP/1.1" 304 - "http://www.napierarchery.org.uk/calendars" "Mozilla/5.0 (Windows NT 6.1; rv:2.0.1) Gecko/20100101 Firefox/4.0.1"
86.179.77.245 - - [01/Oct/2011:01:41:47 +0100] "GET /wp-content/themes/suffusion/scripts/suffusion.js?ver=3.8.3 HTTP/1.1" 304 - "http://www.napierarchery.org.uk/calendars" "Mozilla/5.0 (Windows NT 6.1; rv:2.0.1) Gecko/20100101 Firefox/4.0.1"
86.179.77.245 - - [01/Oct/2011:01:41:47 +0100] "GET /resources/NUACfav.png HTTP/1.1" 304 - "-" "Mozilla/5.0 (Windows NT 6.1; rv:2.0.1) Gecko/20100101 Firefox/4.0.1"
86.179.77.245 - - [01/Oct/2011:01:41:47 +0100] "GET /?ver=3.8.3&suffusion-css=css HTTP/1.1" 200 26308 "http://www.napierarchery.org.uk/calendars" "Mozilla/5.0 (Windows NT 6.1; rv:2.0.1) Gecko/20100101 Firefox/4.0.1"
86.179.77.245 - - [01/Oct/2011:01:41:50 +0100] "GET /results HTTP/1.1" 200 27217 "http://www.napierarchery.org.uk/calendars" "Mozilla/5.0 (Windows NT 6.1; rv:2.0.1) Gecko/20100101 Firefox/4.0.1"
98.158.20.234 - - [01/Oct/2011:01:48:58 +0100] "GET /feed HTTP/1.1" 304 - "-" "Mozilla/5.0 (Macintosh; U; PPC Mac OS X Mach-O; en-US; rv:1.8.0.3) Gecko/20060426 Firefox/1.5.0.3"
180.76.5.151 - - [01/Oct/2011:01:51:06 +0100] "GET / HTTP/1.1" 200 33422 "-" "Mozilla/5.0 (compatible; Baiduspider/2.0; +http://www.baidu.com/search/spider.html)"
98.158.20.227 - - [01/Oct/2011:01:52:46 +0100] "GET /271/training-session-tomorrow-wednesday-seniors-only/feed HTTP/1.1" 304 - "-" "Mozilla/5.0 (Windows; U; Windows NT 6.0; en-US; rv:1.8.1.12) Gecko/20080201 Firefox/2.0.0.12"
180.76.5.19 - - [01/Oct/2011:02:20:02 +0100] "GET /sponsors.php HTTP/1.1" 404 14816 "-" "Mozilla/5.0 (compatible; Baiduspider/2.0; +http://www.baidu.com/search/spider.html)"
67.195.37.186 - - [01/Oct/2011:02:34:00 +0100] "GET /_results/2009_11_22_SUS_LM.xls HTTP/1.0" 200 27648 "-" "Mozilla/5.0 (compatible; Yahoo! Slurp; http://help.yahoo.com/help/us/ysearch/slurp)"
193.47.80.49 - - [01/Oct/2011:02:39:50 +0100] "GET /robots.txt HTTP/1.1" 200 24 "-" "Mozilla/5.0 (compatible; Exabot/3.0; +http://www.exabot.com/go/robot)"
193.47.80.49 - - [01/Oct/2011:02:39:51 +0100] "GET /competitions.php HTTP/1.1" 404 7915 "-" "Mozilla/5.0 (compatible; Exabot/3.0; +http://www.exabot.com/go/robot)"
67.195.37.186 - - [01/Oct/2011:02:49:40 +0100] "GET /results/2005_03_12_SUSF_IC.xls HTTP/1.0" 404 14816 "-" "Mozilla/5.0 (compatible; Yahoo! Slurp; http://help.yahoo.com/help/us/ysearch/slurp)"
67.195.37.186 - - [01/Oct/2011:02:49:41 +0100] "GET /wp-content/themes/suffusion/style.css?ver=3.8.3 HTTP/1.0" 304 - "http://www.napierarchery.org.uk/results/2005_03_12_SUSF_IC.xls" "Mozilla/5.0 (compatible; Yahoo! Slurp; http://help.yahoo.com/help/us/ysearch/slurp)"
67.195.37.186 - - [01/Oct/2011:02:49:41 +0100] "GET /wp-content/themes/suffusion/skins/light-theme-red/skin.css?ver=3.8.3 HTTP/1.0" 304 - "http://www.napierarchery.org.uk/results/2005_03_12_SUSF_IC.xls" "Mozilla/5.0 (compatible; Yahoo! Slurp; http://help.yahoo.com/help/us/ysearch/slurp)"
67.195.37.186 - - [01/Oct/2011:02:49:41 +0100] "GET /wp-content/themes/suffusion/rounded-corners.css?ver=3.8.3 HTTP/1.0" 304 - "http://www.napierarchery.org.uk/results/2005_03_12_SUSF_IC.xls" "Mozilla/5.0 (compatible; Yahoo! Slurp; http://help.yahoo.com/help/us/ysearch/slurp)"
67.195.37.186 - - [01/Oct/2011:02:49:42 +0100] "GET /?ver=3.8.3&suffusion-css=css HTTP/1.0" 200 26308 "http://www.napierarchery.org.uk/results/2005_03_12_SUSF_IC.xls" "Mozilla/5.0 (compatible; Yahoo! Slurp; http://help.yahoo.com/help/us/ysearch/slurp)"
67.195.37.186 - - [01/Oct/2011:02:56:43 +0100] "GET /_results/2005_04_25_practice.html HTTP/1.0" 200 392 "-" "Mozilla/5.0 (compatible; Yahoo! Slurp; http://help.yahoo.com/help/us/ysearch/slurp)"
72.14.199.218 - - [01/Oct/2011:03:29:11 +0100] "GET /feed HTTP/1.1" 304 - "-" "Feedfetcher-Google; (+http://www.google.com/feedfetcher.html; 1 subscribers; feed-id=16713175292228938239)"
82.136.27.2 - - [01/Oct/2011:03:29:11 +0100] "POST /wp-cron.php?doing_wp_cron HTTP/1.0" 200 - "-" "WordPress/3.2.1; http://www.napierarchery.org.uk"
67.195.37.186 - - [01/Oct/2011:03:36:35 +0100] "GET /links.php HTTP/1.0" 404 14816 "-" "Mozilla/5.0 (compatible; Yahoo! Slurp; http://help.yahoo.com/help/us/ysearch/slurp)"
67.195.37.186 - - [01/Oct/2011:04:27:51 +0100] "GET /competitions.php HTTP/1.0" 404 14816 "-" "Mozilla/5.0 (compatible; Yahoo! Slurp; http://help.yahoo.com/help/us/ysearch/slurp)"
67.195.37.186 - - [01/Oct/2011:04:54:14 +0100] "GET /results/2007_03_24_SUS_IC.xls HTTP/1.0" 404 14816 "-" "Mozilla/5.0 (compatible; Yahoo! Slurp; http://help.yahoo.com/help/us/ysearch/slurp)"
67.195.37.186 - - [01/Oct/2011:04:54:15 +0100] "GET /wp-content/themes/suffusion/style.css?ver=3.8.3 HTTP/1.0" 304 - "http://www.napierarchery.org.uk/results/2007_03_24_SUS_IC.xls" "Mozilla/5.0 (compatible; Yahoo! Slurp; http://help.yahoo.com/help/us/ysearch/slurp)"
67.195.37.186 - - [01/Oct/2011:04:54:16 +0100] "GET /wp-content/themes/suffusion/skins/light-theme-red/skin.css?ver=3.8.3 HTTP/1.0" 304 - "http://www.napierarchery.org.uk/results/2007_03_24_SUS_IC.xls" "Mozilla/5.0 (compatible; Yahoo! Slurp; http://help.yahoo.com/help/us/ysearch/slurp)"
67.195.37.186 - - [01/Oct/2011:04:54:16 +0100] "GET /wp-content/themes/suffusion/rounded-corners.css?ver=3.8.3 HTTP/1.0" 304 - "http://www.napierarchery.org.uk/results/2007_03_24_SUS_IC.xls" "Mozilla/5.0 (compatible; Yahoo! Slurp; http://help.yahoo.com/help/us/ysearch/slurp)"
67.195.37.186 - - [01/Oct/2011:04:54:17 +0100] "GET /?ver=3.8.3&suffusion-css=css HTTP/1.0" 200 26308 "http://www.napierarchery.org.uk/results/2007_03_24_SUS_IC.xls" "Mozilla/5.0 (compatible; Yahoo! Slurp; http://help.yahoo.com/help/us/ysearch/slurp)"
67.195.37.186 - - [01/Oct/2011:05:09:34 +0100] "GET /results/feed HTTP/1.0" 200 682 "-" "Mozilla/5.0 (compatible; Yahoo! Slurp; http://help.yahoo.com/help/us/ysearch/slurp)"
67.195.37.186 - - [01/Oct/2011:05:18:42 +0100] "GET /_results/2006_03_04_BUSA_IC.pdf HTTP/1.0" 200 250749 "-" "Mozilla/5.0 (compatible; Yahoo! Slurp; http://help.yahoo.com/help/us/ysearch/slurp)"
67.195.37.186 - - [01/Oct/2011:05:27:58 +0100] "GET /results/2005_04_16_SUSF_LM.xls HTTP/1.0" 404 14816 "-" "Mozilla/5.0 (compatible; Yahoo! Slurp; http://help.yahoo.com/help/us/ysearch/slurp)"
67.195.37.186 - - [01/Oct/2011:05:51:41 +0100] "GET /archives HTTP/1.0" 301 - "-" "Mozilla/5.0 (compatible; Yahoo! Slurp; http://help.yahoo.com/help/us/ysearch/slurp)"
67.195.37.186 - - [01/Oct/2011:05:51:44 +0100] "GET /166/archives HTTP/1.0" 404 14816 "-" "Mozilla/5.0 (compatible; Yahoo! Slurp; http://help.yahoo.com/help/us/ysearch/slurp)"
66.249.71.250 - - [01/Oct/2011:06:14:46 +0100] "GET /sitemap.xml HTTP/1.1" 404 14816 "-" "Mozilla/5.0 (compatible; Googlebot/2.1; +http://www.google.com/bot.html)"
72.14.199.218 - - [01/Oct/2011:06:22:08 +0100] "GET /feed HTTP/1.1" 304 - "-" "Feedfetcher-Google; (+http://www.google.com/feedfetcher.html; 1 subscribers; feed-id=16713175292228938239)"
67.195.37.186 - - [01/Oct/2011:06:55:50 +0100] "GET /results/2006_02_11_SUS_LM.xls HTTP/1.0" 404 14816 "-" "Mozilla/5.0 (compatible; Yahoo! Slurp; http://help.yahoo.com/help/us/ysearch/slurp)"
67.195.37.186 - - [01/Oct/2011:06:55:50 +0100] "GET /wp-content/themes/suffusion/style.css?ver=3.8.3 HTTP/1.0" 304 - "http://www.napierarchery.org.uk/results/2006_02_11_SUS_LM.xls" "Mozilla/5.0 (compatible; Yahoo! Slurp; http://help.yahoo.com/help/us/ysearch/slurp)"
67.195.37.186 - - [01/Oct/2011:06:55:51 +0100] "GET /wp-content/themes/suffusion/skins/light-theme-red/skin.css?ver=3.8.3 HTTP/1.0" 304 - "http://www.napierarchery.org.uk/results/2006_02_11_SUS_LM.xls" "Mozilla/5.0 (compatible; Yahoo! Slurp; http://help.yahoo.com/help/us/ysearch/slurp)"
67.195.37.186 - - [01/Oct/2011:06:55:51 +0100] "GET /wp-content/themes/suffusion/rounded-corners.css?ver=3.8.3 HTTP/1.0" 304 - "http://www.napierarchery.org.uk/results/2006_02_11_SUS_LM.xls" "Mozilla/5.0 (compatible; Yahoo! Slurp; http://help.yahoo.com/help/us/ysearch/slurp)"
67.195.37.186 - - [01/Oct/2011:06:55:52 +0100] "GET /?ver=3.8.3&suffusion-css=css HTTP/1.0" 200 26308 "http://www.napierarchery.org.uk/results/2006_02_11_SUS_LM.xls" "Mozilla/5.0 (compatible; Yahoo! Slurp; http://help.yahoo.com/help/us/ysearch/slurp)"
118.92.103.133 - - [01/Oct/2011:07:31:49 +0100] "GET / HTTP/1.1" 200 33422 "http://www.google.co.nz/search?sourceid=navclient&ie=UTF-8&rlz=1T4HPAB_enNZ268NZ268&q=Napier+Archers+Society+Inc" "Mozilla/5.0 (compatible; MSIE 9.0; Windows NT 6.0; Trident/5.0; msn OptimizedIE8;ENNZ)"
118.92.103.133 - - [01/Oct/2011:07:31:50 +0100] "GET /wp-content/themes/suffusion/rounded-corners.css?ver=3.8.3 HTTP/1.1" 200 6025 "http://www.napierarchery.org.uk/" "Mozilla/5.0 (compatible; MSIE 9.0; Windows NT 6.0; Trident/5.0; msn OptimizedIE8;ENNZ)"
118.92.103.133 - - [01/Oct/2011:07:31:50 +0100] "GET /wp-content/themes/suffusion/skins/light-theme-red/skin.css?ver=3.8.3 HTTP/1.1" 200 10167 "http://www.napierarchery.org.uk/" "Mozilla/5.0 (compatible; MSIE 9.0; Windows NT 6.0; Trident/5.0; msn OptimizedIE8;ENNZ)"
118.92.103.133 - - [01/Oct/2011:07:31:50 +0100] "GET /wp-includes/js/l10n.js?ver=20101110 HTTP/1.1" 200 308 "http://www.napierarchery.org.uk/" "Mozilla/5.0 (compatible; MSIE 9.0; Windows NT 6.0; Trident/5.0; msn OptimizedIE8;ENNZ)"
118.92.103.133 - - [01/Oct/2011:07:31:51 +0100] "GET /?ver=3.8.3&suffusion-css=css HTTP/1.1" 200 26308 "http://www.napierarchery.org.uk/" "Mozilla/5.0 (compatible; MSIE 9.0; Windows NT 6.0; Trident/5.0; msn OptimizedIE8;ENNZ)"
118.92.103.133 - - [01/Oct/2011:07:31:50 +0100] "GET /wp-content/themes/suffusion/style.css?ver=3.8.3 HTTP/1.1" 200 63146 "http://www.napierarchery.org.uk/" "Mozilla/5.0 (compatible; MSIE 9.0; Windows NT 6.0; Trident/5.0; msn OptimizedIE8;ENNZ)"
118.92.103.133 - - [01/Oct/2011:07:31:50 +0100] "GET /wp-includes/js/jquery/jquery.js?ver=1.6.1 HTTP/1.1" 200 91363 "http://www.napierarchery.org.uk/" "Mozilla/5.0 (compatible; MSIE 9.0; Windows NT 6.0; Trident/5.0; msn OptimizedIE8;ENNZ)"
118.92.103.133 - - [01/Oct/2011:07:31:55 +0100] "GET /wp-content/themes/suffusion/scripts/suffusion.js?ver=3.8.3 HTTP/1.1" 200 16294 "http://www.napierarchery.org.uk/" "Mozilla/5.0 (compatible; MSIE 9.0; Windows NT 6.0; Trident/5.0; msn OptimizedIE8;ENNZ)"
118.92.103.133 - - [01/Oct/2011:07:31:57 +0100] "GET /wp-content/uploads/2011/08/napierarchery_logo.png HTTP/1.1" 200 21713 "http://www.napierarchery.org.uk/" "Mozilla/5.0 (compatible; MSIE 9.0; Windows NT 6.0; Trident/5.0; msn OptimizedIE8;ENNZ)"
180.76.5.24 - - [01/Oct/2011:07:50:33 +0100] "GET /category/uncategorized/page/2 HTTP/1.1" 200 20163 "-" "Mozilla/5.0 (compatible; Baiduspider/2.0; +http://www.baidu.com/search/spider.html)"
77.88.27.27 - - [01/Oct/2011:08:03:33 +0100] "GET /robots.txt HTTP/1.1" 200 24 "-" "Mozilla/5.0 (compatible; YandexBot/3.0; +http://yandex.com/bots)"
86.134.32.66 - - [01/Oct/2011:08:06:57 +0100] "GET /_results/2011_06_11_BUCS_OC.pdf HTTP/1.1" 206 4304 "-" "Mozilla/5.0 (Windows NT 6.1; rv:6.0.2) Gecko/20100101 Firefox/6.0.2"
86.134.32.66 - - [01/Oct/2011:08:06:57 +0100] "GET /_results/2011_06_11_BUCS_OC.pdf HTTP/1.1" 200 454433 "http://www.google.co.uk/url?sa=t&source=web&cd=12&ved=0CCAQFjABOAo&url=http%3A%2F%2Fwww.napierarchery.org.uk%2F_results%2F2011_06_11_BUCS_OC.pdf&rct=j&q=amyce%20rees%20bannister%20Recurve%20%20archery&ei=B7yGTv-vGoqo8APEtNBB&usg=AFQjCNHDkOotBgO4ZmyatktR8YcNt1acqQ" "Mozilla/5.0 (Windows NT 6.1; rv:6.0.2) Gecko/20100101 Firefox/6.0.2"
86.134.32.66 - - [01/Oct/2011:08:06:57 +0100] "GET /_results/2011_06_11_BUCS_OC.pdf HTTP/1.1" 206 450556 "-" "Mozilla/5.0 (Windows NT 6.1; rv:6.0.2) Gecko/20100101 Firefox/6.0.2"
86.134.32.66 - - [01/Oct/2011:08:07:01 +0100] "GET /favicon.ico HTTP/1.1" 200 - "-" "Mozilla/5.0 (Windows NT 6.1; rv:6.0.2) Gecko/20100101 Firefox/6.0.2"
86.134.32.66 - - [01/Oct/2011:08:07:01 +0100] "GET /favicon.ico HTTP/1.1" 200 - "-" "Mozilla/5.0 (Windows NT 6.1; rv:6.0.2) Gecko/20100101 Firefox/6.0.2"
86.134.32.66 - - [01/Oct/2011:08:07:01 +0100] "GET /favicon.ico HTTP/1.1" 200 - "-" "Mozilla/5.0 (Windows NT 6.1; rv:6.0.2) Gecko/20100101 Firefox/6.0.2"
66.249.71.250 - - [01/Oct/2011:08:12:54 +0100] "GET /author/admin HTTP/1.1" 200 24515 "-" "Mozilla/5.0 (compatible; Googlebot/2.1; +http://www.google.com/bot.html)"
66.249.71.250 - - [01/Oct/2011:08:54:20 +0100] "GET /results/2010_02_13_SUS_LM.xls HTTP/1.1" 404 14816 "-" "Mozilla/5.0 (compatible; Googlebot/2.1; +http://www.google.com/bot.html)"
67.195.37.186 - - [01/Oct/2011:09:16:22 +0100] "GET /results/2008_03_08_BUTC.pdf HTTP/1.0" 404 14816 "-" "Mozilla/5.0 (compatible; Yahoo! Slurp; http://help.yahoo.com/help/us/ysearch/slurp)"
67.195.37.186 - - [01/Oct/2011:09:16:26 +0100] "GET /wp-content/themes/suffusion/style.css?ver=3.8.3 HTTP/1.0" 304 - "http://www.napierarchery.org.uk/results/2008_03_08_BUTC.pdf" "Mozilla/5.0 (compatible; Yahoo! Slurp; http://help.yahoo.com/help/us/ysearch/slurp)"
67.195.37.186 - - [01/Oct/2011:09:16:29 +0100] "GET /wp-content/themes/suffusion/skins/light-theme-red/skin.css?ver=3.8.3 HTTP/1.0" 304 - "http://www.napierarchery.org.uk/results/2008_03_08_BUTC.pdf" "Mozilla/5.0 (compatible; Yahoo! Slurp; http://help.yahoo.com/help/us/ysearch/slurp)"
67.195.37.186 - - [01/Oct/2011:09:16:32 +0100] "GET /wp-content/themes/suffusion/rounded-corners.css?ver=3.8.3 HTTP/1.0" 304 - "http://www.napierarchery.org.uk/results/2008_03_08_BUTC.pdf" "Mozilla/5.0 (compatible; Yahoo! Slurp; http://help.yahoo.com/help/us/ysearch/slurp)"
67.195.37.186 - - [01/Oct/2011:09:16:35 +0100] "GET /?ver=3.8.3&suffusion-css=css HTTP/1.0" 200 26308 "http://www.napierarchery.org.uk/results/2008_03_08_BUTC.pdf" "Mozilla/5.0 (compatible; Yahoo! Slurp; http://help.yahoo.com/help/us/ysearch/slurp)"
66.249.71.250 - - [01/Oct/2011:09:19:59 +0100] "GET /_results/2010_02_13_SUS_LM.xls HTTP/1.1" 200 78848 "-" "Mozilla/5.0 (compatible; Googlebot/2.1; +http://www.google.com/bot.html)"
72.14.199.218 - - [01/Oct/2011:09:23:56 +0100] "GET /feed HTTP/1.1" 304 - "-" "Feedfetcher-Google; (+http://www.google.com/feedfetcher.html; 1 subscribers; feed-id=16713175292228938239)"
67.195.37.186 - - [01/Oct/2011:09:27:55 +0100] "GET /268/week-4-and-on HTTP/1.0" 200 17974 "-" "Mozilla/5.0 (compatible; Yahoo! Slurp; http://help.yahoo.com/help/us/ysearch/slurp)"
67.195.37.186 - - [01/Oct/2011:09:27:56 +0100] "GET /wp-content/themes/suffusion/skins/light-theme-red/skin.css?ver=3.8.3 HTTP/1.0" 200 10167 "http://www.napierarchery.org.uk/268/week-4-and-on" "Mozilla/5.0 (compatible; Yahoo! Slurp; http://help.yahoo.com/help/us/ysearch/slurp)"
66.249.71.250 - - [01/Oct/2011:09:34:21 +0100] "GET /262/sunday-session-indoors/feed HTTP/1.1" 200 829 "-" "Mozilla/5.0 (compatible; Googlebot/2.1; +http://www.google.com/bot.html)"
66.249.71.250 - - [01/Oct/2011:09:38:54 +0100] "GET /results/2008_02_22_Friendly.xls HTTP/1.1" 404 14816 "-" "Mozilla/5.0 (compatible; Googlebot/2.1; +http://www.google.com/bot.html)"
77.88.27.27 - - [01/Oct/2011:09:45:36 +0100] "GET / HTTP/1.1" 200 33422 "-" "Mozilla/5.0 (compatible; YandexBot/3.0; +http://yandex.com/bots)"
66.249.71.216 - - [01/Oct/2011:09:49:22 +0100] "GET / HTTP/1.1" 301 - "-" "Mozilla/5.0 (compatible; Googlebot/2.1; +http://www.google.com/bot.html)"
66.249.71.250 - - [01/Oct/2011:09:53:55 +0100] "GET /?author=1 HTTP/1.1" 301 - "-" "Mozilla/5.0 (compatible; Googlebot/2.1; +http://www.google.com/bot.html)"
66.249.71.250 - - [01/Oct/2011:10:03:19 +0100] "GET /_results/2008_02_22_Friendly.xls HTTP/1.1" 200 18432 "-" "Mozilla/5.0 (compatible; Googlebot/2.1; +http://www.google.com/bot.html)"
184.107.80.5 - - [01/Oct/2011:10:09:56 +0100] "GET / HTTP/1.1" 301 - "-" "-"
184.107.80.5 - - [01/Oct/2011:10:09:58 +0100] "GET / HTTP/1.1" 200 33422 "-" "-"
67.195.37.186 - - [01/Oct/2011:10:12:04 +0100] "GET /results/2007_01_27_SUS_LM.xls HTTP/1.0" 404 14816 "-" "Mozilla/5.0 (compatible; Yahoo! Slurp; http://help.yahoo.com/help/us/ysearch/slurp)"
67.195.37.186 - - [01/Oct/2011:10:12:05 +0100] "GET /wp-content/themes/suffusion/style.css?ver=3.8.3 HTTP/1.0" 200 63146 "http://www.napierarchery.org.uk/results/2007_01_27_SUS_LM.xls" "Mozilla/5.0 (compatible; Yahoo! Slurp; http://help.yahoo.com/help/us/ysearch/slurp)"
67.195.37.186 - - [01/Oct/2011:10:12:06 +0100] "GET /wp-content/themes/suffusion/rounded-corners.css?ver=3.8.3 HTTP/1.0" 200 6025 "http://www.napierarchery.org.uk/results/2007_01_27_SUS_LM.xls" "Mozilla/5.0 (compatible; Yahoo! Slurp; http://help.yahoo.com/help/us/ysearch/slurp)"
66.249.71.250 - - [01/Oct/2011:10:20:47 +0100] "GET /join-us HTTP/1.1" 200 18855 "-" "Mozilla/5.0 (compatible; Googlebot/2.1; +http://www.google.com/bot.html)"
82.94.176.142 - - [01/Oct/2011:10:39:56 +0100] "GET /robots.txt HTTP/1.0" 200 24 "-" "Mozilla/4.0 (compatible;  Vagabondo/4.0; webcrawler at wise-guys dot nl; http://webagent.wise-guys.nl/)"
82.94.176.142 - - [01/Oct/2011:10:39:56 +0100] "GET /index.php HTTP/1.0" 301 - "http://www.napierarchery.org.uk/" "Mozilla/4.0 (compatible;  Vagabondo/4.0; webcrawler at wise-guys dot nl; http://webagent.wise-guys.nl/; http://www.wise-guys.nl/)"
82.94.176.142 - - [01/Oct/2011:10:39:56 +0100] "GET / HTTP/1.0" 200 33422 "http://www.napierarchery.org.uk/" "Mozilla/4.0 (compatible;  Vagabondo/4.0; webcrawler at wise-guys dot nl; http://webagent.wise-guys.nl/; http://www.wise-guys.nl/)"
82.94.176.142 - - [01/Oct/2011:10:42:51 +0100] "GET / HTTP/1.0" 200 33422 "-" "Mozilla/4.0 (compatible;  Vagabondo/4.0; webcrawler at wise-guys dot nl; http://webagent.wise-guys.nl/; http://www.wise-guys.nl/)"
82.94.176.142 - - [01/Oct/2011:10:45:46 +0100] "GET /?page_id=94 HTTP/1.0" 301 - "http://www.napierarchery.org.uk/" "Mozilla/4.0 (compatible;  Vagabondo/4.0; webcrawler at wise-guys dot nl; http://webagent.wise-guys.nl/; http://www.wise-guys.nl/)"
82.94.176.142 - - [01/Oct/2011:10:45:46 +0100] "GET /documents HTTP/1.0" 200 17042 "http://www.napierarchery.org.uk/" "Mozilla/4.0 (compatible;  Vagabondo/4.0; webcrawler at wise-guys dot nl; http://webagent.wise-guys.nl/; http://www.wise-guys.nl/)"
82.94.176.142 - - [01/Oct/2011:10:48:41 +0100] "GET /?page_id=19 HTTP/1.0" 301 - "http://www.napierarchery.org.uk/" "Mozilla/4.0 (compatible;  Vagabondo/4.0; webcrawler at wise-guys dot nl; http://webagent.wise-guys.nl/; http://www.wise-guys.nl/)"
82.94.176.142 - - [01/Oct/2011:10:48:41 +0100] "GET /results HTTP/1.0" 200 33172 "http://www.napierarchery.org.uk/" "Mozilla/4.0 (compatible;  Vagabondo/4.0; webcrawler at wise-guys dot nl; http://webagent.wise-guys.nl/; http://www.wise-guys.nl/)"
82.94.176.142 - - [01/Oct/2011:10:51:35 +0100] "GET /?page_id=4 HTTP/1.0" 301 - "http://www.napierarchery.org.uk/index.php" "Mozilla/4.0 (compatible;  Vagabondo/4.0; webcrawler at wise-guys dot nl; http://webagent.wise-guys.nl/; http://www.wise-guys.nl/)"
82.94.176.142 - - [01/Oct/2011:10:51:35 +0100] "GET /burstfire HTTP/1.0" 200 16481 "http://www.napierarchery.org.uk/index.php" "Mozilla/4.0 (compatible;  Vagabondo/4.0; webcrawler at wise-guys dot nl; http://webagent.wise-guys.nl/; http://www.wise-guys.nl/)"
82.94.176.142 - - [01/Oct/2011:10:54:29 +0100] "GET /results/2005_04_25_practice.html HTTP/1.0" 404 14816 "http://www.napierarchery.org.uk/?page_id=19" "Mozilla/4.0 (compatible;  Vagabondo/4.0; webcrawler at wise-guys dot nl; http://webagent.wise-guys.nl/; http://www.wise-guys.nl/)"
180.76.5.51 - - [01/Oct/2011:10:54:47 +0100] "GET /viewgallery.php?gallery=3 HTTP/1.1" 404 14569 "-" "Mozilla/5.0 (compatible; Baiduspider/2.0; +http://www.baidu.com/search/spider.html)"
82.94.176.142 - - [01/Oct/2011:10:57:25 +0100] "GET /?page_id=51 HTTP/1.0" 301 - "http://www.napierarchery.org.uk/index.php" "Mozilla/4.0 (compatible;  Vagabondo/4.0; webcrawler at wise-guys dot nl; http://webagent.wise-guys.nl/; http://www.wise-guys.nl/)"
82.94.176.142 - - [01/Oct/2011:10:57:26 +0100] "GET /competitions HTTP/1.0" 200 17725 "http://www.napierarchery.org.uk/index.php" "Mozilla/4.0 (compatible;  Vagabondo/4.0; webcrawler at wise-guys dot nl; http://webagent.wise-guys.nl/; http://www.wise-guys.nl/)"
82.94.176.142 - - [01/Oct/2011:11:00:20 +0100] "GET /?page_id=42 HTTP/1.0" 301 - "http://www.napierarchery.org.uk/index.php" "Mozilla/4.0 (compatible;  Vagabondo/4.0; webcrawler at wise-guys dot nl; http://webagent.wise-guys.nl/; http://www.wise-guys.nl/)"
82.94.176.142 - - [01/Oct/2011:11:00:21 +0100] "GET /club-records HTTP/1.0" 200 20263 "http://www.napierarchery.org.uk/index.php" "Mozilla/4.0 (compatible;  Vagabondo/4.0; webcrawler at wise-guys dot nl; http://webagent.wise-guys.nl/; http://www.wise-guys.nl/)"
66.249.71.250 - - [01/Oct/2011:11:00:27 +0100] "GET /268/week-4-and-on HTTP/1.1" 200 17974 "-" "Mozilla/5.0 (compatible; Googlebot/2.1; +http://www.google.com/bot.html)"
82.94.176.142 - - [01/Oct/2011:11:03:16 +0100] "GET /results/2010_10_29_practice.html HTTP/1.0" 404 14816 "http://www.napierarchery.org.uk/?page_id=19" "Mozilla/4.0 (compatible;  Vagabondo/4.0; webcrawler at wise-guys dot nl; http://webagent.wise-guys.nl/; http://www.wise-guys.nl/)"
82.94.176.142 - - [01/Oct/2011:11:06:11 +0100] "GET /?page_id=54 HTTP/1.0" 301 - "http://www.napierarchery.org.uk/index.php" "Mozilla/4.0 (compatible;  Vagabondo/4.0; webcrawler at wise-guys dot nl; http://webagent.wise-guys.nl/; http://www.wise-guys.nl/)"
82.94.176.142 - - [01/Oct/2011:11:06:11 +0100] "GET /club-history HTTP/1.0" 200 19847 "http://www.napierarchery.org.uk/index.php" "Mozilla/4.0 (compatible;  Vagabondo/4.0; webcrawler at wise-guys dot nl; http://webagent.wise-guys.nl/; http://www.wise-guys.nl/)"
82.94.176.142 - - [01/Oct/2011:11:09:07 +0100] "GET /?page_id=11 HTTP/1.0" 301 - "http://www.napierarchery.org.uk/" "Mozilla/4.0 (compatible;  Vagabondo/4.0; webcrawler at wise-guys dot nl; http://webagent.wise-guys.nl/; http://www.wise-guys.nl/)"
82.94.176.142 - - [01/Oct/2011:11:09:07 +0100] "GET /calendars HTTP/1.0" 200 16878 "http://www.napierarchery.org.uk/" "Mozilla/4.0 (compatible;  Vagabondo/4.0; webcrawler at wise-guys dot nl; http://webagent.wise-guys.nl/; http://www.wise-guys.nl/)"
66.249.71.216 - - [01/Oct/2011:11:21:27 +0100] "GET /results/2006_12_02_SUS_NC.xls HTTP/1.1" 301 - "-" "Mozilla/5.0 (compatible; Googlebot/2.1; +http://www.google.com/bot.html)"
66.249.71.250 - - [01/Oct/2011:11:21:28 +0100] "GET /results/2006_12_02_SUS_NC.xls HTTP/1.1" 404 14816 "-" "Mozilla/5.0 (compatible; Googlebot/2.1; +http://www.google.com/bot.html)"
77.88.27.27 - - [01/Oct/2011:11:21:30 +0100] "GET /_results/2008_06_21_BUSA_OC.pdf HTTP/1.1" 304 - "-" "Mozilla/5.0 (compatible; YandexBot/3.0; +http://yandex.com/bots)"
66.249.71.250 - - [01/Oct/2011:11:21:53 +0100] "GET /?page_id=34 HTTP/1.1" 301 - "-" "Mozilla/5.0 (compatible; Googlebot/2.1; +http://www.google.com/bot.html)"
82.41.43.81 - - [01/Oct/2011:11:24:56 +0100] "GET / HTTP/1.1" 200 33422 "-" "Mozilla/5.0 (Linux; U; Android 2.2; en-gb; HTC_Desire-orange-LS Build/FRF91) AppleWebKit/533.1 (KHTML, like Gecko) Version/4.0 Mobile Safari/533.1"
82.41.43.81 - - [01/Oct/2011:11:24:56 +0100] "GET /wp-content/themes/suffusion/style.css?ver=3.8.3 HTTP/1.1" 200 63146 "http://www.napierarchery.org.uk/" "Mozilla/5.0 (Linux; U; Android 2.2; en-gb; HTC_Desire-orange-LS Build/FRF91) AppleWebKit/533.1 (KHTML, like Gecko) Version/4.0 Mobile Safari/533.1"
82.41.43.81 - - [01/Oct/2011:11:24:56 +0100] "GET /wp-content/themes/suffusion/skins/light-theme-red/skin.css?ver=3.8.3 HTTP/1.1" 200 10167 "http://www.napierarchery.org.uk/" "Mozilla/5.0 (Linux; U; Android 2.2; en-gb; HTC_Desire-orange-LS Build/FRF91) AppleWebKit/533.1 (KHTML, like Gecko) Version/4.0 Mobile Safari/533.1"
82.41.43.81 - - [01/Oct/2011:11:24:56 +0100] "GET /wp-content/themes/suffusion/rounded-corners.css?ver=3.8.3 HTTP/1.1" 200 6025 "http://www.napierarchery.org.uk/" "Mozilla/5.0 (Linux; U; Android 2.2; en-gb; HTC_Desire-orange-LS Build/FRF91) AppleWebKit/533.1 (KHTML, like Gecko) Version/4.0 Mobile Safari/533.1"
82.41.43.81 - - [01/Oct/2011:11:24:56 +0100] "GET /wp-content/themes/suffusion/scripts/suffusion.js?ver=3.8.3 HTTP/1.1" 200 16294 "http://www.napierarchery.org.uk/" "Mozilla/5.0 (Linux; U; Android 2.2; en-gb; HTC_Desire-orange-LS Build/FRF91) AppleWebKit/533.1 (KHTML, like Gecko) Version/4.0 Mobile Safari/533.1"
82.41.43.81 - - [01/Oct/2011:11:24:56 +0100] "GET /wp-includes/js/l10n.js?ver=20101110 HTTP/1.1" 200 308 "http://www.napierarchery.org.uk/" "Mozilla/5.0 (Linux; U; Android 2.2; en-gb; HTC_Desire-orange-LS Build/FRF91) AppleWebKit/533.1 (KHTML, like Gecko) Version/4.0 Mobile Safari/533.1"
82.41.43.81 - - [01/Oct/2011:11:24:56 +0100] "GET /wp-includes/js/jquery/jquery.js?ver=1.6.1 HTTP/1.1" 200 91363 "http://www.napierarchery.org.uk/" "Mozilla/5.0 (Linux; U; Android 2.2; en-gb; HTC_Desire-orange-LS Build/FRF91) AppleWebKit/533.1 (KHTML, like Gecko) Version/4.0 Mobile Safari/533.1"
82.41.43.81 - - [01/Oct/2011:11:24:56 +0100] "GET /?ver=3.8.3&suffusion-css=css HTTP/1.1" 200 26308 "http://www.napierarchery.org.uk/" "Mozilla/5.0 (Linux; U; Android 2.2; en-gb; HTC_Desire-orange-LS Build/FRF91) AppleWebKit/533.1 (KHTML, like Gecko) Version/4.0 Mobile Safari/533.1"
82.41.43.81 - - [01/Oct/2011:11:24:58 +0100] "GET /wp-content/themes/suffusion/images/bg-red.png HTTP/1.1" 200 338 "http://www.napierarchery.org.uk/" "Mozilla/5.0 (Linux; U; Android 2.2; en-gb; HTC_Desire-orange-LS Build/FRF91) AppleWebKit/533.1 (KHTML, like Gecko) Version/4.0 Mobile Safari/533.1"
82.41.43.81 - - [01/Oct/2011:11:24:58 +0100] "GET /wp-content/themes/suffusion/images/iconset-0.png HTTP/1.1" 200 12891 "http://www.napierarchery.org.uk/" "Mozilla/5.0 (Linux; U; Android 2.2; en-gb; HTC_Desire-orange-LS Build/FRF91) AppleWebKit/533.1 (KHTML, like Gecko) Version/4.0 Mobile Safari/533.1"
82.41.43.81 - - [01/Oct/2011:11:24:58 +0100] "GET /wp-content/themes/suffusion/images/search-button-red.png HTTP/1.1" 200 762 "http://www.napierarchery.org.uk/" "Mozilla/5.0 (Linux; U; Android 2.2; en-gb; HTC_Desire-orange-LS Build/FRF91) AppleWebKit/533.1 (KHTML, like Gecko) Version/4.0 Mobile Safari/533.1"
82.41.43.81 - - [01/Oct/2011:11:24:58 +0100] "GET /wp-content/themes/suffusion/images/calred.png HTTP/1.1" 200 2155 "http://www.napierarchery.org.uk/" "Mozilla/5.0 (Linux; U; Android 2.2; en-gb; HTC_Desire-orange-LS Build/FRF91) AppleWebKit/533.1 (KHTML, like Gecko) Version/4.0 Mobile Safari/533.1"
82.41.43.81 - - [01/Oct/2011:11:24:58 +0100] "GET /wp-content/uploads/2011/08/napierarchery_logo.png HTTP/1.1" 200 21713 "http://www.napierarchery.org.uk/" "Mozilla/5.0 (Linux; U; Android 2.2; en-gb; HTC_Desire-orange-LS Build/FRF91) AppleWebKit/533.1 (KHTML, like Gecko) Version/4.0 Mobile Safari/533.1"
82.41.43.81 - - [01/Oct/2011:11:24:58 +0100] "GET /wp-content/themes/suffusion/images/icons/bulletred.png HTTP/1.1" 200 370 "http://www.napierarchery.org.uk/" "Mozilla/5.0 (Linux; U; Android 2.2; en-gb; HTC_Desire-orange-LS Build/FRF91) AppleWebKit/533.1 (KHTML, like Gecko) Version/4.0 Mobile Safari/533.1"
82.41.43.81 - - [01/Oct/2011:11:24:58 +0100] "GET /wp-content/themes/suffusion/images/arrows.gif HTTP/1.1" 200 1244 "http://www.napierarchery.org.uk/" "Mozilla/5.0 (Linux; U; Android 2.2; en-gb; HTC_Desire-orange-LS Build/FRF91) AppleWebKit/533.1 (KHTML, like Gecko) Version/4.0 Mobile Safari/533.1"
82.41.43.81 - - [01/Oct/2011:11:24:58 +0100] "GET /resources/NUACfav.png HTTP/1.1" 200 10132 "http://www.napierarchery.org.uk/" "Mozilla/5.0 (Linux; U; Android 2.2; en-gb; HTC_Desire-orange-LS Build/FRF91) AppleWebKit/533.1 (KHTML, like Gecko) Version/4.0 Mobile Safari/533.1"
82.41.43.81 - - [01/Oct/2011:11:25:37 +0100] "GET /calendars HTTP/1.1" 200 16878 "http://www.napierarchery.org.uk/" "Mozilla/5.0 (Linux; U; Android 2.2; en-gb; HTC_Desire-orange-LS Build/FRF91) AppleWebKit/533.1 (KHTML, like Gecko) Version/4.0 Mobile Safari/533.1"
82.41.43.81 - - [01/Oct/2011:11:25:38 +0100] "GET /wp-includes/js/comment-reply.js?ver=20090102 HTTP/1.1" 200 786 "http://www.napierarchery.org.uk/calendars" "Mozilla/5.0 (Linux; U; Android 2.2; en-gb; HTC_Desire-orange-LS Build/FRF91) AppleWebKit/533.1 (KHTML, like Gecko) Version/4.0 Mobile Safari/533.1"
82.41.43.81 - - [01/Oct/2011:11:25:59 +0100] "GET /club-records HTTP/1.1" 200 20263 "http://www.napierarchery.org.uk/calendars" "Mozilla/5.0 (Linux; U; Android 2.2; en-gb; HTC_Desire-orange-LS Build/FRF91) AppleWebKit/533.1 (KHTML, like Gecko) Version/4.0 Mobile Safari/533.1"
82.41.43.81 - - [01/Oct/2011:11:27:37 +0100] "GET /competitions HTTP/1.1" 200 17725 "http://www.napierarchery.org.uk/club-records" "Mozilla/5.0 (Linux; U; Android 2.2; en-gb; HTC_Desire-orange-LS Build/FRF91) AppleWebKit/533.1 (KHTML, like Gecko) Version/4.0 Mobile Safari/533.1"
82.41.43.81 - - [01/Oct/2011:11:27:46 +0100] "GET /competitions HTTP/1.1" 200 17725 "http://www.napierarchery.org.uk/competitions" "Mozilla/5.0 (Linux; U; Android 2.2; en-gb; HTC_Desire-orange-LS Build/FRF91) AppleWebKit/533.1 (KHTML, like Gecko) Version/4.0 Mobile Safari/533.1"
82.41.43.81 - - [01/Oct/2011:11:28:04 +0100] "GET /documents HTTP/1.1" 200 17042 "http://www.napierarchery.org.uk/competitions" "Mozilla/5.0 (Linux; U; Android 2.2; en-gb; HTC_Desire-orange-LS Build/FRF91) AppleWebKit/533.1 (KHTML, like Gecko) Version/4.0 Mobile Safari/533.1"
82.41.43.81 - - [01/Oct/2011:11:28:16 +0100] "GET /office-holders HTTP/1.1" 200 17575 "http://www.napierarchery.org.uk/documents" "Mozilla/5.0 (Linux; U; Android 2.2; en-gb; HTC_Desire-orange-LS Build/FRF91) AppleWebKit/533.1 (KHTML, like Gecko) Version/4.0 Mobile Safari/533.1"
188.221.66.153 - - [01/Oct/2011:11:29:36 +0100] "GET / HTTP/1.1" 200 33422 "http://www.scottisharchery.org.uk/view_club.php?id=27" "Mozilla/4.0 (compatible; MSIE 8.0; Windows NT 5.1; Trident/4.0; .NET CLR 1.1.4322; .NET CLR 2.0.50727; .NET CLR 3.0.4506.2152; .NET CLR 3.5.30729)"
188.221.66.153 - - [01/Oct/2011:11:29:37 +0100] "GET /wp-content/themes/suffusion/skins/light-theme-red/skin.css?ver=3.8.3 HTTP/1.1" 200 10167 "http://www.napierarchery.org.uk/" "Mozilla/4.0 (compatible; MSIE 8.0; Windows NT 5.1; Trident/4.0; .NET CLR 1.1.4322; .NET CLR 2.0.50727; .NET CLR 3.0.4506.2152; .NET CLR 3.5.30729)"
188.221.66.153 - - [01/Oct/2011:11:29:37 +0100] "GET /wp-includes/js/l10n.js?ver=20101110 HTTP/1.1" 200 308 "http://www.napierarchery.org.uk/" "Mozilla/4.0 (compatible; MSIE 8.0; Windows NT 5.1; Trident/4.0; .NET CLR 1.1.4322; .NET CLR 2.0.50727; .NET CLR 3.0.4506.2152; .NET CLR 3.5.30729)"
188.221.66.153 - - [01/Oct/2011:11:29:37 +0100] "GET /wp-content/themes/suffusion/scripts/suffusion.js?ver=3.8.3 HTTP/1.1" 200 16294 "http://www.napierarchery.org.uk/" "Mozilla/4.0 (compatible; MSIE 8.0; Windows NT 5.1; Trident/4.0; .NET CLR 1.1.4322; .NET CLR 2.0.50727; .NET CLR 3.0.4506.2152; .NET CLR 3.5.30729)"
188.221.66.153 - - [01/Oct/2011:11:29:37 +0100] "GET /wp-content/themes/suffusion/style.css?ver=3.8.3 HTTP/1.1" 200 63146 "http://www.napierarchery.org.uk/" "Mozilla/4.0 (compatible; MSIE 8.0; Windows NT 5.1; Trident/4.0; .NET CLR 1.1.4322; .NET CLR 2.0.50727; .NET CLR 3.0.4506.2152; .NET CLR 3.5.30729)"
188.221.66.153 - - [01/Oct/2011:11:29:37 +0100] "GET /?ver=3.8.3&suffusion-css=css HTTP/1.1" 200 26308 "http://www.napierarchery.org.uk/" "Mozilla/4.0 (compatible; MSIE 8.0; Windows NT 5.1; Trident/4.0; .NET CLR 1.1.4322; .NET CLR 2.0.50727; .NET CLR 3.0.4506.2152; .NET CLR 3.5.30729)"
188.221.66.153 - - [01/Oct/2011:11:29:37 +0100] "GET /wp-includes/js/jquery/jquery.js?ver=1.6.1 HTTP/1.1" 200 91363 "http://www.napierarchery.org.uk/" "Mozilla/4.0 (compatible; MSIE 8.0; Windows NT 5.1; Trident/4.0; .NET CLR 1.1.4322; .NET CLR 2.0.50727; .NET CLR 3.0.4506.2152; .NET CLR 3.5.30729)"
188.221.66.153 - - [01/Oct/2011:11:29:39 +0100] "GET /wp-content/uploads/2011/08/napierarchery_logo.png HTTP/1.1" 200 21713 "http://www.napierarchery.org.uk/" "Mozilla/4.0 (compatible; MSIE 8.0; Windows NT 5.1; Trident/4.0; .NET CLR 1.1.4322; .NET CLR 2.0.50727; .NET CLR 3.0.4506.2152; .NET CLR 3.5.30729)"
