188.221.66.153 - - [01/Oct/2011:11:29:39 +0100] "GET /wp-content/themes/suffusion/images/search-button-red.png HTTP/1.1" 200 762 "http://www.napierarchery.org.uk/" "Mozilla/4.0 (compatible; MSIE 8.0; Windows NT 5.1; Trident/4.0; .NET CLR 1.1.4322; .NET CLR 2.0.50727; .NET CLR 3.0.4506.2152; .NET CLR 3.5.30729)"
188.221.66.153 - - [01/Oct/2011:11:29:43 +0100] "GET /wp-content/themes/suffusion/images/calred.png HTTP/1.1" 200 2155 "http://www.napierarchery.org.uk/" "Mozilla/4.0 (compatible; MSIE 8.0; Windows NT 5.1; Trident/4.0; .NET CLR 1.1.4322; .NET CLR 2.0.50727; .NET CLR 3.0.4506.2152; .NET CLR 3.5.30729)"
188.221.66.153 - - [01/Oct/2011:11:29:43 +0100] "GET /wp-content/themes/suffusion/images/iconset-0.png HTTP/1.1" 200 12891 "http://www.napierarchery.org.uk/" "Mozilla/4.0 (compatible; MSIE 8.0; Windows NT 5.1; Trident/4.0; .NET CLR 1.1.4322; .NET CLR 2.0.50727; .NET CLR 3.0.4506.2152; .NET CLR 3.5.30729)"
188.221.66.153 - - [01/Oct/2011:11:29:43 +0100] "GET /wp-content/themes/suffusion/images/icons/bulletred.png HTTP/1.1" 200 370 "http://www.napierarchery.org.uk/" "Mozilla/4.0 (compatible; MSIE 8.0; Windows NT 5.1; Trident/4.0; .NET CLR 1.1.4322; .NET CLR 2.0.50727; .NET CLR 3.0.4506.2152; .NET CLR 3.5.30729)"
188.221.66.153 - - [01/Oct/2011:11:29:44 +0100] "GET /resources/NUACfav.png HTTP/1.1" 200 10132 "-" "Mozilla/4.0 (compatible; MSIE 8.0; Windows NT 5.1; Trident/4.0; .NET CLR 1.1.4322; .NET CLR 2.0.50727; .NET CLR 3.0.4506.2152; .NET CLR 3.5.30729)"
188.221.66.153 - - [01/Oct/2011:11:29:44 +0100] "GET /wp-content/themes/suffusion/images/bg-red.png HTTP/1.1" 200 338 "http://www.napierarchery.org.uk/" "Mozilla/4.0 (compatible; MSIE 8.0; Windows NT 5.1; Trident/4.0; .NET CLR 1.1.4322; .NET CLR 2.0.50727; .NET CLR 3.0.4506.2152; .NET CLR 3.5.30729)"
188.221.66.153 - - [01/Oct/2011:11:29:44 +0100] "GET /wp-content/themes/suffusion/images/arrows.gif HTTP/1.1" 200 1244 "http://www.napierarchery.org.uk/" "Mozilla/4.0 (compatible; MSIE 8.0; Windows NT 5.1; Trident/4.0; .NET CLR 1.1.4322; .NET CLR 2.0.50727; .NET CLR 3.0.4506.2152; .NET CLR 3.5.30729)"
67.195.37.186 - - [01/Oct/2011:11:39:31 +0100] "GET /robots.txt HTTP/1.0" 200 24 "-" "Mozilla/5.0 (compatible; Yahoo! Slurp; http://help.yahoo.com/help/us/ysearch/slurp)"
67.195.37.186 - - [01/Oct/2011:11:39:32 +0100] "GET /127/join-us-now?utm_source=rss&utm_medium=rss&utm_campaign=join-us-now HTTP/1.0" 200 16905 "-" "Mozilla/5.0 (compatible; Yahoo! Slurp; http://help.yahoo.com/help/us/ysearch/slurp)"
67.195.37.186 - - [01/Oct/2011:11:39:33 +0100] "GET /wp-content/themes/suffusion/skins/light-theme-red/skin.css?ver=3.8.3 HTTP/1.0" 304 - "http://www.napierarchery.org.uk/127/join-us-now?utm_source=rss&utm_medium=rss&utm_campaign=join-us-now" "Mozilla/5.0 (compatible; Yahoo! Slurp; http://help.yahoo.com/help/us/ysearch/slurp)"
67.195.37.186 - - [01/Oct/2011:11:39:34 +0100] "GET /?ver=3.8.3&suffusion-css=css HTTP/1.0" 200 26308 "http://www.napierarchery.org.uk/127/join-us-now?utm_source=rss&utm_medium=rss&utm_campaign=join-us-now" "Mozilla/5.0 (compatible; Yahoo! Slurp; http://help.yahoo.com/help/us/ysearch/slurp)"
66.249.71.250 - - [01/Oct/2011:11:43:20 +0100] "GET /267/senior-only-session-on-tonight HTTP/1.1" 200 16578 "-" "Mozilla/5.0 (compatible; Googlebot/2.1; +http://www.google.com/bot.html)"
66.249.71.250 - - [01/Oct/2011:11:49:44 +0100] "GET /?author=3 HTTP/1.1" 301 - "-" "Mozilla/5.0 (compatible; Googlebot/2.1; +http://www.google.com/bot.html)"
66.249.71.250 - - [01/Oct/2011:11:49:44 +0100] "GET /author/pete HTTP/1.1" 200 27253 "-" "Mozilla/5.0 (compatible; Googlebot/2.1; +http://www.google.com/bot.html)"
94.174.197.102 - - [01/Oct/2011:11:50:41 +0100] "GET /258/important-sports-union?utm_source=rss&utm_medium=rss&utm_campaign=important-sports-union HTTP/1.1" 200 18569 "http://cruisedownload.etlc08.org/114/important-sports-union-napier-university-archery-club/" "Mozilla/4.0 (compatible; MSIE 8.0; Windows NT 6.1; WOW64; Trident/4.0; GTB7.1; SLCC2; .NET CLR 2.0.50727; .NET CLR 3.5.30729; .NET CLR 3.0.30729; Media Center PC 6.0; eSobiSubscriber 2.0.4.16; .NET4.0C)"
94.174.197.102 - - [01/Oct/2011:11:50:42 +0100] "GET /wp-content/themes/suffusion/skins/light-theme-red/skin.css?ver=3.8.3 HTTP/1.1" 200 10167 "http://www.napierarchery.org.uk/258/important-sports-union?utm_source=rss&utm_medium=rss&utm_campaign=important-sports-union" "Mozilla/4.0 (compatible; MSIE 8.0; Windows NT 6.1; WOW64; Trident/4.0; GTB7.1; SLCC2; .NET CLR 2.0.50727; .NET CLR 3.5.30729; .NET CLR 3.0.30729; Media Center PC 6.0; eSobiSubscriber 2.0.4.16; .NET4.0C)"
94.174.197.102 - - [01/Oct/2011:11:50:42 +0100] "GET /wp-content/themes/suffusion/style.css?ver=3.8.3 HTTP/1.1" 200 63146 "http://www.napierarchery.org.uk/258/important-sports-union?utm_source=rss&utm_medium=rss&utm_campaign=important-sports-union" "Mozilla/4.0 (compatible; MSIE 8.0; Windows NT 6.1; WOW64; Trident/4.0; GTB7.1; SLCC2; .NET CLR 2.0.50727; .NET CLR 3.5.30729; .NET CLR 3.0.30729; Media Center PC 6.0; eSobiSubscriber 2.0.4.16; .NET4.0C)"
94.174.197.102 - - [01/Oct/2011:11:50:42 +0100] "GET /wp-includes/js/comment-reply.js?ver=20090102 HTTP/1.1" 200 786 "http://www.napierarchery.org.uk/258/important-sports-union?utm_source=rss&utm_medium=rss&utm_campaign=important-sports-union" "Mozilla/4.0 (compatible; MSIE 8.0; Windows NT 6.1; WOW64; Trident/4.0; GTB7.1; SLCC2; .NET CLR 2.0.50727; .NET CLR 3.5.30729; .NET CLR 3.0.30729; Media Center PC 6.0; eSobiSubscriber 2.0.4.16; .NET4.0C)"
94.174.197.102 - - [01/Oct/2011:11:50:42 +0100] "GET /wp-content/themes/suffusion/scripts/suffusion.js?ver=3.8.3 HTTP/1.1" 200 16294 "http://www.napierarchery.org.uk/258/important-sports-union?utm_source=rss&utm_medium=rss&utm_campaign=important-sports-union" "Mozilla/4.0 (compatible; MSIE 8.0; Windows NT 6.1; WOW64; Trident/4.0; GTB7.1; SLCC2; .NET CLR 2.0.50727; .NET CLR 3.5.30729; .NET CLR 3.0.30729; Media Center PC 6.0; eSobiSubscriber 2.0.4.16; .NET4.0C)"
94.174.197.102 - - [01/Oct/2011:11:50:42 +0100] "GET /wp-includes/js/l10n.js?ver=20101110 HTTP/1.1" 200 308 "http://www.napierarchery.org.uk/258/important-sports-union?utm_source=rss&utm_medium=rss&utm_campaign=important-sports-union" "Mozilla/4.0 (compatible; MSIE 8.0; Windows NT 6.1; WOW64; Trident/4.0; GTB7.1; SLCC2; .NET CLR 2.0.50727; .NET CLR 3.5.30729; .NET CLR 3.0.30729; Media Center PC 6.0; eSobiSubscriber 2.0.4.16; .NET4.0C)"
94.174.197.102 - - [01/Oct/2011:11:50:42 +0100] "GET /wp-includes/js/jquery/jquery.js?ver=1.6.1 HTTP/1.1" 200 91363 "http://www.napierarchery.org.uk/258/important-sports-union?utm_source=rss&utm_medium=rss&utm_campaign=important-sports-union" "Mozilla/4.0 (compatible; MSIE 8.0; Windows NT 6.1; WOW64; Trident/4.0; GTB7.1; SLCC2; .NET CLR 2.0.50727; .NET CLR 3.5.30729; .NET CLR 3.0.30729; Media Center PC 6.0; eSobiSubscriber 2.0.4.16; .NET4.0C)"
94.174.197.102 - - [01/Oct/2011:11:50:42 +0100] "GET /?ver=3.8.3&suffusion-css=css HTTP/1.1" 200 26308 "http://www.napierarchery.org.uk/258/important-sports-union?utm_source=rss&utm_medium=rss&utm_campaign=important-sports-union" "Mozilla/4.0 (compatible; MSIE 8.0; Windows NT 6.1; WOW64; Trident/4.0; GTB7.1; SLCC2; .NET CLR 2.0.50727; .NET CLR 3.5.30729; .NET CLR 3.0.30729; Media Center PC 6.0; eSobiSubscriber 2.0.4.16; .NET4.0C)"
94.174.197.102 - - [01/Oct/2011:11:50:42 +0100] "GET /wp-content/themes/suffusion/images/search-button-red.png HTTP/1.1" 200 762 "http://www.napierarchery.org.uk/258/important-sports-union?utm_source=rss&utm_medium=rss&utm_campaign=important-sports-union" "Mozilla/4.0 (compatible; MSIE 8.0; Windows NT 6.1; WOW64; Trident/4.0; GTB7.1; SLCC2; .NET CLR 2.0.50727; .NET CLR 3.5.30729; .NET CLR 3.0.30729; Media Center PC 6.0; eSobiSubscriber 2.0.4.16; .NET4.0C)"
94.174.197.102 - - [01/Oct/2011:11:50:42 +0100] "GET /wp-content/themes/suffusion/images/calred.png HTTP/1.1" 200 2155 "http://www.napierarchery.org.uk/258/important-sports-union?utm_source=rss&utm_medium=rss&utm_campaign=important-sports-union" "Mozilla/4.0 (compatible; MSIE 8.0; Windows NT 6.1; WOW64; Trident/4.0; GTB7.1; SLCC2; .NET CLR 2.0.50727; .NET CLR 3.5.30729; .NET CLR 3.0.30729; Media Center PC 6.0; eSobiSubscriber 2.0.4.16; .NET4.0C)"
94.174.197.102 - - [01/Oct/2011:11:50:42 +0100] "GET /wp-content/themes/suffusion/images/iconset-0.png HTTP/1.1" 200 12891 "http://www.napierarchery.org.uk/258/important-sports-union?utm_source=rss&utm_medium=rss&utm_campaign=important-sports-union" "Mozilla/4.0 (compatible; MSIE 8.0; Windows NT 6.1; WOW64; Trident/4.0; GTB7.1; SLCC2; .NET CLR 2.0.50727; .NET CLR 3.5.30729; .NET CLR 3.0.30729; Media Center PC 6.0; eSobiSubscriber 2.0.4.16; .NET4.0C)"
94.174.197.102 - - [01/Oct/2011:11:50:42 +0100] "GET /wp-content/themes/suffusion/images/icons/bulletred.png HTTP/1.1" 200 370 "http://www.napierarchery.org.uk/258/important-sports-union?utm_source=rss&utm_medium=rss&utm_campaign=important-sports-union" "Mozilla/4.0 (compatible; MSIE 8.0; Windows NT 6.1; WOW64; Trident/4.0; GTB7.1; SLCC2; .NET CLR 2.0.50727; .NET CLR 3.5.30729; .NET CLR 3.0.30729; Media Center PC 6.0; eSobiSubscriber 2.0.4.16; .NET4.0C)"
94.174.197.102 - - [01/Oct/2011:11:50:42 +0100] "GET /wp-content/themes/suffusion/images/bg-red.png HTTP/1.1" 200 338 "http://www.napierarchery.org.uk/258/important-sports-union?utm_source=rss&utm_medium=rss&utm_campaign=important-sports-union" "Mozilla/4.0 (compatible; MSIE 8.0; Windows NT 6.1; WOW64; Trident/4.0; GTB7.1; SLCC2; .NET CLR 2.0.50727; .NET CLR 3.5.30729; .NET CLR 3.0.30729; Media Center PC 6.0; eSobiSubscriber 2.0.4.16; .NET4.0C)"
94.174.197.102 - - [01/Oct/2011:11:50:42 +0100] "GET /wp-content/themes/suffusion/images/arrows.gif HTTP/1.1" 200 1244 "http://www.napierarchery.org.uk/258/important-sports-union?utm_source=rss&utm_medium=rss&utm_campaign=important-sports-union" "Mozilla/4.0 (compatible; MSIE 8.0; Windows NT 6.1; WOW64; Trident/4.0; GTB7.1; SLCC2; .NET CLR 2.0.50727; .NET CLR 3.5.30729; .NET CLR 3.0.30729; Media Center PC 6.0; eSobiSubscriber 2.0.4.16; .NET4.0C)"
94.174.197.102 - - [01/Oct/2011:11:50:42 +0100] "GET /resources/NUACfav.png HTTP/1.1" 200 10132 "-" "Mozilla/4.0 (compatible; MSIE 8.0; Windows NT 6.1; WOW64; Trident/4.0; GTB7.1; SLCC2; .NET CLR 2.0.50727; .NET CLR 3.5.30729; .NET CLR 3.0.30729; Media Center PC 6.0; eSobiSubscriber 2.0.4.16; .NET4.0C)"
94.174.197.102 - - [01/Oct/2011:11:50:46 +0100] "GET /join-us HTTP/1.1" 200 18855 "http://www.napierarchery.org.uk/258/important-sports-union?utm_source=rss&utm_medium=rss&utm_campaign=important-sports-union" "Mozilla/4.0 (compatible; MSIE 8.0; Windows NT 6.1; WOW64; Trident/4.0; GTB7.1; SLCC2; .NET CLR 2.0.50727; .NET CLR 3.5.30729; .NET CLR 3.0.30729; Media Center PC 6.0; eSobiSubscriber 2.0.4.16; .NET4.0C)"
94.174.197.102 - - [01/Oct/2011:11:50:47 +0100] "GET /?ver=3.8.3&suffusion-css=css HTTP/1.1" 200 26308 "http://www.napierarchery.org.uk/join-us" "Mozilla/4.0 (compatible; MSIE 8.0; Windows NT 6.1; WOW64; Trident/4.0; GTB7.1; SLCC2; .NET CLR 2.0.50727; .NET CLR 3.5.30729; .NET CLR 3.0.30729; Media Center PC 6.0; eSobiSubscriber 2.0.4.16; .NET4.0C)"
94.174.197.102 - - [01/Oct/2011:11:50:48 +0100] "GET /resources/NUACfav.png HTTP/1.1" 200 10132 "-" "Mozilla/4.0 (compatible; MSIE 8.0; Windows NT 6.1; WOW64; Trident/4.0; GTB7.1; SLCC2; .NET CLR 2.0.50727; .NET CLR 3.5.30729; .NET CLR 3.0.30729; Media Center PC 6.0; eSobiSubscriber 2.0.4.16; .NET4.0C)"
66.249.71.250 - - [01/Oct/2011:12:01:36 +0100] "GET /club-records HTTP/1.1" 200 20263 "-" "Mozilla/5.0 (compatible; Googlebot/2.1; +http://www.google.com/bot.html)"
77.88.27.27 - - [01/Oct/2011:12:10:17 +0100] "GET /_results/2005_02_26_BUSA_IC.xls HTTP/1.1" 200 165888 "-" "Mozilla/5.0 (compatible; YandexBot/3.0; +http://yandex.com/bots)"
94.175.91.75 - - [01/Oct/2011:12:14:17 +0100] "GET /feed HTTP/1.1" 304 - "-" "Mozilla/5.0 (Windows NT 6.1; WOW64; rv:7.0) Gecko/20110922 Thunderbird/7.0"
66.249.71.250 - - [01/Oct/2011:12:22:08 +0100] "GET /?p=127 HTTP/1.1" 301 - "-" "Mozilla/5.0 (compatible; Googlebot/2.1; +http://www.google.com/bot.html)"
66.249.71.250 - - [01/Oct/2011:12:22:09 +0100] "GET /127/join-us-now HTTP/1.1" 200 16905 "-" "Mozilla/5.0 (compatible; Googlebot/2.1; +http://www.google.com/bot.html)"
72.14.199.218 - - [01/Oct/2011:12:28:24 +0100] "GET /feed HTTP/1.1" 304 - "-" "Feedfetcher-Google; (+http://www.google.com/feedfetcher.html; 1 subscribers; feed-id=16713175292228938239)"
66.249.71.250 - - [01/Oct/2011:12:38:38 +0100] "GET / HTTP/1.1" 200 33422 "-" "DoCoMo/2.0 N905i(c100;TB;W24H16) (compatible; Googlebot-Mobile/2.1; +http://www.google.com/bot.html)"
66.249.71.250 - - [01/Oct/2011:12:57:24 +0100] "GET /?ver=3.8.2&suffusion-css=css HTTP/1.1" 200 26308 "-" "Mozilla/5.0 (compatible; Googlebot/2.1; +http://www.google.com/bot.html)"
65.52.109.194 - - [01/Oct/2011:12:59:10 +0100] "GET /robots.txt HTTP/1.1" 200 24 "-" "Mozilla/5.0 (compatible; bingbot/2.0; +http://www.bing.com/bingbot.htm)"
65.52.109.194 - - [01/Oct/2011:12:59:56 +0100] "GET /documents/Napier%20Scoresheet.xls HTTP/1.1" 404 14816 "-" "Mozilla/5.0 (compatible; bingbot/2.0; +http://www.bing.com/bingbot.htm)"
77.88.27.27 - - [01/Oct/2011:13:09:05 +0100] "GET /results/2005_06_18_BUSA_OC.xls HTTP/1.1" 404 14816 "-" "Mozilla/5.0 (compatible; YandexBot/3.0; +http://yandex.com/bots)"
67.195.37.186 - - [01/Oct/2011:13:17:50 +0100] "GET /_results/2006_12_02_SUS_NC.xls HTTP/1.0" 200 35840 "-" "Mozilla/5.0 (compatible; Yahoo! Slurp; http://help.yahoo.com/help/us/ysearch/slurp)"
146.176.182.52 - - [01/Oct/2011:13:29:52 +0100] "GET /wp-content/themes/suffusion/skins/light-theme-red/skin.css?ver=3.8.3 HTTP/1.1" 200 10167 "http://www.napierarchery.org.uk/" "Mozilla/4.0 (compatible; MSIE 7.0; Windows NT 5.1; Trident/4.0; .NET CLR 2.0.50727; .NET CLR 3.0.4506.2152; .NET CLR 3.5.30729; InfoPath.2)"
146.176.182.52 - - [01/Oct/2011:13:29:52 +0100] "GET / HTTP/1.1" 200 33422 "-" "Mozilla/4.0 (compatible; MSIE 7.0; Windows NT 5.1; Trident/4.0; .NET CLR 2.0.50727; .NET CLR 3.0.4506.2152; .NET CLR 3.5.30729; InfoPath.2)"
146.176.182.52 - - [01/Oct/2011:13:29:52 +0100] "GET /wp-content/themes/suffusion/style.css?ver=3.8.3 HTTP/1.1" 200 63146 "http://www.napierarchery.org.uk/" "Mozilla/4.0 (compatible; MSIE 7.0; Windows NT 5.1; Trident/4.0; .NET CLR 2.0.50727; .NET CLR 3.0.4506.2152; .NET CLR 3.5.30729; InfoPath.2)"
146.176.182.52 - - [01/Oct/2011:13:29:52 +0100] "GET /wp-includes/js/l10n.js?ver=20101110 HTTP/1.1" 200 308 "http://www.napierarchery.org.uk/" "Mozilla/4.0 (compatible; MSIE 7.0; Windows NT 5.1; Trident/4.0; .NET CLR 2.0.50727; .NET CLR 3.0.4506.2152; .NET CLR 3.5.30729; InfoPath.2)"
146.176.182.52 - - [01/Oct/2011:13:29:52 +0100] "GET /wp-includes/js/jquery/jquery.js?ver=1.6.1 HTTP/1.1" 200 91363 "http://www.napierarchery.org.uk/" "Mozilla/4.0 (compatible; MSIE 7.0; Windows NT 5.1; Trident/4.0; .NET CLR 2.0.50727; .NET CLR 3.0.4506.2152; .NET CLR 3.5.30729; InfoPath.2)"
146.176.182.52 - - [01/Oct/2011:13:29:52 +0100] "GET /?ver=3.8.3&suffusion-css=css HTTP/1.1" 200 26308 "http://www.napierarchery.org.uk/" "Mozilla/4.0 (compatible; MSIE 7.0; Windows NT 5.1; Trident/4.0; .NET CLR 2.0.50727; .NET CLR 3.0.4506.2152; .NET CLR 3.5.30729; InfoPath.2)"
146.176.182.52 - - [01/Oct/2011:13:29:53 +0100] "GET /wp-content/themes/suffusion/scripts/suffusion.js?ver=3.8.3 HTTP/1.1" 200 16294 "http://www.napierarchery.org.uk/" "Mozilla/4.0 (compatible; MSIE 7.0; Windows NT 5.1; Trident/4.0; .NET CLR 2.0.50727; .NET CLR 3.0.4506.2152; .NET CLR 3.5.30729; InfoPath.2)"
146.176.182.52 - - [01/Oct/2011:13:29:53 +0100] "GET /wp-content/themes/suffusion/ie-fix.css?ver=3.8.3 HTTP/1.1" 200 4144 "http://www.napierarchery.org.uk/" "Mozilla/4.0 (compatible; MSIE 7.0; Windows NT 5.1; Trident/4.0; .NET CLR 2.0.50727; .NET CLR 3.0.4506.2152; .NET CLR 3.5.30729; InfoPath.2)"
146.176.182.52 - - [01/Oct/2011:13:29:53 +0100] "GET /wp-content/uploads/2011/08/napierarchery_logo.png HTTP/1.1" 200 21713 "http://www.napierarchery.org.uk/" "Mozilla/4.0 (compatible; MSIE 7.0; Windows NT 5.1; Trident/4.0; .NET CLR 2.0.50727; .NET CLR 3.0.4506.2152; .NET CLR 3.5.30729; InfoPath.2)"
146.176.182.52 - - [01/Oct/2011:13:29:53 +0100] "GET /wp-content/themes/suffusion/images/search-button-red.png HTTP/1.1" 200 762 "http://www.napierarchery.org.uk/" "Mozilla/4.0 (compatible; MSIE 7.0; Windows NT 5.1; Trident/4.0; .NET CLR 2.0.50727; .NET CLR 3.0.4506.2152; .NET CLR 3.5.30729; InfoPath.2)"
146.176.182.52 - - [01/Oct/2011:13:29:53 +0100] "GET /wp-content/themes/suffusion/images/icons/bulletred.png HTTP/1.1" 200 370 "http://www.napierarchery.org.uk/" "Mozilla/4.0 (compatible; MSIE 7.0; Windows NT 5.1; Trident/4.0; .NET CLR 2.0.50727; .NET CLR 3.0.4506.2152; .NET CLR 3.5.30729; InfoPath.2)"
146.176.182.52 - - [01/Oct/2011:13:29:53 +0100] "GET /wp-content/themes/suffusion/images/iconset-0.png HTTP/1.1" 200 12891 "http://www.napierarchery.org.uk/" "Mozilla/4.0 (compatible; MSIE 7.0; Windows NT 5.1; Trident/4.0; .NET CLR 2.0.50727; .NET CLR 3.0.4506.2152; .NET CLR 3.5.30729; InfoPath.2)"
146.176.182.52 - - [01/Oct/2011:13:29:53 +0100] "GET /wp-content/themes/suffusion/images/calred.png HTTP/1.1" 200 2155 "http://www.napierarchery.org.uk/" "Mozilla/4.0 (compatible; MSIE 7.0; Windows NT 5.1; Trident/4.0; .NET CLR 2.0.50727; .NET CLR 3.0.4506.2152; .NET CLR 3.5.30729; InfoPath.2)"
146.176.182.52 - - [01/Oct/2011:13:29:53 +0100] "GET /wp-content/themes/suffusion/images/bg-red.png HTTP/1.1" 200 338 "http://www.napierarchery.org.uk/" "Mozilla/4.0 (compatible; MSIE 7.0; Windows NT 5.1; Trident/4.0; .NET CLR 2.0.50727; .NET CLR 3.0.4506.2152; .NET CLR 3.5.30729; InfoPath.2)"
146.176.182.52 - - [01/Oct/2011:13:29:53 +0100] "GET /wp-content/themes/suffusion/images/arrows.gif HTTP/1.1" 200 1244 "http://www.napierarchery.org.uk/" "Mozilla/4.0 (compatible; MSIE 7.0; Windows NT 5.1; Trident/4.0; .NET CLR 2.0.50727; .NET CLR 3.0.4506.2152; .NET CLR 3.5.30729; InfoPath.2)"
123.125.71.104 - - [01/Oct/2011:13:32:35 +0100] "GET / HTTP/1.1" 200 33422 "-" "Mozilla/5.0 (compatible; Baiduspider/2.0; +http://www.baidu.com/search/spider.html)"
125.89.75.100 - - [01/Oct/2011:13:33:08 +0100] "GET / HTTP/1.1" 200 33557 "-" "Mozilla/4.0 (compatible; MSIE 6.0; Windows NT 5.1; SV1; .NET CLR 2.0.50727; MAXTHON 2.0)"
125.89.75.100 - - [01/Oct/2011:13:33:11 +0100] "GET /wp-includes/js/l10n.js?ver=20101110 HTTP/1.1" 200 308 "-" "Mozilla/4.0 (compatible; MSIE 6.0; Windows NT 5.1; SV1; .NET CLR 2.0.50727; MAXTHON 2.0)"
125.89.75.100 - - [01/Oct/2011:13:33:12 +0100] "GET /wp-includes/js/jquery/jquery.js?ver=1.6.1 HTTP/1.1" 200 91363 "-" "Mozilla/4.0 (compatible; MSIE 6.0; Windows NT 5.1; SV1; .NET CLR 2.0.50727; MAXTHON 2.0)"
125.89.75.100 - - [01/Oct/2011:13:33:13 +0100] "GET /wp-content/themes/suffusion/scripts/suffusion.js?ver=3.8.3 HTTP/1.1" 200 16294 "-" "Mozilla/4.0 (compatible; MSIE 6.0; Windows NT 5.1; SV1; .NET CLR 2.0.50727; MAXTHON 2.0)"
125.89.75.100 - - [01/Oct/2011:13:33:14 +0100] "GET /wp-content/themes/suffusion/scripts/ie-fix.js?ver=3.8.3 HTTP/1.1" 200 9499 "-" "Mozilla/4.0 (compatible; MSIE 6.0; Windows NT 5.1; SV1; .NET CLR 2.0.50727; MAXTHON 2.0)"
1.25.35.163 - - [01/Oct/2011:13:36:58 +0100] "GET / HTTP/1.1" 200 33422 "http://www.google.com.hk/" "Mozilla/4.0 (compatible; MSIE 8.0; Windows NT 5.1; Trident/4.0)"
1.25.35.163 - - [01/Oct/2011:13:37:00 +0100] "GET /wp-content/themes/suffusion/style.css?ver=3.8.3 HTTP/1.1" 200 63146 "http://www.napierarchery.org.uk/" "Mozilla/4.0 (compatible; MSIE 8.0; Windows NT 5.1; Trident/4.0)"
1.25.35.163 - - [01/Oct/2011:13:37:01 +0100] "GET /wp-content/themes/suffusion/skins/light-theme-red/skin.css?ver=3.8.3 HTTP/1.1" 200 10167 "http://www.napierarchery.org.uk/" "Mozilla/4.0 (compatible; MSIE 8.0; Windows NT 5.1; Trident/4.0)"
1.25.35.163 - - [01/Oct/2011:13:37:02 +0100] "GET /wp-includes/js/l10n.js?ver=20101110 HTTP/1.1" 200 308 "http://www.napierarchery.org.uk/" "Mozilla/4.0 (compatible; MSIE 8.0; Windows NT 5.1; Trident/4.0)"
1.25.35.163 - - [01/Oct/2011:13:37:02 +0100] "GET /?ver=3.8.3&suffusion-css=css HTTP/1.1" 200 26308 "http://www.napierarchery.org.uk/" "Mozilla/4.0 (compatible; MSIE 8.0; Windows NT 5.1; Trident/4.0)"
1.25.35.163 - - [01/Oct/2011:13:37:03 +0100] "GET /wp-includes/js/jquery/jquery.js?ver=1.6.1 HTTP/1.1" 200 91363 "http://www.napierarchery.org.uk/" "Mozilla/4.0 (compatible; MSIE 8.0; Windows NT 5.1; Trident/4.0)"
1.25.35.163 - - [01/Oct/2011:13:37:08 +0100] "GET /wp-content/themes/suffusion/scripts/suffusion.js?ver=3.8.3 HTTP/1.1" 200 16294 "http://www.napierarchery.org.uk/" "Mozilla/4.0 (compatible; MSIE 8.0; Windows NT 5.1; Trident/4.0)"
1.25.35.163 - - [01/Oct/2011:13:37:09 +0100] "GET /wp-content/uploads/2011/08/napierarchery_logo.png HTTP/1.1" 200 21713 "http://www.napierarchery.org.uk/" "Mozilla/4.0 (compatible; MSIE 8.0; Windows NT 5.1; Trident/4.0)"
1.25.35.163 - - [01/Oct/2011:13:37:10 +0100] "GET /wp-content/themes/suffusion/images/calred.png HTTP/1.1" 200 2155 "http://www.napierarchery.org.uk/" "Mozilla/4.0 (compatible; MSIE 8.0; Windows NT 5.1; Trident/4.0)"
1.25.35.163 - - [01/Oct/2011:13:37:10 +0100] "GET /wp-content/themes/suffusion/images/iconset-0.png HTTP/1.1" 200 12891 "http://www.napierarchery.org.uk/" "Mozilla/4.0 (compatible; MSIE 8.0; Windows NT 5.1; Trident/4.0)"
1.25.35.163 - - [01/Oct/2011:13:37:11 +0100] "GET /wp-content/themes/suffusion/images/search-button-red.png HTTP/1.1" 200 762 "http://www.napierarchery.org.uk/" "Mozilla/4.0 (compatible; MSIE 8.0; Windows NT 5.1; Trident/4.0)"
1.25.35.163 - - [01/Oct/2011:13:37:11 +0100] "GET /wp-content/themes/suffusion/images/icons/bulletred.png HTTP/1.1" 200 370 "http://www.napierarchery.org.uk/" "Mozilla/4.0 (compatible; MSIE 8.0; Windows NT 5.1; Trident/4.0)"
1.25.35.163 - - [01/Oct/2011:13:37:11 +0100] "GET /wp-content/themes/suffusion/images/bg-red.png HTTP/1.1" 200 338 "http://www.napierarchery.org.uk/" "Mozilla/4.0 (compatible; MSIE 8.0; Windows NT 5.1; Trident/4.0)"
1.25.35.163 - - [01/Oct/2011:13:37:11 +0100] "GET /wp-content/themes/suffusion/images/arrows.gif HTTP/1.1" 200 1244 "http://www.napierarchery.org.uk/" "Mozilla/4.0 (compatible; MSIE 8.0; Windows NT 5.1; Trident/4.0)"
1.25.35.163 - - [01/Oct/2011:13:37:12 +0100] "GET /resources/NUACfav.png HTTP/1.1" 200 10132 "-" "Mozilla/4.0 (compatible; MSIE 8.0; Windows NT 5.1; Trident/4.0)"
66.249.71.250 - - [01/Oct/2011:13:38:48 +0100] "GET /category/uncategorized HTTP/1.1" 200 31694 "-" "Mozilla/5.0 (compatible; Googlebot/2.1; +http://www.google.com/bot.html)"
146.176.182.52 - - [01/Oct/2011:13:41:27 +0100] "GET /wp-content/themes/suffusion/style.css?ver=3.8.3 HTTP/1.1" 304 - "-" "Mozilla/4.0 (compatible; MSIE 7.0; Windows NT 5.1; Trident/4.0; .NET CLR 2.0.50727; .NET CLR 3.0.4506.2152; .NET CLR 3.5.30729; InfoPath.2; MSOffice 12)"
146.176.182.52 - - [01/Oct/2011:13:41:27 +0100] "GET /wp-content/themes/suffusion/skins/light-theme-red/skin.css?ver=3.8.3 HTTP/1.1" 304 - "-" "Mozilla/4.0 (compatible; MSIE 7.0; Windows NT 5.1; Trident/4.0; .NET CLR 2.0.50727; .NET CLR 3.0.4506.2152; .NET CLR 3.5.30729; InfoPath.2; MSOffice 12)"
146.176.182.52 - - [01/Oct/2011:13:41:27 +0100] "GET /wp-content/themes/suffusion/ie-fix.css?ver=3.8.3 HTTP/1.1" 304 - "-" "Mozilla/4.0 (compatible; MSIE 7.0; Windows NT 5.1; Trident/4.0; .NET CLR 2.0.50727; .NET CLR 3.0.4506.2152; .NET CLR 3.5.30729; InfoPath.2; MSOffice 12)"
146.176.182.52 - - [01/Oct/2011:13:41:27 +0100] "GET /?ver=3.8.3&suffusion-css=css HTTP/1.1" 200 26308 "-" "Mozilla/4.0 (compatible; MSIE 7.0; Windows NT 5.1; Trident/4.0; .NET CLR 2.0.50727; .NET CLR 3.0.4506.2152; .NET CLR 3.5.30729; InfoPath.2; MSOffice 12)"
77.88.27.27 - - [01/Oct/2011:13:47:35 +0100] "GET /_results/2005_06_18_BUSA_OC.xls HTTP/1.1" 200 546816 "-" "Mozilla/5.0 (compatible; YandexBot/3.0; +http://yandex.com/bots)"
98.158.20.229 - - [01/Oct/2011:13:49:44 +0100] "GET /feed HTTP/1.1" 304 - "-" "Mozilla/5.0 (Macintosh; U; PPC Mac OS X; en) AppleWebKit/401 (KHTML, like Gecko) Safari/401"
66.249.71.250 - - [01/Oct/2011:13:52:03 +0100] "GET /?p=135 HTTP/1.1" 301 - "-" "Mozilla/5.0 (compatible; Googlebot/2.1; +http://www.google.com/bot.html)"
66.249.71.250 - - [01/Oct/2011:13:52:05 +0100] "GET /135/first-session HTTP/1.1" 200 17316 "-" "Mozilla/5.0 (compatible; Googlebot/2.1; +http://www.google.com/bot.html)"
66.249.71.250 - - [01/Oct/2011:14:00:15 +0100] "GET /?cat=1 HTTP/1.1" 301 - "-" "Mozilla/5.0 (compatible; Googlebot/2.1; +http://www.google.com/bot.html)"
77.88.27.27 - - [01/Oct/2011:14:24:14 +0100] "GET /_results/2006_06_17_BUSA_OC_trad.pdf HTTP/1.1" 304 - "-" "Mozilla/5.0 (compatible; YandexBot/3.0; +http://yandex.com/bots)"
75.126.46.234 - - [01/Oct/2011:14:44:46 +0100] "GET /268/week-4-and-on HTTP/1.1" 200 17974 "-" "Mozilla/5.0 (Windows; U; Windows NT 6.1; en-US; rv:1.9.2.3) Gecko/20100401 Firefox/3.6.3"
75.126.46.234 - - [01/Oct/2011:14:44:46 +0100] "GET /268/week-4-and-on HTTP/1.1" 200 17974 "-" "Mozilla/5.0 (Windows; U; Windows NT 6.1; en-US; rv:1.9.2.3) Gecko/20100401 Firefox/3.6.3"
31.205.26.42 - - [01/Oct/2011:14:54:03 +0100] "GET / HTTP/1.1" 200 33422 "-" "Mozilla/5.0 (Windows NT 6.1; WOW64) AppleWebKit/535.1 (KHTML, like Gecko) Chrome/14.0.835.186 Safari/535.1"
31.205.26.42 - - [01/Oct/2011:14:54:03 +0100] "GET /wp-content/themes/suffusion/skins/light-theme-red/skin.css?ver=3.8.3 HTTP/1.1" 200 10167 "http://www.napierarchery.org.uk/" "Mozilla/5.0 (Windows NT 6.1; WOW64) AppleWebKit/535.1 (KHTML, like Gecko) Chrome/14.0.835.186 Safari/535.1"
31.205.26.42 - - [01/Oct/2011:14:54:03 +0100] "GET /wp-content/themes/suffusion/rounded-corners.css?ver=3.8.3 HTTP/1.1" 200 6025 "http://www.napierarchery.org.uk/" "Mozilla/5.0 (Windows NT 6.1; WOW64) AppleWebKit/535.1 (KHTML, like Gecko) Chrome/14.0.835.186 Safari/535.1"
31.205.26.42 - - [01/Oct/2011:14:54:03 +0100] "GET /wp-includes/js/l10n.js?ver=20101110 HTTP/1.1" 200 308 "http://www.napierarchery.org.uk/" "Mozilla/5.0 (Windows NT 6.1; WOW64) AppleWebKit/535.1 (KHTML, like Gecko) Chrome/14.0.835.186 Safari/535.1"
31.205.26.42 - - [01/Oct/2011:14:54:03 +0100] "GET /wp-content/themes/suffusion/scripts/suffusion.js?ver=3.8.3 HTTP/1.1" 200 16294 "http://www.napierarchery.org.uk/" "Mozilla/5.0 (Windows NT 6.1; WOW64) AppleWebKit/535.1 (KHTML, like Gecko) Chrome/14.0.835.186 Safari/535.1"
31.205.26.42 - - [01/Oct/2011:14:54:03 +0100] "GET /wp-includes/js/jquery/jquery.js?ver=1.6.1 HTTP/1.1" 200 91363 "http://www.napierarchery.org.uk/" "Mozilla/5.0 (Windows NT 6.1; WOW64) AppleWebKit/535.1 (KHTML, like Gecko) Chrome/14.0.835.186 Safari/535.1"
31.205.26.42 - - [01/Oct/2011:14:54:03 +0100] "GET /wp-content/themes/suffusion/style.css?ver=3.8.3 HTTP/1.1" 200 63146 "http://www.napierarchery.org.uk/" "Mozilla/5.0 (Windows NT 6.1; WOW64) AppleWebKit/535.1 (KHTML, like Gecko) Chrome/14.0.835.186 Safari/535.1"
31.205.26.42 - - [01/Oct/2011:14:54:03 +0100] "GET /?ver=3.8.3&suffusion-css=css HTTP/1.1" 200 26308 "http://www.napierarchery.org.uk/" "Mozilla/5.0 (Windows NT 6.1; WOW64) AppleWebKit/535.1 (KHTML, like Gecko) Chrome/14.0.835.186 Safari/535.1"
31.205.26.42 - - [01/Oct/2011:14:54:03 +0100] "GET /wp-content/themes/suffusion/images/search-button-red.png HTTP/1.1" 200 762 "http://www.napierarchery.org.uk/" "Mozilla/5.0 (Windows NT 6.1; WOW64) AppleWebKit/535.1 (KHTML, like Gecko) Chrome/14.0.835.186 Safari/535.1"
31.205.26.42 - - [01/Oct/2011:14:54:03 +0100] "GET /wp-content/themes/suffusion/images/iconset-0.png HTTP/1.1" 200 12891 "http://www.napierarchery.org.uk/" "Mozilla/5.0 (Windows NT 6.1; WOW64) AppleWebKit/535.1 (KHTML, like Gecko) Chrome/14.0.835.186 Safari/535.1"
31.205.26.42 - - [01/Oct/2011:14:54:03 +0100] "GET /wp-content/themes/suffusion/images/calred.png HTTP/1.1" 200 2155 "http://www.napierarchery.org.uk/" "Mozilla/5.0 (Windows NT 6.1; WOW64) AppleWebKit/535.1 (KHTML, like Gecko) Chrome/14.0.835.186 Safari/535.1"
31.205.26.42 - - [01/Oct/2011:14:54:03 +0100] "GET /wp-content/uploads/2011/08/napierarchery_logo.png HTTP/1.1" 200 21713 "http://www.napierarchery.org.uk/" "Mozilla/5.0 (Windows NT 6.1; WOW64) AppleWebKit/535.1 (KHTML, like Gecko) Chrome/14.0.835.186 Safari/535.1"
31.205.26.42 - - [01/Oct/2011:14:54:03 +0100] "GET /wp-content/themes/suffusion/images/icons/bulletred.png HTTP/1.1" 200 370 "http://www.napierarchery.org.uk/" "Mozilla/5.0 (Windows NT 6.1; WOW64) AppleWebKit/535.1 (KHTML, like Gecko) Chrome/14.0.835.186 Safari/535.1"
31.205.26.42 - - [01/Oct/2011:14:54:03 +0100] "GET /wp-content/themes/suffusion/images/bg-red.png HTTP/1.1" 200 338 "http://www.napierarchery.org.uk/" "Mozilla/5.0 (Windows NT 6.1; WOW64) AppleWebKit/535.1 (KHTML, like Gecko) Chrome/14.0.835.186 Safari/535.1"
31.205.26.42 - - [01/Oct/2011:14:54:03 +0100] "GET /wp-content/themes/suffusion/images/arrows.gif HTTP/1.1" 200 1244 "http://www.napierarchery.org.uk/" "Mozilla/5.0 (Windows NT 6.1; WOW64) AppleWebKit/535.1 (KHTML, like Gecko) Chrome/14.0.835.186 Safari/535.1"
31.205.26.42 - - [01/Oct/2011:14:54:03 +0100] "GET /resources/NUACfav.png HTTP/1.1" 200 10132 "-" "Mozilla/5.0 (Windows NT 6.1; WOW64) AppleWebKit/535.1 (KHTML, like Gecko) Chrome/14.0.835.186 Safari/535.1"
31.205.26.42 - - [01/Oct/2011:14:54:07 +0100] "GET /calendars HTTP/1.1" 200 16878 "http://www.napierarchery.org.uk/" "Mozilla/5.0 (Windows NT 6.1; WOW64) AppleWebKit/535.1 (KHTML, like Gecko) Chrome/14.0.835.186 Safari/535.1"
31.205.26.42 - - [01/Oct/2011:14:54:07 +0100] "GET /wp-includes/js/comment-reply.js?ver=20090102 HTTP/1.1" 200 786 "http://www.napierarchery.org.uk/calendars" "Mozilla/5.0 (Windows NT 6.1; WOW64) AppleWebKit/535.1 (KHTML, like Gecko) Chrome/14.0.835.186 Safari/535.1"
31.205.26.42 - - [01/Oct/2011:14:54:07 +0100] "GET /?ver=3.8.3&suffusion-css=css HTTP/1.1" 200 26308 "http://www.napierarchery.org.uk/calendars" "Mozilla/5.0 (Windows NT 6.1; WOW64) AppleWebKit/535.1 (KHTML, like Gecko) Chrome/14.0.835.186 Safari/535.1"
67.195.37.186 - - [01/Oct/2011:14:56:06 +0100] "GET /271/training-session-tomorrow-wednesday-seniors-only HTTP/1.0" 200 16663 "-" "Mozilla/5.0 (compatible; Yahoo! Slurp; http://help.yahoo.com/help/us/ysearch/slurp)"
67.195.37.186 - - [01/Oct/2011:14:56:07 +0100] "GET /wp-content/themes/suffusion/style.css?ver=3.8.3 HTTP/1.0" 304 - "http://www.napierarchery.org.uk/271/training-session-tomorrow-wednesday-seniors-only" "Mozilla/5.0 (compatible; Yahoo! Slurp; http://help.yahoo.com/help/us/ysearch/slurp)"
67.195.37.186 - - [01/Oct/2011:14:56:08 +0100] "GET /wp-content/themes/suffusion/skins/light-theme-red/skin.css?ver=3.8.3 HTTP/1.0" 304 - "http://www.napierarchery.org.uk/271/training-session-tomorrow-wednesday-seniors-only" "Mozilla/5.0 (compatible; Yahoo! Slurp; http://help.yahoo.com/help/us/ysearch/slurp)"
67.195.37.186 - - [01/Oct/2011:14:56:09 +0100] "GET /wp-content/themes/suffusion/rounded-corners.css?ver=3.8.3 HTTP/1.0" 304 - "http://www.napierarchery.org.uk/271/training-session-tomorrow-wednesday-seniors-only" "Mozilla/5.0 (compatible; Yahoo! Slurp; http://help.yahoo.com/help/us/ysearch/slurp)"
67.195.37.186 - - [01/Oct/2011:14:56:09 +0100] "GET /?ver=3.8.3&suffusion-css=css HTTP/1.0" 200 26308 "http://www.napierarchery.org.uk/271/training-session-tomorrow-wednesday-seniors-only" "Mozilla/5.0 (compatible; Yahoo! Slurp; http://help.yahoo.com/help/us/ysearch/slurp)"
77.88.27.27 - - [01/Oct/2011:15:00:27 +0100] "GET /results/2008_06_21_BUSA_OC.pdf HTTP/1.1" 404 14816 "-" "Mozilla/5.0 (compatible; YandexBot/3.0; +http://yandex.com/bots)"
82.136.27.2 - - [01/Oct/2011:15:22:14 +0100] "POST /wp-cron.php?doing_wp_cron HTTP/1.0" 200 - "-" "WordPress/3.2.1; http://www.napierarchery.org.uk"
72.14.199.218 - - [01/Oct/2011:15:34:43 +0100] "GET /feed HTTP/1.1" 304 - "-" "Feedfetcher-Google; (+http://www.google.com/feedfetcher.html; 1 subscribers; feed-id=16713175292228938239)"
77.88.27.27 - - [01/Oct/2011:15:38:55 +0100] "GET /results/2005_02_26_BUSA_IC.xls HTTP/1.1" 404 14816 "-" "Mozilla/5.0 (compatible; YandexBot/3.0; +http://yandex.com/bots)"
65.52.109.194 - - [01/Oct/2011:15:47:24 +0100] "GET /robots.txt HTTP/1.1" 200 24 "-" "Mozilla/5.0 (compatible; bingbot/2.0; +http://www.bing.com/bingbot.htm)"
65.52.109.194 - - [01/Oct/2011:15:48:24 +0100] "GET / HTTP/1.1" 200 33422 "-" "Mozilla/5.0 (compatible; bingbot/2.0; +http://www.bing.com/bingbot.htm)"
211.99.227.130 - - [01/Oct/2011:15:56:43 +0100] "GET / HTTP/1.1" 200 33557 "-" "Mozilla/4.0 (compatible; MSIE 6.0; Windows NT 5.0; SV1; .NET CLR 1.1.4322; InfoPath.2; .NET CLR 2.0.50727; .NET CLR 3.0.04506.648; .NET CLR 3.5.21022)"
211.99.227.130 - - [01/Oct/2011:15:56:52 +0100] "GET /wp-content/themes/suffusion/style.css?ver=3.8.3 HTTP/1.1" 200 63146 "-" "Mozilla/4.0 (compatible; MSIE 6.0; Windows NT 5.0; SV1; .NET CLR 1.1.4322; InfoPath.2; .NET CLR 2.0.50727; .NET CLR 3.0.04506.648; .NET CLR 3.5.21022)"
211.99.227.130 - - [01/Oct/2011:15:56:55 +0100] "GET /wp-content/themes/suffusion/skins/light-theme-red/skin.css?ver=3.8.3 HTTP/1.1" 200 10167 "-" "Mozilla/4.0 (compatible; MSIE 6.0; Windows NT 5.0; SV1; .NET CLR 1.1.4322; InfoPath.2; .NET CLR 2.0.50727; .NET CLR 3.0.04506.648; .NET CLR 3.5.21022)"
211.99.227.130 - - [01/Oct/2011:15:56:55 +0100] "GET /wp-content/themes/suffusion/rounded-corners.css?ver=3.8.3 HTTP/1.1" 200 6025 "-" "Mozilla/4.0 (compatible; MSIE 6.0; Windows NT 5.0; SV1; .NET CLR 1.1.4322; InfoPath.2; .NET CLR 2.0.50727; .NET CLR 3.0.04506.648; .NET CLR 3.5.21022)"
211.99.227.130 - - [01/Oct/2011:15:56:56 +0100] "GET /?ver=3.8.3&suffusion-css=css HTTP/1.1" 200 26308 "-" "Mozilla/4.0 (compatible; MSIE 6.0; Windows NT 5.0; SV1; .NET CLR 1.1.4322; InfoPath.2; .NET CLR 2.0.50727; .NET CLR 3.0.04506.648; .NET CLR 3.5.21022)"
211.99.227.130 - - [01/Oct/2011:15:56:58 +0100] "GET /wp-includes/js/l10n.js?ver=20101110 HTTP/1.1" 200 308 "-" "Mozilla/4.0 (compatible; MSIE 6.0; Windows NT 5.0; SV1; .NET CLR 1.1.4322; InfoPath.2; .NET CLR 2.0.50727; .NET CLR 3.0.04506.648; .NET CLR 3.5.21022)"
211.99.227.130 - - [01/Oct/2011:15:56:58 +0100] "GET /wp-includes/js/jquery/jquery.js?ver=1.6.1 HTTP/1.1" 200 91363 "-" "Mozilla/4.0 (compatible; MSIE 6.0; Windows NT 5.0; SV1; .NET CLR 1.1.4322; InfoPath.2; .NET CLR 2.0.50727; .NET CLR 3.0.04506.648; .NET CLR 3.5.21022)"
211.99.227.130 - - [01/Oct/2011:15:57:04 +0100] "GET /wp-content/themes/suffusion/scripts/suffusion.js?ver=3.8.3 HTTP/1.1" 200 16294 "-" "Mozilla/4.0 (compatible; MSIE 6.0; Windows NT 5.0; SV1; .NET CLR 1.1.4322; InfoPath.2; .NET CLR 2.0.50727; .NET CLR 3.0.04506.648; .NET CLR 3.5.21022)"
211.99.227.130 - - [01/Oct/2011:15:57:06 +0100] "GET /wp-content/themes/suffusion/scripts/ie-fix.js?ver=3.8.3 HTTP/1.1" 200 9499 "-" "Mozilla/4.0 (compatible; MSIE 6.0; Windows NT 5.0; SV1; .NET CLR 1.1.4322; InfoPath.2; .NET CLR 2.0.50727; .NET CLR 3.0.04506.648; .NET CLR 3.5.21022)"
180.76.5.173 - - [01/Oct/2011:16:17:57 +0100] "GET /robots.txt HTTP/1.1" 200 24 "-" "Baiduspider+(+http://www.baidu.com/search/spider.htm)"
66.249.71.250 - - [01/Oct/2011:16:20:24 +0100] "GET /robots.txt HTTP/1.1" 200 24 "-" "Mozilla/5.0 (compatible; Googlebot/2.1; +http://www.google.com/bot.html)"
66.249.71.250 - - [01/Oct/2011:16:20:24 +0100] "GET /sitemap.xml.gz HTTP/1.1" 404 14816 "-" "Mozilla/5.0 (compatible; Googlebot/2.1; +http://www.google.com/bot.html)"
66.249.71.216 - - [01/Oct/2011:16:25:40 +0100] "GET /robots.txt HTTP/1.1" 200 24 "-" "Mozilla/5.0 (compatible; Googlebot/2.1; +http://www.google.com/bot.html)"
66.249.71.216 - - [01/Oct/2011:16:25:40 +0100] "GET /sitemap.xml HTTP/1.1" 301 - "-" "Mozilla/5.0 (compatible; Googlebot/2.1; +http://www.google.com/bot.html)"
66.249.71.250 - - [01/Oct/2011:16:25:41 +0100] "GET /sitemap.xml HTTP/1.1" 404 14816 "-" "Mozilla/5.0 (compatible; Googlebot/2.1; +http://www.google.com/bot.html)"
180.76.5.92 - - [01/Oct/2011:16:28:30 +0100] "GET /joinus.php HTTP/1.1" 404 14535 "-" "Mozilla/5.0 (compatible; Baiduspider/2.0; +http://www.baidu.com/search/spider.html)"
67.195.37.186 - - [01/Oct/2011:16:32:00 +0100] "GET /_results/2010_02_06_SUS_NC.xls HTTP/1.0" 200 88064 "-" "Mozilla/5.0 (compatible; Yahoo! Slurp; http://help.yahoo.com/help/us/ysearch/slurp)"
77.88.27.27 - - [01/Oct/2011:16:32:56 +0100] "GET /results/2009_03_07_BUCS_IC.pdf HTTP/1.1" 404 14816 "-" "Mozilla/5.0 (compatible; YandexBot/3.0; +http://yandex.com/bots)"
94.175.91.75 - - [01/Oct/2011:16:34:14 +0100] "GET /feed HTTP/1.1" 304 - "-" "Mozilla/5.0 (Windows NT 6.1; WOW64; rv:7.0) Gecko/20110922 Thunderbird/7.0"
77.88.27.27 - - [01/Oct/2011:17:03:06 +0100] "GET /_results/2007_03_17_BUSA_IC_busa.pdf HTTP/1.1" 304 - "-" "Mozilla/5.0 (compatible; YandexBot/3.0; +http://yandex.com/bots)"
67.195.37.186 - - [01/Oct/2011:17:14:32 +0100] "GET /results/2009_10_30_Friendly.xls HTTP/1.0" 404 14816 "-" "Mozilla/5.0 (compatible; Yahoo! Slurp; http://help.yahoo.com/help/us/ysearch/slurp)"
67.195.37.186 - - [01/Oct/2011:17:14:33 +0100] "GET /wp-content/themes/suffusion/style.css?ver=3.8.3 HTTP/1.0" 304 - "http://www.napierarchery.org.uk/results/2009_10_30_Friendly.xls" "Mozilla/5.0 (compatible; Yahoo! Slurp; http://help.yahoo.com/help/us/ysearch/slurp)"
67.195.37.186 - - [01/Oct/2011:17:14:34 +0100] "GET /wp-content/themes/suffusion/skins/light-theme-red/skin.css?ver=3.8.3 HTTP/1.0" 304 - "http://www.napierarchery.org.uk/results/2009_10_30_Friendly.xls" "Mozilla/5.0 (compatible; Yahoo! Slurp; http://help.yahoo.com/help/us/ysearch/slurp)"
67.195.37.186 - - [01/Oct/2011:17:14:34 +0100] "GET /wp-content/themes/suffusion/rounded-corners.css?ver=3.8.3 HTTP/1.0" 304 - "http://www.napierarchery.org.uk/results/2009_10_30_Friendly.xls" "Mozilla/5.0 (compatible; Yahoo! Slurp; http://help.yahoo.com/help/us/ysearch/slurp)"
67.195.37.186 - - [01/Oct/2011:17:14:34 +0100] "GET /?ver=3.8.3&suffusion-css=css HTTP/1.0" 200 26308 "http://www.napierarchery.org.uk/results/2009_10_30_Friendly.xls" "Mozilla/5.0 (compatible; Yahoo! Slurp; http://help.yahoo.com/help/us/ysearch/slurp)"
67.195.37.186 - - [01/Oct/2011:17:20:18 +0100] "GET /results/2009_05_02_SUS_OC.xls HTTP/1.0" 404 14816 "-" "Mozilla/5.0 (compatible; Yahoo! Slurp; http://help.yahoo.com/help/us/ysearch/slurp)"
67.195.37.186 - - [01/Oct/2011:17:21:54 +0100] "GET /movies.php HTTP/1.0" 404 14816 "-" "Mozilla/5.0 (compatible; Yahoo! Slurp; http://help.yahoo.com/help/us/ysearch/slurp)"
70.166.22.210 - - [01/Oct/2011:17:44:36 +0100] "GET / HTTP/1.1" 200 33422 "http://www.ubound.info/Top/Reference/Education/Colleges_and_Universities/Europe/United_Kingdom/Scotland/Edinburgh_Napier_University" "Mozilla/5.0 (compatible; MSIE 9.0; Windows NT 6.1; Trident/5.0)"
77.88.27.27 - - [01/Oct/2011:17:51:56 +0100] "GET /_results/2006_03_04_BUSA_IC.pdf HTTP/1.1" 304 - "-" "Mozilla/5.0 (compatible; YandexBot/3.0; +http://yandex.com/bots)"
124.115.6.13 - - [01/Oct/2011:18:09:05 +0100] "GET /robots.txt HTTP/1.1" 200 24 "-" "Sosospider+(+http://help.soso.com/webspider.htm)"
77.88.27.27 - - [01/Oct/2011:18:25:39 +0100] "GET /results/2006_05_06_SUS_OC.xls HTTP/1.1" 404 14816 "-" "Mozilla/5.0 (compatible; YandexBot/3.0; +http://yandex.com/bots)"
77.88.27.27 - - [01/Oct/2011:18:25:41 +0100] "GET /sponsors.php HTTP/1.1" 404 14816 "-" "Mozilla/5.0 (compatible; YandexBot/3.0; +http://yandex.com/bots)"
77.88.27.27 - - [01/Oct/2011:18:30:41 +0100] "GET /results/2010_03_13_BUCS_IC.xls HTTP/1.1" 404 14816 "-" "Mozilla/5.0 (compatible; YandexBot/3.0; +http://yandex.com/bots)"
77.88.27.27 - - [01/Oct/2011:18:30:44 +0100] "GET /competitions.php HTTP/1.1" 404 14816 "-" "Mozilla/5.0 (compatible; YandexBot/3.0; +http://yandex.com/bots)"
72.14.199.218 - - [01/Oct/2011:18:33:50 +0100] "GET /feed HTTP/1.1" 304 - "-" "Feedfetcher-Google; (+http://www.google.com/feedfetcher.html; 1 subscribers; feed-id=16713175292228938239)"
77.88.27.27 - - [01/Oct/2011:18:37:22 +0100] "GET /_results/2007_06_16_BUSA_OC.pdf HTTP/1.1" 304 - "-" "Mozilla/5.0 (compatible; YandexBot/3.0; +http://yandex.com/bots)"
92.238.136.196 - - [01/Oct/2011:18:38:02 +0100] "GET / HTTP/1.1" 200 33422 "-" "Mozilla/5.0 (Windows NT 6.1; WOW64; rv:7.0.1) Gecko/20100101 Firefox/7.0.1"
92.238.136.196 - - [01/Oct/2011:18:38:03 +0100] "GET /wp-content/themes/suffusion/rounded-corners.css?ver=3.8.3 HTTP/1.1" 200 6025 "http://www.napierarchery.org.uk/" "Mozilla/5.0 (Windows NT 6.1; WOW64; rv:7.0.1) Gecko/20100101 Firefox/7.0.1"
92.238.136.196 - - [01/Oct/2011:18:38:03 +0100] "GET /wp-content/themes/suffusion/skins/light-theme-red/skin.css?ver=3.8.3 HTTP/1.1" 200 10167 "http://www.napierarchery.org.uk/" "Mozilla/5.0 (Windows NT 6.1; WOW64; rv:7.0.1) Gecko/20100101 Firefox/7.0.1"
92.238.136.196 - - [01/Oct/2011:18:38:03 +0100] "GET /wp-includes/js/l10n.js?ver=20101110 HTTP/1.1" 200 308 "http://www.napierarchery.org.uk/" "Mozilla/5.0 (Windows NT 6.1; WOW64; rv:7.0.1) Gecko/20100101 Firefox/7.0.1"
92.238.136.196 - - [01/Oct/2011:18:38:03 +0100] "GET /wp-includes/js/jquery/jquery.js?ver=1.6.1 HTTP/1.1" 200 91363 "http://www.napierarchery.org.uk/" "Mozilla/5.0 (Windows NT 6.1; WOW64; rv:7.0.1) Gecko/20100101 Firefox/7.0.1"
92.238.136.196 - - [01/Oct/2011:18:38:03 +0100] "GET /wp-content/themes/suffusion/scripts/suffusion.js?ver=3.8.3 HTTP/1.1" 200 16294 "http://www.napierarchery.org.uk/" "Mozilla/5.0 (Windows NT 6.1; WOW64; rv:7.0.1) Gecko/20100101 Firefox/7.0.1"
92.238.136.196 - - [01/Oct/2011:18:38:03 +0100] "GET /resources/NUACfav.png HTTP/1.1" 200 10132 "-" "Mozilla/5.0 (Windows NT 6.1; WOW64; rv:7.0.1) Gecko/20100101 Firefox/7.0.1"
92.238.136.196 - - [01/Oct/2011:18:38:03 +0100] "GET /wp-content/uploads/2011/08/napierarchery_logo.png HTTP/1.1" 200 21713 "http://www.napierarchery.org.uk/" "Mozilla/5.0 (Windows NT 6.1; WOW64; rv:7.0.1) Gecko/20100101 Firefox/7.0.1"
92.238.136.196 - - [01/Oct/2011:18:38:03 +0100] "GET /wp-content/themes/suffusion/style.css?ver=3.8.3 HTTP/1.1" 200 63146 "http://www.napierarchery.org.uk/" "Mozilla/5.0 (Windows NT 6.1; WOW64; rv:7.0.1) Gecko/20100101 Firefox/7.0.1"
92.238.136.196 - - [01/Oct/2011:18:38:03 +0100] "GET /?ver=3.8.3&suffusion-css=css HTTP/1.1" 200 26308 "http://www.napierarchery.org.uk/" "Mozilla/5.0 (Windows NT 6.1; WOW64; rv:7.0.1) Gecko/20100101 Firefox/7.0.1"
92.238.136.196 - - [01/Oct/2011:18:38:03 +0100] "GET /wp-content/themes/suffusion/images/search-button-red.png HTTP/1.1" 200 762 "http://www.napierarchery.org.uk/wp-content/themes/suffusion/skins/light-theme-red/skin.css?ver=3.8.3" "Mozilla/5.0 (Windows NT 6.1; WOW64; rv:7.0.1) Gecko/20100101 Firefox/7.0.1"
92.238.136.196 - - [01/Oct/2011:18:38:03 +0100] "GET /wp-content/themes/suffusion/images/iconset-0.png HTTP/1.1" 200 12891 "http://www.napierarchery.org.uk/wp-content/themes/suffusion/style.css?ver=3.8.3" "Mozilla/5.0 (Windows NT 6.1; WOW64; rv:7.0.1) Gecko/20100101 Firefox/7.0.1"
92.238.136.196 - - [01/Oct/2011:18:38:03 +0100] "GET /wp-content/themes/suffusion/images/calred.png HTTP/1.1" 200 2155 "http://www.napierarchery.org.uk/wp-content/themes/suffusion/skins/light-theme-red/skin.css?ver=3.8.3" "Mozilla/5.0 (Windows NT 6.1; WOW64; rv:7.0.1) Gecko/20100101 Firefox/7.0.1"
92.238.136.196 - - [01/Oct/2011:18:38:03 +0100] "GET /wp-content/themes/suffusion/images/icons/bulletred.png HTTP/1.1" 200 370 "http://www.napierarchery.org.uk/wp-content/themes/suffusion/skins/light-theme-red/skin.css?ver=3.8.3" "Mozilla/5.0 (Windows NT 6.1; WOW64; rv:7.0.1) Gecko/20100101 Firefox/7.0.1"
92.238.136.196 - - [01/Oct/2011:18:38:03 +0100] "GET /wp-content/themes/suffusion/images/arrows.gif HTTP/1.1" 200 1244 "http://www.napierarchery.org.uk/wp-content/themes/suffusion/style.css?ver=3.8.3" "Mozilla/5.0 (Windows NT 6.1; WOW64; rv:7.0.1) Gecko/20100101 Firefox/7.0.1"
92.238.136.196 - - [01/Oct/2011:18:38:03 +0100] "GET /wp-content/themes/suffusion/images/bg-red.png HTTP/1.1" 200 338 "http://www.napierarchery.org.uk/wp-content/themes/suffusion/skins/light-theme-red/skin.css?ver=3.8.3" "Mozilla/5.0 (Windows NT 6.1; WOW64; rv:7.0.1) Gecko/20100101 Firefox/7.0.1"
109.246.54.46 - - [01/Oct/2011:19:03:11 +0100] "GET /favicon.ico HTTP/1.1" 200 - "-" "Mozilla/4.0 (compatible; MSIE 7.0; Windows NT 5.1; Trident/4.0; .NET CLR 2.0.50727; 360space)"
77.88.27.27 - - [01/Oct/2011:19:03:58 +0100] "GET /_results/2006_06_17_BUSA_OC_busa.pdf HTTP/1.1" 304 - "-" "Mozilla/5.0 (compatible; YandexBot/3.0; +http://yandex.com/bots)"
109.246.54.46 - - [01/Oct/2011:19:23:36 +0100] "GET / HTTP/1.1" 200 33557 "-" "Mozilla/4.0 (compatible; MSIE 6.0; Windows NT 5.1; SV1)"
109.246.54.46 - - [01/Oct/2011:19:23:38 +0100] "GET /wp-content/themes/suffusion/style.css?ver=3.8.3 HTTP/1.1" 200 63146 "http://www.napierarchery.org.uk/" "Mozilla/4.0 (compatible; MSIE 6.0; Windows NT 5.1; SV1)"
109.246.54.46 - - [01/Oct/2011:19:23:38 +0100] "GET /wp-content/themes/suffusion/skins/light-theme-red/skin.css?ver=3.8.3 HTTP/1.1" 200 10167 "http://www.napierarchery.org.uk/" "Mozilla/4.0 (compatible; MSIE 6.0; Windows NT 5.1; SV1)"
109.246.54.46 - - [01/Oct/2011:19:23:38 +0100] "GET /wp-includes/js/l10n.js?ver=20101110 HTTP/1.1" 200 308 "http://www.napierarchery.org.uk/" "Mozilla/4.0 (compatible; MSIE 6.0; Windows NT 5.1; SV1)"
109.246.54.46 - - [01/Oct/2011:19:23:38 +0100] "GET /wp-content/themes/suffusion/ie-fix.css?ver=3.8.3 HTTP/1.1" 200 4144 "http://www.napierarchery.org.uk/" "Mozilla/4.0 (compatible; MSIE 6.0; Windows NT 5.1; SV1)"
109.246.54.46 - - [01/Oct/2011:19:23:38 +0100] "GET /?ver=3.8.3&suffusion-css=css HTTP/1.1" 200 26308 "http://www.napierarchery.org.uk/" "Mozilla/4.0 (compatible; MSIE 6.0; Windows NT 5.1; SV1)"
109.246.54.46 - - [01/Oct/2011:19:23:41 +0100] "GET /wp-includes/js/jquery/jquery.js?ver=1.6.1 HTTP/1.1" 200 91363 "http://www.napierarchery.org.uk/" "Mozilla/4.0 (compatible; MSIE 6.0; Windows NT 5.1; SV1)"
109.246.54.46 - - [01/Oct/2011:19:23:44 +0100] "GET /wp-content/themes/suffusion/scripts/suffusion.js?ver=3.8.3 HTTP/1.1" 200 16294 "http://www.napierarchery.org.uk/" "Mozilla/4.0 (compatible; MSIE 6.0; Windows NT 5.1; SV1)"
109.246.54.46 - - [01/Oct/2011:19:23:45 +0100] "GET /wp-content/themes/suffusion/scripts/ie-fix.js?ver=3.8.3 HTTP/1.1" 200 9499 "http://www.napierarchery.org.uk/" "Mozilla/4.0 (compatible; MSIE 6.0; Windows NT 5.1; SV1)"
109.246.54.46 - - [01/Oct/2011:19:23:47 +0100] "GET /wp-content/uploads/2011/08/napierarchery_logo.png HTTP/1.1" 200 21713 "http://www.napierarchery.org.uk/" "Mozilla/4.0 (compatible; MSIE 6.0; Windows NT 5.1; SV1)"
109.246.54.46 - - [01/Oct/2011:19:23:47 +0100] "GET /wp-content/themes/suffusion/images/search-button-red.gif HTTP/1.1" 200 609 "http://www.napierarchery.org.uk/" "Mozilla/4.0 (compatible; MSIE 6.0; Windows NT 5.1; SV1)"
109.246.54.46 - - [01/Oct/2011:19:23:47 +0100] "GET /wp-content/themes/suffusion/images/icons/bulletred.png HTTP/1.1" 200 370 "http://www.napierarchery.org.uk/" "Mozilla/4.0 (compatible; MSIE 6.0; Windows NT 5.1; SV1)"
109.246.54.46 - - [01/Oct/2011:19:23:47 +0100] "GET /wp-content/themes/suffusion/images/iconset-0.png HTTP/1.1" 200 12891 "http://www.napierarchery.org.uk/" "Mozilla/4.0 (compatible; MSIE 6.0; Windows NT 5.1; SV1)"
109.246.54.46 - - [01/Oct/2011:19:23:47 +0100] "GET /wp-content/themes/suffusion/images/calred.png HTTP/1.1" 200 2155 "http://www.napierarchery.org.uk/" "Mozilla/4.0 (compatible; MSIE 6.0; Windows NT 5.1; SV1)"
109.246.54.46 - - [01/Oct/2011:19:23:47 +0100] "GET /wp-content/themes/suffusion/images/icons/bulletred.png HTTP/1.1" 304 - "-" "Mozilla/4.0 (compatible; MSIE 6.0; Windows NT 5.1; SV1)"
109.246.54.46 - - [01/Oct/2011:19:23:47 +0100] "GET /wp-content/themes/suffusion/images/calred.png HTTP/1.1" 304 - "-" "Mozilla/4.0 (compatible; MSIE 6.0; Windows NT 5.1; SV1)"
109.246.54.46 - - [01/Oct/2011:19:23:47 +0100] "GET /wp-content/uploads/2011/08/napierarchery_logo.png HTTP/1.1" 304 - "-" "Mozilla/4.0 (compatible; MSIE 6.0; Windows NT 5.1; SV1)"
109.246.54.46 - - [01/Oct/2011:19:23:48 +0100] "GET /wp-content/themes/suffusion/images/bg-red.png HTTP/1.1" 200 338 "http://www.napierarchery.org.uk/" "Mozilla/4.0 (compatible; MSIE 6.0; Windows NT 5.1; SV1)"
95.108.158.236 - - [01/Oct/2011:19:24:55 +0100] "GET /robots.txt HTTP/1.1" 200 24 "-" "Mozilla/5.0 (compatible; YandexImages/3.0; +http://yandex.com/bots)"
94.168.185.129 - - [01/Oct/2011:19:26:09 +0100] "GET / HTTP/1.1" 200 33422 "-" "Mozilla/4.0 (compatible; MSIE 8.0; Windows NT 6.1; Trident/4.0; SLCC2; .NET CLR 2.0.50727; .NET CLR 3.5.30729; .NET CLR 3.0.30729; Media Center PC 6.0)"
94.168.185.129 - - [01/Oct/2011:19:26:09 +0100] "GET /wp-content/themes/suffusion/skins/light-theme-red/skin.css?ver=3.8.3 HTTP/1.1" 200 10167 "http://www.napierarchery.org.uk/" "Mozilla/4.0 (compatible; MSIE 8.0; Windows NT 6.1; Trident/4.0; SLCC2; .NET CLR 2.0.50727; .NET CLR 3.5.30729; .NET CLR 3.0.30729; Media Center PC 6.0)"
94.168.185.129 - - [01/Oct/2011:19:26:09 +0100] "GET /wp-content/themes/suffusion/style.css?ver=3.8.3 HTTP/1.1" 200 63146 "http://www.napierarchery.org.uk/" "Mozilla/4.0 (compatible; MSIE 8.0; Windows NT 6.1; Trident/4.0; SLCC2; .NET CLR 2.0.50727; .NET CLR 3.5.30729; .NET CLR 3.0.30729; Media Center PC 6.0)"
94.168.185.129 - - [01/Oct/2011:19:26:09 +0100] "GET /wp-includes/js/l10n.js?ver=20101110 HTTP/1.1" 200 308 "http://www.napierarchery.org.uk/" "Mozilla/4.0 (compatible; MSIE 8.0; Windows NT 6.1; Trident/4.0; SLCC2; .NET CLR 2.0.50727; .NET CLR 3.5.30729; .NET CLR 3.0.30729; Media Center PC 6.0)"
94.168.185.129 - - [01/Oct/2011:19:26:09 +0100] "GET /wp-content/themes/suffusion/scripts/suffusion.js?ver=3.8.3 HTTP/1.1" 200 16294 "http://www.napierarchery.org.uk/" "Mozilla/4.0 (compatible; MSIE 8.0; Windows NT 6.1; Trident/4.0; SLCC2; .NET CLR 2.0.50727; .NET CLR 3.5.30729; .NET CLR 3.0.30729; Media Center PC 6.0)"
94.168.185.129 - - [01/Oct/2011:19:26:09 +0100] "GET /?ver=3.8.3&suffusion-css=css HTTP/1.1" 200 26308 "http://www.napierarchery.org.uk/" "Mozilla/4.0 (compatible; MSIE 8.0; Windows NT 6.1; Trident/4.0; SLCC2; .NET CLR 2.0.50727; .NET CLR 3.5.30729; .NET CLR 3.0.30729; Media Center PC 6.0)"
94.168.185.129 - - [01/Oct/2011:19:26:09 +0100] "GET /wp-includes/js/jquery/jquery.js?ver=1.6.1 HTTP/1.1" 200 91363 "http://www.napierarchery.org.uk/" "Mozilla/4.0 (compatible; MSIE 8.0; Windows NT 6.1; Trident/4.0; SLCC2; .NET CLR 2.0.50727; .NET CLR 3.5.30729; .NET CLR 3.0.30729; Media Center PC 6.0)"
